2026-08-14 14:03:22,858 INFO Skipped non-substantive snapshot (no date/matchup pairs): timestamp=2026-05-14T01:00:00 source_url=https://ak-static.cms.nba.com/referee/injury/Injury-Report_2026-05-14_01_00AM.pdf
2026-08-14 14:03:22,870 INFO Skipped non-substantive snapshot (no date/matchup pairs): timestamp=2026-05-14T13:00:00 source_url=https://ak-static.cms.nba.com/referee/injury/Injury-Report_2026-05-14_01_00PM.pdf
2026-08-14 14:03:22,880 INFO Skipped non-substantive snapshot (no date/matchup pairs): timestamp=2026-05-14T01:15:00 source_url=https://ak-static.cms.nba.com/referee/injury/Injury-Report_2026-05-14_01_15AM.pdf
2026-08-14 14:03:22,891 INFO Skipped non-substantive snapshot (no date/matchup pairs): timestamp=2026-05-14T13:15:00 source_url=https://ak-static.cms.nba.com/referee/injury/Injury-Report_2026-05-14_01_15PM.pdf
2026-08-14 14:03:22,899 INFO Skipped non-substantive snapshot (no date/matchup pairs): timestamp=2026-05-14T02:00:00 source_url=https://ak-static.cms.nba.com/referee/injury/Injury-Report_2026-05-14_02_00AM.pdf
2026-08-14 14:03:22,907 INFO Skipped non-substantive snapshot (no date/matchup pairs): timestamp=2026-05-14T14:00:00 source_url=https://ak-static.cms.nba.com/referee/injury/Injury-Report_2026-05-14_02_00PM.pdf
2026-08-14 14:03:22,915 INFO Skipped non-substantive snapshot (no date/matchup pairs): timestamp=2026-05-14T02:15:00 source_url=https://ak-static.cms.nba.com/referee/injury/Injury-Report_2026-05-14_02_15AM.pdf
2026-08-14 14:03:22,922 INFO Skipped non-substantive snapshot (no date/matchup pairs): timestamp=2026-05-14T14:15:00 source_url=https://ak-static.cms.nba.com/referee/injury/Injury-Report_2026-05-14_02_15PM.pdf
2026-08-14 14:03:22,929 INFO Skipped non-substantive snapshot (no date/matchup pairs): timestamp=2026-05-14T03:00:00 source_url=https://ak-static.cms.nba.com/referee/injury/Injury-Report_2026-05-14_03_00AM.pdf
2026-08-14 14:03:22,937 INFO Skipped non-substantive snapshot (no date/matchup pairs): timestamp=2026-05-14T15:00:00 source_url=https://ak-static.cms.nba.com/referee/injury/Injury-Report_2026-05-14_03_00PM.pdf
2026-08-14 14:03:22,947 INFO Skipped non-substantive snapshot (no date/matchup pairs): timestamp=2026-05-14T03:15:00 source_url=https://ak-static.cms.nba.com/referee/injury/Injury-Report_2026-05-14_03_15AM.pdf
2026-08-14 14:03:22,954 INFO Skipped non-substantive snapshot (no date/matchup pairs): timestamp=2026-05-14T15:15:00 source_url=https://ak-static.cms.nba.com/referee/injury/Injury-Report_2026-05-14_03_15PM.pdf
2026-08-14 14:03:22,961 INFO Skipped non-substantive snapshot (no date/matchup pairs): timestamp=2026-05-14T04:00:00 source_url=https://ak-static.cms.nba.com/referee/injury/Injury-Report_2026-05-14_04_00AM.pdf
2026-08-14 14:03:22,976 INFO Skipped non-substantive snapshot (no date/matchup pairs): timestamp=2026-05-14T04:15:00 source_url=https://ak-static.cms.nba.com/referee/injury/Injury-Report_2026-05-14_04_15AM.pdf
2026-08-14 14:03:22,990 INFO Skipped non-substantive snapshot (no date/matchup pairs): timestamp=2026-05-14T05:00:00 source_url=https://ak-static.cms.nba.com/referee/injury/Injury-Report_2026-05-14_05_00AM.pdf
2026-08-14 14:03:23,005 INFO Skipped non-substantive snapshot (no date/matchup pairs): timestamp=2026-05-14T05:15:00 source_url=https://ak-static.cms.nba.com/referee/injury/Injury-Report_2026-05-14_05_15AM.pdf
2026-08-14 14:03:23,022 INFO Skipped non-substantive snapshot (no date/matchup pairs): timestamp=2026-05-14T06:00:00 source_url=https://ak-static.cms.nba.com/referee/injury/Injury-Report_2026-05-14_06_00AM.pdf
2026-08-14 14:03:23,040 INFO Skipped non-substantive snapshot (no date/matchup pairs): timestamp=2026-05-14T06:15:00 source_url=https://ak-static.cms.nba.com/referee/injury/Injury-Report_2026-05-14_06_15AM.pdf
2026-08-14 14:03:23,056 INFO Skipped non-substantive snapshot (no date/matchup pairs): timestamp=2026-05-14T07:00:00 source_url=https://ak-static.cms.nba.com/referee/injury/Injury-Report_2026-05-14_07_00AM.pdf
2026-08-14 14:03:23,073 INFO Skipped non-substantive snapshot (no date/matchup pairs): timestamp=2026-05-14T07:15:00 source_url=https://ak-static.cms.nba.com/referee/injury/Injury-Report_2026-05-14_07_15AM.pdf
2026-08-14 14:03:23,089 INFO Skipped non-substantive snapshot (no date/matchup pairs): timestamp=2026-05-14T08:00:00 source_url=https://ak-static.cms.nba.com/referee/injury/Injury-Report_2026-05-14_08_00AM.pdf
2026-08-14 14:03:23,105 INFO Skipped non-substantive snapshot (no date/matchup pairs): timestamp=2026-05-14T08:15:00 source_url=https://ak-static.cms.nba.com/referee/injury/Injury-Report_2026-05-14_08_15AM.pdf
2026-08-14 14:03:23,121 INFO Skipped non-substantive snapshot (no date/matchup pairs): timestamp=2026-05-14T09:00:00 source_url=https://ak-static.cms.nba.com/referee/injury/Injury-Report_2026-05-14_09_00AM.pdf
2026-08-14 14:03:23,139 INFO Skipped non-substantive snapshot (no date/matchup pairs): timestamp=2026-05-14T09:15:00 source_url=https://ak-static.cms.nba.com/referee/injury/Injury-Report_2026-05-14_09_15AM.pdf
2026-08-14 14:03:23,155 INFO Skipped non-substantive snapshot (no date/matchup pairs): timestamp=2026-05-14T10:00:00 source_url=https://ak-static.cms.nba.com/referee/injury/Injury-Report_2026-05-14_10_00AM.pdf
2026-08-14 14:03:23,171 INFO Skipped non-substantive snapshot (no date/matchup pairs): timestamp=2026-05-14T10:15:00 source_url=https://ak-static.cms.nba.com/referee/injury/Injury-Report_2026-05-14_10_15AM.pdf
2026-08-14 14:03:23,187 INFO Skipped non-substantive snapshot (no date/matchup pairs): timestamp=2026-05-14T11:00:00 source_url=https://ak-static.cms.nba.com/referee/injury/Injury-Report_2026-05-14_11_00AM.pdf
2026-08-14 14:03:23,207 INFO Skipped non-substantive snapshot (no date/matchup pairs): timestamp=2026-05-14T11:15:00 source_url=https://ak-static.cms.nba.com/referee/injury/Injury-Report_2026-05-14_11_15AM.pdf
2026-08-14 14:03:23,223 INFO Skipped non-substantive snapshot (no date/matchup pairs): timestamp=2026-05-14T00:00:00 source_url=https://ak-static.cms.nba.com/referee/injury/Injury-Report_2026-05-14_12_00AM.pdf
2026-08-14 14:03:23,230 INFO Skipped non-substantive snapshot (no date/matchup pairs): timestamp=2026-05-14T12:00:00 source_url=https://ak-static.cms.nba.com/referee/injury/Injury-Report_2026-05-14_12_00PM.pdf
2026-08-14 14:03:23,237 INFO Skipped non-substantive snapshot (no date/matchup pairs): timestamp=2026-05-14T00:15:00 source_url=https://ak-static.cms.nba.com/referee/injury/Injury-Report_2026-05-14_12_15AM.pdf
2026-08-14 14:03:23,244 INFO Skipped non-substantive snapshot (no date/matchup pairs): timestamp=2026-05-14T12:15:00 source_url=https://ak-static.cms.nba.com/referee/injury/Injury-Report_2026-05-14_12_15PM.pdf
2026-08-14 14:03:23,244 INFO Direct NBA day 1/18: 2026-05-14, 48 discovered -> 1 selected
2026-08-14 14:04:26,958 INFO Direct NBA day 2/18: 2026-05-15, 48 discovered -> 1 selected
2026-08-14 14:04:27,546 INFO NBA backfill checkpoint processed=1/1 parsed=1 missing=0 http_failed=0 invalid_pdf=0 parse_failed=0
2026-08-14 14:05:30,894 INFO Skipped non-substantive snapshot (no date/matchup pairs): timestamp=2026-05-16T01:00:00 source_url=https://ak-static.cms.nba.com/referee/injury/Injury-Report_2026-05-16_01_00AM.pdf
2026-08-14 14:05:30,904 INFO Skipped non-substantive snapshot (no date/matchup pairs): timestamp=2026-05-16T13:00:00 source_url=https://ak-static.cms.nba.com/referee/injury/Injury-Report_2026-05-16_01_00PM.pdf
2026-08-14 14:05:30,913 INFO Skipped non-substantive snapshot (no date/matchup pairs): timestamp=2026-05-16T01:15:00 source_url=https://ak-static.cms.nba.com/referee/injury/Injury-Report_2026-05-16_01_15AM.pdf
2026-08-14 14:05:30,922 INFO Skipped non-substantive snapshot (no date/matchup pairs): timestamp=2026-05-16T13:15:00 source_url=https://ak-static.cms.nba.com/referee/injury/Injury-Report_2026-05-16_01_15PM.pdf
2026-08-14 14:05:30,929 INFO Skipped non-substantive snapshot (no date/matchup pairs): timestamp=2026-05-16T02:00:00 source_url=https://ak-static.cms.nba.com/referee/injury/Injury-Report_2026-05-16_02_00AM.pdf
2026-08-14 14:05:30,937 INFO Skipped non-substantive snapshot (no date/matchup pairs): timestamp=2026-05-16T14:00:00 source_url=https://ak-static.cms.nba.com/referee/injury/Injury-Report_2026-05-16_02_00PM.pdf
2026-08-14 14:05:30,943 INFO Skipped non-substantive snapshot (no date/matchup pairs): timestamp=2026-05-16T02:15:00 source_url=https://ak-static.cms.nba.com/referee/injury/Injury-Report_2026-05-16_02_15AM.pdf
2026-08-14 14:05:30,949 INFO Skipped non-substantive snapshot (no date/matchup pairs): timestamp=2026-05-16T14:15:00 source_url=https://ak-static.cms.nba.com/referee/injury/Injury-Report_2026-05-16_02_15PM.pdf
2026-08-14 14:05:30,955 INFO Skipped non-substantive snapshot (no date/matchup pairs): timestamp=2026-05-16T03:00:00 source_url=https://ak-static.cms.nba.com/referee/injury/Injury-Report_2026-05-16_03_00AM.pdf
2026-08-14 14:05:30,960 INFO Skipped non-substantive snapshot (no date/matchup pairs): timestamp=2026-05-16T15:00:00 source_url=https://ak-static.cms.nba.com/referee/injury/Injury-Report_2026-05-16_03_00PM.pdf
2026-08-14 14:05:30,965 INFO Skipped non-substantive snapshot (no date/matchup pairs): timestamp=2026-05-16T03:15:00 source_url=https://ak-static.cms.nba.com/referee/injury/Injury-Report_2026-05-16_03_15AM.pdf
2026-08-14 14:05:30,975 INFO Skipped non-substantive snapshot (no date/matchup pairs): timestamp=2026-05-16T15:15:00 source_url=https://ak-static.cms.nba.com/referee/injury/Injury-Report_2026-05-16_03_15PM.pdf
2026-08-14 14:05:30,980 INFO Skipped non-substantive snapshot (no date/matchup pairs): timestamp=2026-05-16T04:00:00 source_url=https://ak-static.cms.nba.com/referee/injury/Injury-Report_2026-05-16_04_00AM.pdf
2026-08-14 14:05:30,986 INFO Skipped non-substantive snapshot (no date/matchup pairs): timestamp=2026-05-16T16:00:00 source_url=https://ak-static.cms.nba.com/referee/injury/Injury-Report_2026-05-16_04_00PM.pdf
2026-08-14 14:05:30,992 INFO Skipped non-substantive snapshot (no date/matchup pairs): timestamp=2026-05-16T04:15:00 source_url=https://ak-static.cms.nba.com/referee/injury/Injury-Report_2026-05-16_04_15AM.pdf
2026-08-14 14:05:30,997 INFO Skipped non-substantive snapshot (no date/matchup pairs): timestamp=2026-05-16T16:15:00 source_url=https://ak-static.cms.nba.com/referee/injury/Injury-Report_2026-05-16_04_15PM.pdf
2026-08-14 14:05:31,003 INFO Skipped non-substantive snapshot (no date/matchup pairs): timestamp=2026-05-16T05:00:00 source_url=https://ak-static.cms.nba.com/referee/injury/Injury-Report_2026-05-16_05_00AM.pdf
2026-08-14 14:05:31,017 INFO Skipped non-substantive snapshot (no date/matchup pairs): timestamp=2026-05-16T05:15:00 source_url=https://ak-static.cms.nba.com/referee/injury/Injury-Report_2026-05-16_05_15AM.pdf
2026-08-14 14:05:31,032 INFO Skipped non-substantive snapshot (no date/matchup pairs): timestamp=2026-05-16T06:00:00 source_url=https://ak-static.cms.nba.com/referee/injury/Injury-Report_2026-05-16_06_00AM.pdf
2026-08-14 14:05:31,046 INFO Skipped non-substantive snapshot (no date/matchup pairs): timestamp=2026-05-16T06:15:00 source_url=https://ak-static.cms.nba.com/referee/injury/Injury-Report_2026-05-16_06_15AM.pdf
2026-08-14 14:05:31,060 INFO Skipped non-substantive snapshot (no date/matchup pairs): timestamp=2026-05-16T07:00:00 source_url=https://ak-static.cms.nba.com/referee/injury/Injury-Report_2026-05-16_07_00AM.pdf
2026-08-14 14:05:31,077 INFO Skipped non-substantive snapshot (no date/matchup pairs): timestamp=2026-05-16T07:15:00 source_url=https://ak-static.cms.nba.com/referee/injury/Injury-Report_2026-05-16_07_15AM.pdf
2026-08-14 14:05:31,091 INFO Skipped non-substantive snapshot (no date/matchup pairs): timestamp=2026-05-16T08:00:00 source_url=https://ak-static.cms.nba.com/referee/injury/Injury-Report_2026-05-16_08_00AM.pdf
2026-08-14 14:05:31,105 INFO Skipped non-substantive snapshot (no date/matchup pairs): timestamp=2026-05-16T08:15:00 source_url=https://ak-static.cms.nba.com/referee/injury/Injury-Report_2026-05-16_08_15AM.pdf
2026-08-14 14:05:31,119 INFO Skipped non-substantive snapshot (no date/matchup pairs): timestamp=2026-05-16T09:00:00 source_url=https://ak-static.cms.nba.com/referee/injury/Injury-Report_2026-05-16_09_00AM.pdf
2026-08-14 14:05:31,133 INFO Skipped non-substantive snapshot (no date/matchup pairs): timestamp=2026-05-16T09:15:00 source_url=https://ak-static.cms.nba.com/referee/injury/Injury-Report_2026-05-16_09_15AM.pdf
2026-08-14 14:05:31,147 INFO Skipped non-substantive snapshot (no date/matchup pairs): timestamp=2026-05-16T10:00:00 source_url=https://ak-static.cms.nba.com/referee/injury/Injury-Report_2026-05-16_10_00AM.pdf
2026-08-14 14:05:31,161 INFO Skipped non-substantive snapshot (no date/matchup pairs): timestamp=2026-05-16T10:15:00 source_url=https://ak-static.cms.nba.com/referee/injury/Injury-Report_2026-05-16_10_15AM.pdf
2026-08-14 14:05:31,177 INFO Skipped non-substantive snapshot (no date/matchup pairs): timestamp=2026-05-16T11:00:00 source_url=https://ak-static.cms.nba.com/referee/injury/Injury-Report_2026-05-16_11_00AM.pdf
2026-08-14 14:05:31,191 INFO Skipped non-substantive snapshot (no date/matchup pairs): timestamp=2026-05-16T11:15:00 source_url=https://ak-static.cms.nba.com/referee/injury/Injury-Report_2026-05-16_11_15AM.pdf
2026-08-14 14:05:31,207 INFO Skipped non-substantive snapshot (no date/matchup pairs): timestamp=2026-05-16T00:00:00 source_url=https://ak-static.cms.nba.com/referee/injury/Injury-Report_2026-05-16_12_00AM.pdf
2026-08-14 14:05:31,212 INFO Skipped non-substantive snapshot (no date/matchup pairs): timestamp=2026-05-16T12:00:00 source_url=https://ak-static.cms.nba.com/referee/injury/Injury-Report_2026-05-16_12_00PM.pdf
2026-08-14 14:05:31,219 INFO Skipped non-substantive snapshot (no date/matchup pairs): timestamp=2026-05-16T00:15:00 source_url=https://ak-static.cms.nba.com/referee/injury/Injury-Report_2026-05-16_12_15AM.pdf
2026-08-14 14:05:31,224 INFO Skipped non-substantive snapshot (no date/matchup pairs): timestamp=2026-05-16T12:15:00 source_url=https://ak-static.cms.nba.com/referee/injury/Injury-Report_2026-05-16_12_15PM.pdf
2026-08-14 14:05:31,225 INFO Direct NBA day 3/18: 2026-05-16, 48 discovered -> 1 selected
2026-08-14 14:05:31,996 INFO NBA backfill checkpoint processed=1/1 parsed=1 missing=0 http_failed=0 invalid_pdf=0 parse_failed=0
2026-08-14 14:06:36,773 INFO Direct NBA day 4/18: 2026-05-17, 48 discovered -> 1 selected
2026-08-14 14:06:37,355 INFO NBA backfill checkpoint processed=1/1 parsed=1 missing=0 http_failed=0 invalid_pdf=0 parse_failed=0
2026-08-14 14:07:40,831 INFO Direct NBA day 5/18: 2026-05-18, 48 discovered -> 1 selected
2026-08-14 14:07:41,438 INFO NBA backfill checkpoint processed=1/1 parsed=1 missing=0 http_failed=0 invalid_pdf=0 parse_failed=0
2026-08-14 14:08:45,649 INFO Direct NBA day 6/18: 2026-05-19, 48 discovered -> 1 selected
2026-08-14 14:08:46,300 INFO NBA backfill checkpoint processed=1/1 parsed=1 missing=0 http_failed=0 invalid_pdf=0 parse_failed=0
2026-08-14 14:09:49,454 INFO Direct NBA day 7/18: 2026-05-20, 48 discovered -> 1 selected
2026-08-14 14:09:50,183 INFO NBA backfill checkpoint processed=1/1 parsed=1 missing=0 http_failed=0 invalid_pdf=0 parse_failed=0
2026-08-14 14:10:52,942 INFO Skipped non-substantive snapshot (no date/matchup pairs): timestamp=2026-05-21T01:00:00 source_url=https://ak-static.cms.nba.com/referee/injury/Injury-Report_2026-05-21_01_00AM.pdf
2026-08-14 14:10:52,951 INFO Skipped non-substantive snapshot (no date/matchup pairs): timestamp=2026-05-21T13:00:00 source_url=https://ak-static.cms.nba.com/referee/injury/Injury-Report_2026-05-21_01_00PM.pdf
2026-08-14 14:10:52,959 INFO Skipped non-substantive snapshot (no date/matchup pairs): timestamp=2026-05-21T01:15:00 source_url=https://ak-static.cms.nba.com/referee/injury/Injury-Report_2026-05-21_01_15AM.pdf
2026-08-14 14:10:52,967 INFO Skipped non-substantive snapshot (no date/matchup pairs): timestamp=2026-05-21T13:15:00 source_url=https://ak-static.cms.nba.com/referee/injury/Injury-Report_2026-05-21_01_15PM.pdf
2026-08-14 14:10:52,976 INFO Skipped non-substantive snapshot (no date/matchup pairs): timestamp=2026-05-21T02:00:00 source_url=https://ak-static.cms.nba.com/referee/injury/Injury-Report_2026-05-21_02_00AM.pdf
2026-08-14 14:10:52,983 INFO Skipped non-substantive snapshot (no date/matchup pairs): timestamp=2026-05-21T14:00:00 source_url=https://ak-static.cms.nba.com/referee/injury/Injury-Report_2026-05-21_02_00PM.pdf
2026-08-14 14:10:52,990 INFO Skipped non-substantive snapshot (no date/matchup pairs): timestamp=2026-05-21T02:15:00 source_url=https://ak-static.cms.nba.com/referee/injury/Injury-Report_2026-05-21_02_15AM.pdf
2026-08-14 14:10:53,001 INFO Skipped non-substantive snapshot (no date/matchup pairs): timestamp=2026-05-21T14:15:00 source_url=https://ak-static.cms.nba.com/referee/injury/Injury-Report_2026-05-21_02_15PM.pdf
2026-08-14 14:10:53,006 INFO Skipped non-substantive snapshot (no date/matchup pairs): timestamp=2026-05-21T03:00:00 source_url=https://ak-static.cms.nba.com/referee/injury/Injury-Report_2026-05-21_03_00AM.pdf
2026-08-14 14:10:53,011 INFO Skipped non-substantive snapshot (no date/matchup pairs): timestamp=2026-05-21T15:00:00 source_url=https://ak-static.cms.nba.com/referee/injury/Injury-Report_2026-05-21_03_00PM.pdf
2026-08-14 14:10:53,017 INFO Skipped non-substantive snapshot (no date/matchup pairs): timestamp=2026-05-21T03:15:00 source_url=https://ak-static.cms.nba.com/referee/injury/Injury-Report_2026-05-21_03_15AM.pdf
2026-08-14 14:10:53,022 INFO Skipped non-substantive snapshot (no date/matchup pairs): timestamp=2026-05-21T15:15:00 source_url=https://ak-static.cms.nba.com/referee/injury/Injury-Report_2026-05-21_03_15PM.pdf
2026-08-14 14:10:53,028 INFO Skipped non-substantive snapshot (no date/matchup pairs): timestamp=2026-05-21T04:00:00 source_url=https://ak-static.cms.nba.com/referee/injury/Injury-Report_2026-05-21_04_00AM.pdf
2026-08-14 14:10:53,034 INFO Skipped non-substantive snapshot (no date/matchup pairs): timestamp=2026-05-21T16:00:00 source_url=https://ak-static.cms.nba.com/referee/injury/Injury-Report_2026-05-21_04_00PM.pdf
2026-08-14 14:10:53,040 INFO Skipped non-substantive snapshot (no date/matchup pairs): timestamp=2026-05-21T04:15:00 source_url=https://ak-static.cms.nba.com/referee/injury/Injury-Report_2026-05-21_04_15AM.pdf
2026-08-14 14:10:53,045 INFO Skipped non-substantive snapshot (no date/matchup pairs): timestamp=2026-05-21T16:15:00 source_url=https://ak-static.cms.nba.com/referee/injury/Injury-Report_2026-05-21_04_15PM.pdf
2026-08-14 14:10:53,051 INFO Skipped non-substantive snapshot (no date/matchup pairs): timestamp=2026-05-21T05:00:00 source_url=https://ak-static.cms.nba.com/referee/injury/Injury-Report_2026-05-21_05_00AM.pdf
2026-08-14 14:10:53,056 INFO Skipped non-substantive snapshot (no date/matchup pairs): timestamp=2026-05-21T17:00:00 source_url=https://ak-static.cms.nba.com/referee/injury/Injury-Report_2026-05-21_05_00PM.pdf
2026-08-14 14:10:53,062 INFO Skipped non-substantive snapshot (no date/matchup pairs): timestamp=2026-05-21T05:15:00 source_url=https://ak-static.cms.nba.com/referee/injury/Injury-Report_2026-05-21_05_15AM.pdf
2026-08-14 14:10:53,068 INFO Skipped non-substantive snapshot (no date/matchup pairs): timestamp=2026-05-21T17:15:00 source_url=https://ak-static.cms.nba.com/referee/injury/Injury-Report_2026-05-21_05_15PM.pdf
2026-08-14 14:10:53,073 INFO Skipped non-substantive snapshot (no date/matchup pairs): timestamp=2026-05-21T06:00:00 source_url=https://ak-static.cms.nba.com/referee/injury/Injury-Report_2026-05-21_06_00AM.pdf
2026-08-14 14:10:53,086 INFO Skipped non-substantive snapshot (no date/matchup pairs): timestamp=2026-05-21T06:15:00 source_url=https://ak-static.cms.nba.com/referee/injury/Injury-Report_2026-05-21_06_15AM.pdf
2026-08-14 14:10:53,100 INFO Skipped non-substantive snapshot (no date/matchup pairs): timestamp=2026-05-21T07:00:00 source_url=https://ak-static.cms.nba.com/referee/injury/Injury-Report_2026-05-21_07_00AM.pdf
2026-08-14 14:10:53,118 INFO Skipped non-substantive snapshot (no date/matchup pairs): timestamp=2026-05-21T07:15:00 source_url=https://ak-static.cms.nba.com/referee/injury/Injury-Report_2026-05-21_07_15AM.pdf
2026-08-14 14:10:53,132 INFO Skipped non-substantive snapshot (no date/matchup pairs): timestamp=2026-05-21T08:00:00 source_url=https://ak-static.cms.nba.com/referee/injury/Injury-Report_2026-05-21_08_00AM.pdf
2026-08-14 14:10:53,146 INFO Skipped non-substantive snapshot (no date/matchup pairs): timestamp=2026-05-21T08:15:00 source_url=https://ak-static.cms.nba.com/referee/injury/Injury-Report_2026-05-21_08_15AM.pdf
2026-08-14 14:10:53,160 INFO Skipped non-substantive snapshot (no date/matchup pairs): timestamp=2026-05-21T09:00:00 source_url=https://ak-static.cms.nba.com/referee/injury/Injury-Report_2026-05-21_09_00AM.pdf
2026-08-14 14:10:53,174 INFO Skipped non-substantive snapshot (no date/matchup pairs): timestamp=2026-05-21T09:15:00 source_url=https://ak-static.cms.nba.com/referee/injury/Injury-Report_2026-05-21_09_15AM.pdf
2026-08-14 14:10:53,189 INFO Skipped non-substantive snapshot (no date/matchup pairs): timestamp=2026-05-21T10:00:00 source_url=https://ak-static.cms.nba.com/referee/injury/Injury-Report_2026-05-21_10_00AM.pdf
2026-08-14 14:10:53,206 INFO Skipped non-substantive snapshot (no date/matchup pairs): timestamp=2026-05-21T10:15:00 source_url=https://ak-static.cms.nba.com/referee/injury/Injury-Report_2026-05-21_10_15AM.pdf
2026-08-14 14:10:53,220 INFO Skipped non-substantive snapshot (no date/matchup pairs): timestamp=2026-05-21T11:00:00 source_url=https://ak-static.cms.nba.com/referee/injury/Injury-Report_2026-05-21_11_00AM.pdf
2026-08-14 14:10:53,234 INFO Skipped non-substantive snapshot (no date/matchup pairs): timestamp=2026-05-21T11:15:00 source_url=https://ak-static.cms.nba.com/referee/injury/Injury-Report_2026-05-21_11_15AM.pdf
2026-08-14 14:10:53,248 INFO Skipped non-substantive snapshot (no date/matchup pairs): timestamp=2026-05-21T00:00:00 source_url=https://ak-static.cms.nba.com/referee/injury/Injury-Report_2026-05-21_12_00AM.pdf
2026-08-14 14:10:53,253 INFO Skipped non-substantive snapshot (no date/matchup pairs): timestamp=2026-05-21T12:00:00 source_url=https://ak-static.cms.nba.com/referee/injury/Injury-Report_2026-05-21_12_00PM.pdf
2026-08-14 14:10:53,259 INFO Skipped non-substantive snapshot (no date/matchup pairs): timestamp=2026-05-21T00:15:00 source_url=https://ak-static.cms.nba.com/referee/injury/Injury-Report_2026-05-21_12_15AM.pdf
2026-08-14 14:10:53,264 INFO Skipped non-substantive snapshot (no date/matchup pairs): timestamp=2026-05-21T12:15:00 source_url=https://ak-static.cms.nba.com/referee/injury/Injury-Report_2026-05-21_12_15PM.pdf
2026-08-14 14:10:53,264 INFO Direct NBA day 8/18: 2026-05-21, 48 discovered -> 1 selected
2026-08-14 14:10:54,054 INFO NBA backfill checkpoint processed=1/1 parsed=1 missing=0 http_failed=0 invalid_pdf=0 parse_failed=0
2026-08-14 14:11:57,616 INFO Direct NBA day 9/18: 2026-05-22, 48 discovered -> 1 selected
2026-08-14 14:11:58,192 INFO NBA backfill checkpoint processed=1/1 parsed=1 missing=0 http_failed=0 invalid_pdf=0 parse_failed=0
2026-08-14 14:13:01,455 INFO Skipped non-substantive snapshot (no date/matchup pairs): timestamp=2026-05-23T01:00:00 source_url=https://ak-static.cms.nba.com/referee/injury/Injury-Report_2026-05-23_01_00AM.pdf
2026-08-14 14:13:01,464 INFO Skipped non-substantive snapshot (no date/matchup pairs): timestamp=2026-05-23T13:00:00 source_url=https://ak-static.cms.nba.com/referee/injury/Injury-Report_2026-05-23_01_00PM.pdf
2026-08-14 14:13:01,472 INFO Skipped non-substantive snapshot (no date/matchup pairs): timestamp=2026-05-23T01:15:00 source_url=https://ak-static.cms.nba.com/referee/injury/Injury-Report_2026-05-23_01_15AM.pdf
2026-08-14 14:13:01,481 INFO Skipped non-substantive snapshot (no date/matchup pairs): timestamp=2026-05-23T13:15:00 source_url=https://ak-static.cms.nba.com/referee/injury/Injury-Report_2026-05-23_01_15PM.pdf
2026-08-14 14:13:01,488 INFO Skipped non-substantive snapshot (no date/matchup pairs): timestamp=2026-05-23T02:00:00 source_url=https://ak-static.cms.nba.com/referee/injury/Injury-Report_2026-05-23_02_00AM.pdf
2026-08-14 14:13:01,495 INFO Skipped non-substantive snapshot (no date/matchup pairs): timestamp=2026-05-23T14:00:00 source_url=https://ak-static.cms.nba.com/referee/injury/Injury-Report_2026-05-23_02_00PM.pdf
2026-08-14 14:13:01,501 INFO Skipped non-substantive snapshot (no date/matchup pairs): timestamp=2026-05-23T02:15:00 source_url=https://ak-static.cms.nba.com/referee/injury/Injury-Report_2026-05-23_02_15AM.pdf
2026-08-14 14:13:01,506 INFO Skipped non-substantive snapshot (no date/matchup pairs): timestamp=2026-05-23T14:15:00 source_url=https://ak-static.cms.nba.com/referee/injury/Injury-Report_2026-05-23_02_15PM.pdf
2026-08-14 14:13:01,512 INFO Skipped non-substantive snapshot (no date/matchup pairs): timestamp=2026-05-23T03:00:00 source_url=https://ak-static.cms.nba.com/referee/injury/Injury-Report_2026-05-23_03_00AM.pdf
2026-08-14 14:13:01,518 INFO Skipped non-substantive snapshot (no date/matchup pairs): timestamp=2026-05-23T15:00:00 source_url=https://ak-static.cms.nba.com/referee/injury/Injury-Report_2026-05-23_03_00PM.pdf
2026-08-14 14:13:01,524 INFO Skipped non-substantive snapshot (no date/matchup pairs): timestamp=2026-05-23T03:15:00 source_url=https://ak-static.cms.nba.com/referee/injury/Injury-Report_2026-05-23_03_15AM.pdf
2026-08-14 14:13:01,529 INFO Skipped non-substantive snapshot (no date/matchup pairs): timestamp=2026-05-23T15:15:00 source_url=https://ak-static.cms.nba.com/referee/injury/Injury-Report_2026-05-23_03_15PM.pdf
2026-08-14 14:13:01,535 INFO Skipped non-substantive snapshot (no date/matchup pairs): timestamp=2026-05-23T04:00:00 source_url=https://ak-static.cms.nba.com/referee/injury/Injury-Report_2026-05-23_04_00AM.pdf
2026-08-14 14:13:01,540 INFO Skipped non-substantive snapshot (no date/matchup pairs): timestamp=2026-05-23T16:00:00 source_url=https://ak-static.cms.nba.com/referee/injury/Injury-Report_2026-05-23_04_00PM.pdf
2026-08-14 14:13:01,546 INFO Skipped non-substantive snapshot (no date/matchup pairs): timestamp=2026-05-23T04:15:00 source_url=https://ak-static.cms.nba.com/referee/injury/Injury-Report_2026-05-23_04_15AM.pdf
2026-08-14 14:13:01,552 INFO Skipped non-substantive snapshot (no date/matchup pairs): timestamp=2026-05-23T16:15:00 source_url=https://ak-static.cms.nba.com/referee/injury/Injury-Report_2026-05-23_04_15PM.pdf
2026-08-14 14:13:01,557 INFO Skipped non-substantive snapshot (no date/matchup pairs): timestamp=2026-05-23T05:00:00 source_url=https://ak-static.cms.nba.com/referee/injury/Injury-Report_2026-05-23_05_00AM.pdf
2026-08-14 14:13:01,563 INFO Skipped non-substantive snapshot (no date/matchup pairs): timestamp=2026-05-23T17:00:00 source_url=https://ak-static.cms.nba.com/referee/injury/Injury-Report_2026-05-23_05_00PM.pdf
2026-08-14 14:13:01,569 INFO Skipped non-substantive snapshot (no date/matchup pairs): timestamp=2026-05-23T05:15:00 source_url=https://ak-static.cms.nba.com/referee/injury/Injury-Report_2026-05-23_05_15AM.pdf
2026-08-14 14:13:01,574 INFO Skipped non-substantive snapshot (no date/matchup pairs): timestamp=2026-05-23T17:15:00 source_url=https://ak-static.cms.nba.com/referee/injury/Injury-Report_2026-05-23_05_15PM.pdf
2026-08-14 14:13:01,579 INFO Skipped non-substantive snapshot (no date/matchup pairs): timestamp=2026-05-23T06:00:00 source_url=https://ak-static.cms.nba.com/referee/injury/Injury-Report_2026-05-23_06_00AM.pdf
2026-08-14 14:13:01,588 INFO Skipped non-substantive snapshot (no date/matchup pairs): timestamp=2026-05-23T18:00:00 source_url=https://ak-static.cms.nba.com/referee/injury/Injury-Report_2026-05-23_06_00PM.pdf
2026-08-14 14:13:01,594 INFO Skipped non-substantive snapshot (no date/matchup pairs): timestamp=2026-05-23T06:15:00 source_url=https://ak-static.cms.nba.com/referee/injury/Injury-Report_2026-05-23_06_15AM.pdf
2026-08-14 14:13:01,607 INFO Skipped non-substantive snapshot (no date/matchup pairs): timestamp=2026-05-23T07:00:00 source_url=https://ak-static.cms.nba.com/referee/injury/Injury-Report_2026-05-23_07_00AM.pdf
2026-08-14 14:13:01,620 INFO Skipped non-substantive snapshot (no date/matchup pairs): timestamp=2026-05-23T07:15:00 source_url=https://ak-static.cms.nba.com/referee/injury/Injury-Report_2026-05-23_07_15AM.pdf
2026-08-14 14:13:01,633 INFO Skipped non-substantive snapshot (no date/matchup pairs): timestamp=2026-05-23T08:00:00 source_url=https://ak-static.cms.nba.com/referee/injury/Injury-Report_2026-05-23_08_00AM.pdf
2026-08-14 14:13:01,647 INFO Skipped non-substantive snapshot (no date/matchup pairs): timestamp=2026-05-23T08:15:00 source_url=https://ak-static.cms.nba.com/referee/injury/Injury-Report_2026-05-23_08_15AM.pdf
2026-08-14 14:13:01,659 INFO Skipped non-substantive snapshot (no date/matchup pairs): timestamp=2026-05-23T09:00:00 source_url=https://ak-static.cms.nba.com/referee/injury/Injury-Report_2026-05-23_09_00AM.pdf
2026-08-14 14:13:01,672 INFO Skipped non-substantive snapshot (no date/matchup pairs): timestamp=2026-05-23T09:15:00 source_url=https://ak-static.cms.nba.com/referee/injury/Injury-Report_2026-05-23_09_15AM.pdf
2026-08-14 14:13:01,688 INFO Skipped non-substantive snapshot (no date/matchup pairs): timestamp=2026-05-23T10:00:00 source_url=https://ak-static.cms.nba.com/referee/injury/Injury-Report_2026-05-23_10_00AM.pdf
2026-08-14 14:13:01,700 INFO Skipped non-substantive snapshot (no date/matchup pairs): timestamp=2026-05-23T10:15:00 source_url=https://ak-static.cms.nba.com/referee/injury/Injury-Report_2026-05-23_10_15AM.pdf
2026-08-14 14:13:01,713 INFO Skipped non-substantive snapshot (no date/matchup pairs): timestamp=2026-05-23T11:00:00 source_url=https://ak-static.cms.nba.com/referee/injury/Injury-Report_2026-05-23_11_00AM.pdf
2026-08-14 14:13:01,725 INFO Skipped non-substantive snapshot (no date/matchup pairs): timestamp=2026-05-23T11:15:00 source_url=https://ak-static.cms.nba.com/referee/injury/Injury-Report_2026-05-23_11_15AM.pdf
2026-08-14 14:13:01,738 INFO Skipped non-substantive snapshot (no date/matchup pairs): timestamp=2026-05-23T00:00:00 source_url=https://ak-static.cms.nba.com/referee/injury/Injury-Report_2026-05-23_12_00AM.pdf
2026-08-14 14:13:01,744 INFO Skipped non-substantive snapshot (no date/matchup pairs): timestamp=2026-05-23T12:00:00 source_url=https://ak-static.cms.nba.com/referee/injury/Injury-Report_2026-05-23_12_00PM.pdf
2026-08-14 14:13:01,749 INFO Skipped non-substantive snapshot (no date/matchup pairs): timestamp=2026-05-23T00:15:00 source_url=https://ak-static.cms.nba.com/referee/injury/Injury-Report_2026-05-23_12_15AM.pdf
2026-08-14 14:13:01,755 INFO Skipped non-substantive snapshot (no date/matchup pairs): timestamp=2026-05-23T12:15:00 source_url=https://ak-static.cms.nba.com/referee/injury/Injury-Report_2026-05-23_12_15PM.pdf
2026-08-14 14:13:01,755 INFO Direct NBA day 10/18: 2026-05-23, 48 discovered -> 1 selected
2026-08-14 14:13:02,558 INFO NBA backfill checkpoint processed=1/1 parsed=1 missing=0 http_failed=0 invalid_pdf=0 parse_failed=0
2026-08-14 14:14:05,406 INFO Direct NBA day 11/18: 2026-05-24, 48 discovered -> 1 selected
2026-08-14 14:14:06,041 INFO NBA backfill checkpoint processed=1/1 parsed=1 missing=0 http_failed=0 invalid_pdf=0 parse_failed=0
2026-08-14 14:15:10,348 INFO Skipped non-substantive snapshot (no date/matchup pairs): timestamp=2026-05-25T01:00:00 source_url=https://ak-static.cms.nba.com/referee/injury/Injury-Report_2026-05-25_01_00AM.pdf
2026-08-14 14:15:10,359 INFO Skipped non-substantive snapshot (no date/matchup pairs): timestamp=2026-05-25T13:00:00 source_url=https://ak-static.cms.nba.com/referee/injury/Injury-Report_2026-05-25_01_00PM.pdf
2026-08-14 14:15:10,368 INFO Skipped non-substantive snapshot (no date/matchup pairs): timestamp=2026-05-25T01:15:00 source_url=https://ak-static.cms.nba.com/referee/injury/Injury-Report_2026-05-25_01_15AM.pdf
2026-08-14 14:15:10,377 INFO Skipped non-substantive snapshot (no date/matchup pairs): timestamp=2026-05-25T13:15:00 source_url=https://ak-static.cms.nba.com/referee/injury/Injury-Report_2026-05-25_01_15PM.pdf
2026-08-14 14:15:10,385 INFO Skipped non-substantive snapshot (no date/matchup pairs): timestamp=2026-05-25T02:00:00 source_url=https://ak-static.cms.nba.com/referee/injury/Injury-Report_2026-05-25_02_00AM.pdf
2026-08-14 14:15:10,393 INFO Skipped non-substantive snapshot (no date/matchup pairs): timestamp=2026-05-25T14:00:00 source_url=https://ak-static.cms.nba.com/referee/injury/Injury-Report_2026-05-25_02_00PM.pdf
2026-08-14 14:15:10,400 INFO Skipped non-substantive snapshot (no date/matchup pairs): timestamp=2026-05-25T02:15:00 source_url=https://ak-static.cms.nba.com/referee/injury/Injury-Report_2026-05-25_02_15AM.pdf
2026-08-14 14:15:10,406 INFO Skipped non-substantive snapshot (no date/matchup pairs): timestamp=2026-05-25T14:15:00 source_url=https://ak-static.cms.nba.com/referee/injury/Injury-Report_2026-05-25_02_15PM.pdf
2026-08-14 14:15:10,411 INFO Skipped non-substantive snapshot (no date/matchup pairs): timestamp=2026-05-25T03:00:00 source_url=https://ak-static.cms.nba.com/referee/injury/Injury-Report_2026-05-25_03_00AM.pdf
2026-08-14 14:15:10,419 INFO Skipped non-substantive snapshot (no date/matchup pairs): timestamp=2026-05-25T15:00:00 source_url=https://ak-static.cms.nba.com/referee/injury/Injury-Report_2026-05-25_03_00PM.pdf
2026-08-14 14:15:10,425 INFO Skipped non-substantive snapshot (no date/matchup pairs): timestamp=2026-05-25T03:15:00 source_url=https://ak-static.cms.nba.com/referee/injury/Injury-Report_2026-05-25_03_15AM.pdf
2026-08-14 14:15:10,431 INFO Skipped non-substantive snapshot (no date/matchup pairs): timestamp=2026-05-25T15:15:00 source_url=https://ak-static.cms.nba.com/referee/injury/Injury-Report_2026-05-25_03_15PM.pdf
2026-08-14 14:15:10,437 INFO Skipped non-substantive snapshot (no date/matchup pairs): timestamp=2026-05-25T04:00:00 source_url=https://ak-static.cms.nba.com/referee/injury/Injury-Report_2026-05-25_04_00AM.pdf
2026-08-14 14:15:10,443 INFO Skipped non-substantive snapshot (no date/matchup pairs): timestamp=2026-05-25T16:00:00 source_url=https://ak-static.cms.nba.com/referee/injury/Injury-Report_2026-05-25_04_00PM.pdf
2026-08-14 14:15:10,449 INFO Skipped non-substantive snapshot (no date/matchup pairs): timestamp=2026-05-25T04:15:00 source_url=https://ak-static.cms.nba.com/referee/injury/Injury-Report_2026-05-25_04_15AM.pdf
2026-08-14 14:15:10,454 INFO Skipped non-substantive snapshot (no date/matchup pairs): timestamp=2026-05-25T16:15:00 source_url=https://ak-static.cms.nba.com/referee/injury/Injury-Report_2026-05-25_04_15PM.pdf
2026-08-14 14:15:10,459 INFO Skipped non-substantive snapshot (no date/matchup pairs): timestamp=2026-05-25T05:00:00 source_url=https://ak-static.cms.nba.com/referee/injury/Injury-Report_2026-05-25_05_00AM.pdf
2026-08-14 14:15:10,466 INFO Skipped non-substantive snapshot (no date/matchup pairs): timestamp=2026-05-25T17:00:00 source_url=https://ak-static.cms.nba.com/referee/injury/Injury-Report_2026-05-25_05_00PM.pdf
2026-08-14 14:15:10,473 INFO Skipped non-substantive snapshot (no date/matchup pairs): timestamp=2026-05-25T05:15:00 source_url=https://ak-static.cms.nba.com/referee/injury/Injury-Report_2026-05-25_05_15AM.pdf
2026-08-14 14:15:10,479 INFO Skipped non-substantive snapshot (no date/matchup pairs): timestamp=2026-05-25T17:15:00 source_url=https://ak-static.cms.nba.com/referee/injury/Injury-Report_2026-05-25_05_15PM.pdf
2026-08-14 14:15:10,484 INFO Skipped non-substantive snapshot (no date/matchup pairs): timestamp=2026-05-25T06:00:00 source_url=https://ak-static.cms.nba.com/referee/injury/Injury-Report_2026-05-25_06_00AM.pdf
2026-08-14 14:15:10,497 INFO Skipped non-substantive snapshot (no date/matchup pairs): timestamp=2026-05-25T06:15:00 source_url=https://ak-static.cms.nba.com/referee/injury/Injury-Report_2026-05-25_06_15AM.pdf
2026-08-14 14:15:10,512 INFO Skipped non-substantive snapshot (no date/matchup pairs): timestamp=2026-05-25T07:00:00 source_url=https://ak-static.cms.nba.com/referee/injury/Injury-Report_2026-05-25_07_00AM.pdf
2026-08-14 14:15:10,528 INFO Skipped non-substantive snapshot (no date/matchup pairs): timestamp=2026-05-25T07:15:00 source_url=https://ak-static.cms.nba.com/referee/injury/Injury-Report_2026-05-25_07_15AM.pdf
2026-08-14 14:15:10,546 INFO Skipped non-substantive snapshot (no date/matchup pairs): timestamp=2026-05-25T08:00:00 source_url=https://ak-static.cms.nba.com/referee/injury/Injury-Report_2026-05-25_08_00AM.pdf
2026-08-14 14:15:10,561 INFO Skipped non-substantive snapshot (no date/matchup pairs): timestamp=2026-05-25T08:15:00 source_url=https://ak-static.cms.nba.com/referee/injury/Injury-Report_2026-05-25_08_15AM.pdf
2026-08-14 14:15:10,575 INFO Skipped non-substantive snapshot (no date/matchup pairs): timestamp=2026-05-25T09:00:00 source_url=https://ak-static.cms.nba.com/referee/injury/Injury-Report_2026-05-25_09_00AM.pdf
2026-08-14 14:15:10,590 INFO Skipped non-substantive snapshot (no date/matchup pairs): timestamp=2026-05-25T09:15:00 source_url=https://ak-static.cms.nba.com/referee/injury/Injury-Report_2026-05-25_09_15AM.pdf
2026-08-14 14:15:10,605 INFO Skipped non-substantive snapshot (no date/matchup pairs): timestamp=2026-05-25T10:00:00 source_url=https://ak-static.cms.nba.com/referee/injury/Injury-Report_2026-05-25_10_00AM.pdf
2026-08-14 14:15:10,624 INFO Skipped non-substantive snapshot (no date/matchup pairs): timestamp=2026-05-25T10:15:00 source_url=https://ak-static.cms.nba.com/referee/injury/Injury-Report_2026-05-25_10_15AM.pdf
2026-08-14 14:15:10,640 INFO Skipped non-substantive snapshot (no date/matchup pairs): timestamp=2026-05-25T11:00:00 source_url=https://ak-static.cms.nba.com/referee/injury/Injury-Report_2026-05-25_11_00AM.pdf
2026-08-14 14:15:10,656 INFO Skipped non-substantive snapshot (no date/matchup pairs): timestamp=2026-05-25T11:15:00 source_url=https://ak-static.cms.nba.com/referee/injury/Injury-Report_2026-05-25_11_15AM.pdf
2026-08-14 14:15:10,671 INFO Skipped non-substantive snapshot (no date/matchup pairs): timestamp=2026-05-25T00:00:00 source_url=https://ak-static.cms.nba.com/referee/injury/Injury-Report_2026-05-25_12_00AM.pdf
2026-08-14 14:15:10,677 INFO Skipped non-substantive snapshot (no date/matchup pairs): timestamp=2026-05-25T12:00:00 source_url=https://ak-static.cms.nba.com/referee/injury/Injury-Report_2026-05-25_12_00PM.pdf
2026-08-14 14:15:10,683 INFO Skipped non-substantive snapshot (no date/matchup pairs): timestamp=2026-05-25T00:15:00 source_url=https://ak-static.cms.nba.com/referee/injury/Injury-Report_2026-05-25_12_15AM.pdf
2026-08-14 14:15:10,688 INFO Skipped non-substantive snapshot (no date/matchup pairs): timestamp=2026-05-25T12:15:00 source_url=https://ak-static.cms.nba.com/referee/injury/Injury-Report_2026-05-25_12_15PM.pdf
2026-08-14 14:15:10,688 INFO Direct NBA day 12/18: 2026-05-25, 48 discovered -> 1 selected
2026-08-14 14:15:11,459 INFO NBA backfill checkpoint processed=1/1 parsed=1 missing=0 http_failed=0 invalid_pdf=0 parse_failed=0
2026-08-14 14:16:15,958 INFO Direct NBA day 13/18: 2026-05-26, 48 discovered -> 1 selected
2026-08-14 14:16:16,674 INFO NBA backfill checkpoint processed=1/1 parsed=1 missing=0 http_failed=0 invalid_pdf=0 parse_failed=0
2026-08-14 14:17:20,383 INFO Skipped non-substantive snapshot (no date/matchup pairs): timestamp=2026-05-27T01:00:00 source_url=https://ak-static.cms.nba.com/referee/injury/Injury-Report_2026-05-27_01_00AM.pdf
2026-08-14 14:17:20,393 INFO Skipped non-substantive snapshot (no date/matchup pairs): timestamp=2026-05-27T13:00:00 source_url=https://ak-static.cms.nba.com/referee/injury/Injury-Report_2026-05-27_01_00PM.pdf
2026-08-14 14:17:20,402 INFO Skipped non-substantive snapshot (no date/matchup pairs): timestamp=2026-05-27T01:15:00 source_url=https://ak-static.cms.nba.com/referee/injury/Injury-Report_2026-05-27_01_15AM.pdf
2026-08-14 14:17:20,410 INFO Skipped non-substantive snapshot (no date/matchup pairs): timestamp=2026-05-27T13:15:00 source_url=https://ak-static.cms.nba.com/referee/injury/Injury-Report_2026-05-27_01_15PM.pdf
2026-08-14 14:17:20,418 INFO Skipped non-substantive snapshot (no date/matchup pairs): timestamp=2026-05-27T02:00:00 source_url=https://ak-static.cms.nba.com/referee/injury/Injury-Report_2026-05-27_02_00AM.pdf
2026-08-14 14:17:20,425 INFO Skipped non-substantive snapshot (no date/matchup pairs): timestamp=2026-05-27T14:00:00 source_url=https://ak-static.cms.nba.com/referee/injury/Injury-Report_2026-05-27_02_00PM.pdf
2026-08-14 14:17:20,431 INFO Skipped non-substantive snapshot (no date/matchup pairs): timestamp=2026-05-27T02:15:00 source_url=https://ak-static.cms.nba.com/referee/injury/Injury-Report_2026-05-27_02_15AM.pdf
2026-08-14 14:17:20,442 INFO Skipped non-substantive snapshot (no date/matchup pairs): timestamp=2026-05-27T14:15:00 source_url=https://ak-static.cms.nba.com/referee/injury/Injury-Report_2026-05-27_02_15PM.pdf
2026-08-14 14:17:20,447 INFO Skipped non-substantive snapshot (no date/matchup pairs): timestamp=2026-05-27T03:00:00 source_url=https://ak-static.cms.nba.com/referee/injury/Injury-Report_2026-05-27_03_00AM.pdf
2026-08-14 14:17:20,453 INFO Skipped non-substantive snapshot (no date/matchup pairs): timestamp=2026-05-27T15:00:00 source_url=https://ak-static.cms.nba.com/referee/injury/Injury-Report_2026-05-27_03_00PM.pdf
2026-08-14 14:17:20,460 INFO Skipped non-substantive snapshot (no date/matchup pairs): timestamp=2026-05-27T03:15:00 source_url=https://ak-static.cms.nba.com/referee/injury/Injury-Report_2026-05-27_03_15AM.pdf
2026-08-14 14:17:20,465 INFO Skipped non-substantive snapshot (no date/matchup pairs): timestamp=2026-05-27T15:15:00 source_url=https://ak-static.cms.nba.com/referee/injury/Injury-Report_2026-05-27_03_15PM.pdf
2026-08-14 14:17:20,471 INFO Skipped non-substantive snapshot (no date/matchup pairs): timestamp=2026-05-27T04:00:00 source_url=https://ak-static.cms.nba.com/referee/injury/Injury-Report_2026-05-27_04_00AM.pdf
2026-08-14 14:17:20,477 INFO Skipped non-substantive snapshot (no date/matchup pairs): timestamp=2026-05-27T16:00:00 source_url=https://ak-static.cms.nba.com/referee/injury/Injury-Report_2026-05-27_04_00PM.pdf
2026-08-14 14:17:20,482 INFO Skipped non-substantive snapshot (no date/matchup pairs): timestamp=2026-05-27T04:15:00 source_url=https://ak-static.cms.nba.com/referee/injury/Injury-Report_2026-05-27_04_15AM.pdf
2026-08-14 14:17:20,488 INFO Skipped non-substantive snapshot (no date/matchup pairs): timestamp=2026-05-27T16:15:00 source_url=https://ak-static.cms.nba.com/referee/injury/Injury-Report_2026-05-27_04_15PM.pdf
2026-08-14 14:17:20,494 INFO Skipped non-substantive snapshot (no date/matchup pairs): timestamp=2026-05-27T05:00:00 source_url=https://ak-static.cms.nba.com/referee/injury/Injury-Report_2026-05-27_05_00AM.pdf
2026-08-14 14:17:20,500 INFO Skipped non-substantive snapshot (no date/matchup pairs): timestamp=2026-05-27T17:00:00 source_url=https://ak-static.cms.nba.com/referee/injury/Injury-Report_2026-05-27_05_00PM.pdf
2026-08-14 14:17:20,505 INFO Skipped non-substantive snapshot (no date/matchup pairs): timestamp=2026-05-27T05:15:00 source_url=https://ak-static.cms.nba.com/referee/injury/Injury-Report_2026-05-27_05_15AM.pdf
2026-08-14 14:17:20,510 INFO Skipped non-substantive snapshot (no date/matchup pairs): timestamp=2026-05-27T17:15:00 source_url=https://ak-static.cms.nba.com/referee/injury/Injury-Report_2026-05-27_05_15PM.pdf
2026-08-14 14:17:20,516 INFO Skipped non-substantive snapshot (no date/matchup pairs): timestamp=2026-05-27T06:00:00 source_url=https://ak-static.cms.nba.com/referee/injury/Injury-Report_2026-05-27_06_00AM.pdf
2026-08-14 14:17:20,522 INFO Skipped non-substantive snapshot (no date/matchup pairs): timestamp=2026-05-27T18:00:00 source_url=https://ak-static.cms.nba.com/referee/injury/Injury-Report_2026-05-27_06_00PM.pdf
2026-08-14 14:17:20,527 INFO Skipped non-substantive snapshot (no date/matchup pairs): timestamp=2026-05-27T06:15:00 source_url=https://ak-static.cms.nba.com/referee/injury/Injury-Report_2026-05-27_06_15AM.pdf
2026-08-14 14:17:20,541 INFO Skipped non-substantive snapshot (no date/matchup pairs): timestamp=2026-05-27T07:00:00 source_url=https://ak-static.cms.nba.com/referee/injury/Injury-Report_2026-05-27_07_00AM.pdf
2026-08-14 14:17:20,554 INFO Skipped non-substantive snapshot (no date/matchup pairs): timestamp=2026-05-27T07:15:00 source_url=https://ak-static.cms.nba.com/referee/injury/Injury-Report_2026-05-27_07_15AM.pdf
2026-08-14 14:17:20,570 INFO Skipped non-substantive snapshot (no date/matchup pairs): timestamp=2026-05-27T08:00:00 source_url=https://ak-static.cms.nba.com/referee/injury/Injury-Report_2026-05-27_08_00AM.pdf
2026-08-14 14:17:20,583 INFO Skipped non-substantive snapshot (no date/matchup pairs): timestamp=2026-05-27T08:15:00 source_url=https://ak-static.cms.nba.com/referee/injury/Injury-Report_2026-05-27_08_15AM.pdf
2026-08-14 14:17:20,596 INFO Skipped non-substantive snapshot (no date/matchup pairs): timestamp=2026-05-27T09:00:00 source_url=https://ak-static.cms.nba.com/referee/injury/Injury-Report_2026-05-27_09_00AM.pdf
2026-08-14 14:17:20,610 INFO Skipped non-substantive snapshot (no date/matchup pairs): timestamp=2026-05-27T09:15:00 source_url=https://ak-static.cms.nba.com/referee/injury/Injury-Report_2026-05-27_09_15AM.pdf
2026-08-14 14:17:20,622 INFO Skipped non-substantive snapshot (no date/matchup pairs): timestamp=2026-05-27T10:00:00 source_url=https://ak-static.cms.nba.com/referee/injury/Injury-Report_2026-05-27_10_00AM.pdf
2026-08-14 14:17:20,636 INFO Skipped non-substantive snapshot (no date/matchup pairs): timestamp=2026-05-27T10:15:00 source_url=https://ak-static.cms.nba.com/referee/injury/Injury-Report_2026-05-27_10_15AM.pdf
2026-08-14 14:17:20,649 INFO Skipped non-substantive snapshot (no date/matchup pairs): timestamp=2026-05-27T11:00:00 source_url=https://ak-static.cms.nba.com/referee/injury/Injury-Report_2026-05-27_11_00AM.pdf
2026-08-14 14:17:20,665 INFO Skipped non-substantive snapshot (no date/matchup pairs): timestamp=2026-05-27T11:15:00 source_url=https://ak-static.cms.nba.com/referee/injury/Injury-Report_2026-05-27_11_15AM.pdf
2026-08-14 14:17:20,678 INFO Skipped non-substantive snapshot (no date/matchup pairs): timestamp=2026-05-27T00:00:00 source_url=https://ak-static.cms.nba.com/referee/injury/Injury-Report_2026-05-27_12_00AM.pdf
2026-08-14 14:17:20,684 INFO Skipped non-substantive snapshot (no date/matchup pairs): timestamp=2026-05-27T12:00:00 source_url=https://ak-static.cms.nba.com/referee/injury/Injury-Report_2026-05-27_12_00PM.pdf
2026-08-14 14:17:20,689 INFO Skipped non-substantive snapshot (no date/matchup pairs): timestamp=2026-05-27T00:15:00 source_url=https://ak-static.cms.nba.com/referee/injury/Injury-Report_2026-05-27_12_15AM.pdf
2026-08-14 14:17:20,695 INFO Skipped non-substantive snapshot (no date/matchup pairs): timestamp=2026-05-27T12:15:00 source_url=https://ak-static.cms.nba.com/referee/injury/Injury-Report_2026-05-27_12_15PM.pdf
2026-08-14 14:17:20,695 INFO Direct NBA day 14/18: 2026-05-27, 48 discovered -> 1 selected
2026-08-14 14:17:21,487 INFO NBA backfill checkpoint processed=1/1 parsed=1 missing=0 http_failed=0 invalid_pdf=0 parse_failed=0
2026-08-14 14:18:24,615 INFO Direct NBA day 15/18: 2026-05-28, 48 discovered -> 1 selected
2026-08-14 14:18:25,322 INFO NBA backfill checkpoint processed=1/1 parsed=1 missing=0 http_failed=0 invalid_pdf=0 parse_failed=0
2026-08-14 14:19:30,376 INFO Skipped non-substantive snapshot (no date/matchup pairs): timestamp=2026-05-29T01:00:00 source_url=https://ak-static.cms.nba.com/referee/injury/Injury-Report_2026-05-29_01_00AM.pdf
2026-08-14 14:19:30,385 INFO Skipped non-substantive snapshot (no date/matchup pairs): timestamp=2026-05-29T13:00:00 source_url=https://ak-static.cms.nba.com/referee/injury/Injury-Report_2026-05-29_01_00PM.pdf
2026-08-14 14:19:30,393 INFO Skipped non-substantive snapshot (no date/matchup pairs): timestamp=2026-05-29T01:15:00 source_url=https://ak-static.cms.nba.com/referee/injury/Injury-Report_2026-05-29_01_15AM.pdf
2026-08-14 14:19:30,401 INFO Skipped non-substantive snapshot (no date/matchup pairs): timestamp=2026-05-29T13:15:00 source_url=https://ak-static.cms.nba.com/referee/injury/Injury-Report_2026-05-29_01_15PM.pdf
2026-08-14 14:19:30,409 INFO Skipped non-substantive snapshot (no date/matchup pairs): timestamp=2026-05-29T02:00:00 source_url=https://ak-static.cms.nba.com/referee/injury/Injury-Report_2026-05-29_02_00AM.pdf
2026-08-14 14:19:30,417 INFO Skipped non-substantive snapshot (no date/matchup pairs): timestamp=2026-05-29T14:00:00 source_url=https://ak-static.cms.nba.com/referee/injury/Injury-Report_2026-05-29_02_00PM.pdf
2026-08-14 14:19:30,423 INFO Skipped non-substantive snapshot (no date/matchup pairs): timestamp=2026-05-29T02:15:00 source_url=https://ak-static.cms.nba.com/referee/injury/Injury-Report_2026-05-29_02_15AM.pdf
2026-08-14 14:19:30,429 INFO Skipped non-substantive snapshot (no date/matchup pairs): timestamp=2026-05-29T14:15:00 source_url=https://ak-static.cms.nba.com/referee/injury/Injury-Report_2026-05-29_02_15PM.pdf
2026-08-14 14:19:30,439 INFO Skipped non-substantive snapshot (no date/matchup pairs): timestamp=2026-05-29T03:00:00 source_url=https://ak-static.cms.nba.com/referee/injury/Injury-Report_2026-05-29_03_00AM.pdf
2026-08-14 14:19:30,444 INFO Skipped non-substantive snapshot (no date/matchup pairs): timestamp=2026-05-29T15:00:00 source_url=https://ak-static.cms.nba.com/referee/injury/Injury-Report_2026-05-29_03_00PM.pdf
2026-08-14 14:19:30,450 INFO Skipped non-substantive snapshot (no date/matchup pairs): timestamp=2026-05-29T03:15:00 source_url=https://ak-static.cms.nba.com/referee/injury/Injury-Report_2026-05-29_03_15AM.pdf
2026-08-14 14:19:30,456 INFO Skipped non-substantive snapshot (no date/matchup pairs): timestamp=2026-05-29T15:15:00 source_url=https://ak-static.cms.nba.com/referee/injury/Injury-Report_2026-05-29_03_15PM.pdf
2026-08-14 14:19:30,461 INFO Skipped non-substantive snapshot (no date/matchup pairs): timestamp=2026-05-29T04:00:00 source_url=https://ak-static.cms.nba.com/referee/injury/Injury-Report_2026-05-29_04_00AM.pdf
2026-08-14 14:19:30,468 INFO Skipped non-substantive snapshot (no date/matchup pairs): timestamp=2026-05-29T16:00:00 source_url=https://ak-static.cms.nba.com/referee/injury/Injury-Report_2026-05-29_04_00PM.pdf
2026-08-14 14:19:30,473 INFO Skipped non-substantive snapshot (no date/matchup pairs): timestamp=2026-05-29T04:15:00 source_url=https://ak-static.cms.nba.com/referee/injury/Injury-Report_2026-05-29_04_15AM.pdf
2026-08-14 14:19:30,479 INFO Skipped non-substantive snapshot (no date/matchup pairs): timestamp=2026-05-29T16:15:00 source_url=https://ak-static.cms.nba.com/referee/injury/Injury-Report_2026-05-29_04_15PM.pdf
2026-08-14 14:19:30,485 INFO Skipped non-substantive snapshot (no date/matchup pairs): timestamp=2026-05-29T05:00:00 source_url=https://ak-static.cms.nba.com/referee/injury/Injury-Report_2026-05-29_05_00AM.pdf
2026-08-14 14:19:30,490 INFO Skipped non-substantive snapshot (no date/matchup pairs): timestamp=2026-05-29T17:00:00 source_url=https://ak-static.cms.nba.com/referee/injury/Injury-Report_2026-05-29_05_00PM.pdf
2026-08-14 14:19:30,496 INFO Skipped non-substantive snapshot (no date/matchup pairs): timestamp=2026-05-29T05:15:00 source_url=https://ak-static.cms.nba.com/referee/injury/Injury-Report_2026-05-29_05_15AM.pdf
2026-08-14 14:19:30,501 INFO Skipped non-substantive snapshot (no date/matchup pairs): timestamp=2026-05-29T17:15:00 source_url=https://ak-static.cms.nba.com/referee/injury/Injury-Report_2026-05-29_05_15PM.pdf
2026-08-14 14:19:30,507 INFO Skipped non-substantive snapshot (no date/matchup pairs): timestamp=2026-05-29T06:00:00 source_url=https://ak-static.cms.nba.com/referee/injury/Injury-Report_2026-05-29_06_00AM.pdf
2026-08-14 14:19:30,513 INFO Skipped non-substantive snapshot (no date/matchup pairs): timestamp=2026-05-29T18:00:00 source_url=https://ak-static.cms.nba.com/referee/injury/Injury-Report_2026-05-29_06_00PM.pdf
2026-08-14 14:19:30,518 INFO Skipped non-substantive snapshot (no date/matchup pairs): timestamp=2026-05-29T06:15:00 source_url=https://ak-static.cms.nba.com/referee/injury/Injury-Report_2026-05-29_06_15AM.pdf
2026-08-14 14:19:30,531 INFO Skipped non-substantive snapshot (no date/matchup pairs): timestamp=2026-05-29T07:00:00 source_url=https://ak-static.cms.nba.com/referee/injury/Injury-Report_2026-05-29_07_00AM.pdf
2026-08-14 14:19:30,544 INFO Skipped non-substantive snapshot (no date/matchup pairs): timestamp=2026-05-29T07:15:00 source_url=https://ak-static.cms.nba.com/referee/injury/Injury-Report_2026-05-29_07_15AM.pdf
2026-08-14 14:19:30,560 INFO Skipped non-substantive snapshot (no date/matchup pairs): timestamp=2026-05-29T08:00:00 source_url=https://ak-static.cms.nba.com/referee/injury/Injury-Report_2026-05-29_08_00AM.pdf
2026-08-14 14:19:30,574 INFO Skipped non-substantive snapshot (no date/matchup pairs): timestamp=2026-05-29T08:15:00 source_url=https://ak-static.cms.nba.com/referee/injury/Injury-Report_2026-05-29_08_15AM.pdf
2026-08-14 14:19:30,587 INFO Skipped non-substantive snapshot (no date/matchup pairs): timestamp=2026-05-29T09:00:00 source_url=https://ak-static.cms.nba.com/referee/injury/Injury-Report_2026-05-29_09_00AM.pdf
2026-08-14 14:19:30,599 INFO Skipped non-substantive snapshot (no date/matchup pairs): timestamp=2026-05-29T09:15:00 source_url=https://ak-static.cms.nba.com/referee/injury/Injury-Report_2026-05-29_09_15AM.pdf
2026-08-14 14:19:30,613 INFO Skipped non-substantive snapshot (no date/matchup pairs): timestamp=2026-05-29T10:00:00 source_url=https://ak-static.cms.nba.com/referee/injury/Injury-Report_2026-05-29_10_00AM.pdf
2026-08-14 14:19:30,626 INFO Skipped non-substantive snapshot (no date/matchup pairs): timestamp=2026-05-29T10:15:00 source_url=https://ak-static.cms.nba.com/referee/injury/Injury-Report_2026-05-29_10_15AM.pdf
2026-08-14 14:19:30,638 INFO Skipped non-substantive snapshot (no date/matchup pairs): timestamp=2026-05-29T11:00:00 source_url=https://ak-static.cms.nba.com/referee/injury/Injury-Report_2026-05-29_11_00AM.pdf
2026-08-14 14:19:30,654 INFO Skipped non-substantive snapshot (no date/matchup pairs): timestamp=2026-05-29T11:15:00 source_url=https://ak-static.cms.nba.com/referee/injury/Injury-Report_2026-05-29_11_15AM.pdf
2026-08-14 14:19:30,666 INFO Skipped non-substantive snapshot (no date/matchup pairs): timestamp=2026-05-29T00:00:00 source_url=https://ak-static.cms.nba.com/referee/injury/Injury-Report_2026-05-29_12_00AM.pdf
2026-08-14 14:19:30,672 INFO Skipped non-substantive snapshot (no date/matchup pairs): timestamp=2026-05-29T12:00:00 source_url=https://ak-static.cms.nba.com/referee/injury/Injury-Report_2026-05-29_12_00PM.pdf
2026-08-14 14:19:30,678 INFO Skipped non-substantive snapshot (no date/matchup pairs): timestamp=2026-05-29T00:15:00 source_url=https://ak-static.cms.nba.com/referee/injury/Injury-Report_2026-05-29_12_15AM.pdf
2026-08-14 14:19:30,683 INFO Skipped non-substantive snapshot (no date/matchup pairs): timestamp=2026-05-29T12:15:00 source_url=https://ak-static.cms.nba.com/referee/injury/Injury-Report_2026-05-29_12_15PM.pdf
2026-08-14 14:19:30,683 INFO Direct NBA day 16/18: 2026-05-29, 48 discovered -> 1 selected
2026-08-14 14:19:31,480 INFO NBA backfill checkpoint processed=1/1 parsed=1 missing=0 http_failed=0 invalid_pdf=0 parse_failed=0
2026-08-14 14:20:34,313 INFO Direct NBA day 17/18: 2026-05-30, 48 discovered -> 1 selected
2026-08-14 14:20:34,994 INFO NBA backfill checkpoint processed=1/1 parsed=1 missing=0 http_failed=0 invalid_pdf=0 parse_failed=0
2026-08-14 14:20:42,486 INFO Direct NBA day 18/18: 2026-05-31, 0 discovered -> 0 selected
{"already_known": 0, "archive_urls_discovered": 17, "candidates_already_known": 1, "candidates_inserted": 16, "discovered": 0, "downloaded": 16, "entries_inserted": 61, "http_failures": 0, "invalid_pdfs": 0, "missing": 0, "parse_failures": 0, "parsed": 16}
2026-08-14 14:20:50,518 INFO Direct NBA day 1/30: 2026-06-01, 0 discovered -> 0 selected
2026-08-14 14:20:57,631 INFO Direct NBA day 2/30: 2026-06-02, 0 discovered -> 0 selected
2026-08-14 14:21:04,806 INFO Direct NBA day 3/30: 2026-06-03, 0 discovered -> 0 selected
2026-08-14 14:21:12,219 INFO Direct NBA day 4/30: 2026-06-04, 0 discovered -> 0 selected
2026-08-14 14:21:19,580 INFO Direct NBA day 5/30: 2026-06-05, 0 discovered -> 0 selected
2026-08-14 14:21:26,744 INFO Direct NBA day 6/30: 2026-06-06, 0 discovered -> 0 selected
2026-08-14 14:21:33,967 INFO Direct NBA day 7/30: 2026-06-07, 0 discovered -> 0 selected
2026-08-14 14:21:41,141 INFO Direct NBA day 8/30: 2026-06-08, 0 discovered -> 0 selected
2026-08-14 14:21:48,328 INFO Direct NBA day 9/30: 2026-06-09, 0 discovered -> 0 selected
2026-08-14 14:21:55,627 INFO Direct NBA day 10/30: 2026-06-10, 0 discovered -> 0 selected
2026-08-14 14:22:02,878 INFO Direct NBA day 11/30: 2026-06-11, 0 discovered -> 0 selected
2026-08-14 14:22:10,228 INFO Direct NBA day 12/30: 2026-06-12, 0 discovered -> 0 selected
2026-08-14 14:22:17,402 INFO Direct NBA day 13/30: 2026-06-13, 0 discovered -> 0 selected
2026-08-14 14:22:24,573 INFO Direct NBA day 14/30: 2026-06-14, 0 discovered -> 0 selected
2026-08-14 14:22:32,080 INFO Direct NBA day 15/30: 2026-06-15, 0 discovered -> 0 selected
2026-08-14 14:22:39,311 INFO Direct NBA day 16/30: 2026-06-16, 0 discovered -> 0 selected
2026-08-14 14:22:46,553 INFO Direct NBA day 17/30: 2026-06-17, 0 discovered -> 0 selected
2026-08-14 14:22:53,805 INFO Direct NBA day 18/30: 2026-06-18, 0 discovered -> 0 selected
2026-08-14 14:23:01,029 INFO Direct NBA day 19/30: 2026-06-19, 0 discovered -> 0 selected
2026-08-14 14:23:08,230 INFO Direct NBA day 20/30: 2026-06-20, 0 discovered -> 0 selected
2026-08-14 14:23:15,383 INFO Direct NBA day 21/30: 2026-06-21, 0 discovered -> 0 selected
2026-08-14 14:23:22,574 INFO Direct NBA day 22/30: 2026-06-22, 0 discovered -> 0 selected
2026-08-14 14:23:29,854 INFO Direct NBA day 23/30: 2026-06-23, 0 discovered -> 0 selected
2026-08-14 14:23:37,111 INFO Direct NBA day 24/30: 2026-06-24, 0 discovered -> 0 selected
2026-08-14 14:23:44,355 INFO Direct NBA day 25/30: 2026-06-25, 0 discovered -> 0 selected
2026-08-14 14:23:51,687 INFO Direct NBA day 26/30: 2026-06-26, 0 discovered -> 0 selected
2026-08-14 14:23:58,891 INFO Direct NBA day 27/30: 2026-06-27, 0 discovered -> 0 selected
2026-08-14 14:24:06,009 INFO Direct NBA day 28/30: 2026-06-28, 0 discovered -> 0 selected
2026-08-14 14:24:13,301 INFO Direct NBA day 29/30: 2026-06-29, 0 discovered -> 0 selected
2026-08-14 14:24:20,698 INFO Direct NBA day 30/30: 2026-06-30, 0 discovered -> 0 selected
{"already_known": 0, "archive_urls_discovered": 0, "candidates_already_known": 0, "candidates_inserted": 0, "discovered": 0, "downloaded": 0, "entries_inserted": 0, "http_failures": 0, "invalid_pdfs": 0, "missing": 0, "parse_failures": 0, "parsed": 0}
2026-08-14 14:24:28,502 INFO Direct NBA day 1/31: 2026-07-01, 0 discovered -> 0 selected
2026-08-14 14:24:35,835 INFO Direct NBA day 2/31: 2026-07-02, 0 discovered -> 0 selected
2026-08-14 14:24:43,156 INFO Direct NBA day 3/31: 2026-07-03, 0 discovered -> 0 selected
2026-08-14 14:24:50,491 INFO Direct NBA day 4/31: 2026-07-04, 0 discovered -> 0 selected
2026-08-14 14:24:57,717 INFO Direct NBA day 5/31: 2026-07-05, 0 discovered -> 0 selected
2026-08-14 14:25:04,979 INFO Direct NBA day 6/31: 2026-07-06, 0 discovered -> 0 selected
2026-08-14 14:25:12,178 INFO Direct NBA day 7/31: 2026-07-07, 0 discovered -> 0 selected
2026-08-14 14:25:19,511 INFO Direct NBA day 8/31: 2026-07-08, 0 discovered -> 0 selected
2026-08-14 14:25:26,681 INFO Direct NBA day 9/31: 2026-07-09, 0 discovered -> 0 selected
2026-08-14 14:25:33,966 INFO Direct NBA day 10/31: 2026-07-10, 0 discovered -> 0 selected
2026-08-14 14:25:41,249 INFO Direct NBA day 11/31: 2026-07-11, 0 discovered -> 0 selected
2026-08-14 14:25:48,488 INFO Direct NBA day 12/31: 2026-07-12, 0 discovered -> 0 selected
2026-08-14 14:25:55,854 INFO Direct NBA day 13/31: 2026-07-13, 0 discovered -> 0 selected
2026-08-14 14:26:03,257 INFO Direct NBA day 14/31: 2026-07-14, 0 discovered -> 0 selected
2026-08-14 14:26:10,601 INFO Direct NBA day 15/31: 2026-07-15, 0 discovered -> 0 selected
2026-08-14 14:26:17,928 INFO Direct NBA day 16/31: 2026-07-16, 0 discovered -> 0 selected
2026-08-14 14:26:25,370 INFO Direct NBA day 17/31: 2026-07-17, 0 discovered -> 0 selected
2026-08-14 14:26:32,757 INFO Direct NBA day 18/31: 2026-07-18, 0 discovered -> 0 selected
2026-08-14 14:26:40,300 INFO Direct NBA day 19/31: 2026-07-19, 0 discovered -> 0 selected
2026-08-14 14:26:47,626 INFO Direct NBA day 20/31: 2026-07-20, 0 discovered -> 0 selected
2026-08-14 14:26:55,119 INFO Direct NBA day 21/31: 2026-07-21, 0 discovered -> 0 selected
2026-08-14 14:27:02,582 INFO Direct NBA day 22/31: 2026-07-22, 0 discovered -> 0 selected
2026-08-14 14:27:09,952 INFO Direct NBA day 23/31: 2026-07-23, 0 discovered -> 0 selected
2026-08-14 14:27:17,241 INFO Direct NBA day 24/31: 2026-07-24, 0 discovered -> 0 selected
2026-08-14 14:27:24,542 INFO Direct NBA day 25/31: 2026-07-25, 0 discovered -> 0 selected
2026-08-14 14:27:31,767 INFO Direct NBA day 26/31: 2026-07-26, 0 discovered -> 0 selected
2026-08-14 14:27:39,043 INFO Direct NBA day 27/31: 2026-07-27, 0 discovered -> 0 selected
2026-08-14 14:27:46,165 INFO Direct NBA day 28/31: 2026-07-28, 0 discovered -> 0 selected
2026-08-14 14:27:53,412 INFO Direct NBA day 29/31: 2026-07-29, 0 discovered -> 0 selected
2026-08-14 14:28:00,549 INFO Direct NBA day 30/31: 2026-07-30, 0 discovered -> 0 selected
2026-08-14 14:28:07,668 INFO Direct NBA day 31/31: 2026-07-31, 0 discovered -> 0 selected
{"already_known": 0, "archive_urls_discovered": 0, "candidates_already_known": 0, "candidates_inserted": 0, "discovered": 0, "downloaded": 0, "entries_inserted": 0, "http_failures": 0, "invalid_pdfs": 0, "missing": 0, "parse_failures": 0, "parsed": 0}
2026-08-14 14:28:15,838 INFO Direct NBA day 1/13: 2026-08-01, 0 discovered -> 0 selected
2026-08-14 14:28:23,303 INFO Direct NBA day 2/13: 2026-08-02, 0 discovered -> 0 selected
2026-08-14 14:28:30,593 INFO Direct NBA day 3/13: 2026-08-03, 0 discovered -> 0 selected
2026-08-14 14:28:37,728 INFO Direct NBA day 4/13: 2026-08-04, 0 discovered -> 0 selected
2026-08-14 14:28:44,895 INFO Direct NBA day 5/13: 2026-08-05, 0 discovered -> 0 selected
2026-08-14 14:28:52,184 INFO Direct NBA day 6/13: 2026-08-06, 0 discovered -> 0 selected
2026-08-14 14:28:59,686 INFO Direct NBA day 7/13: 2026-08-07, 0 discovered -> 0 selected
2026-08-14 14:29:07,049 INFO Direct NBA day 8/13: 2026-08-08, 0 discovered -> 0 selected
2026-08-14 14:29:14,281 INFO Direct NBA day 9/13: 2026-08-09, 0 discovered -> 0 selected
2026-08-14 14:29:21,588 INFO Direct NBA day 10/13: 2026-08-10, 0 discovered -> 0 selected
2026-08-14 14:29:28,814 INFO Direct NBA day 11/13: 2026-08-11, 0 discovered -> 0 selected
2026-08-14 14:29:36,128 INFO Direct NBA day 12/13: 2026-08-12, 0 discovered -> 0 selected
2026-08-14 14:29:43,257 INFO Direct NBA day 13/13: 2026-08-13, 0 discovered -> 0 selected
{"already_known": 0, "archive_urls_discovered": 0, "candidates_already_known": 0, "candidates_inserted": 0, "discovered": 0, "downloaded": 0, "entries_inserted": 0, "http_failures": 0, "invalid_pdfs": 0, "missing": 0, "parse_failures": 0, "parsed": 0}
===== Catch-up completed successfully =====
