2026-08-14 13:29:18,876 INFO Direct NBA day 1/30: 2026-05-02, 48 discovered -> 1 selected
2026-08-14 13:30:14,448 INFO Direct NBA day 2/30: 2026-05-03, 48 discovered -> 1 selected
2026-08-14 13:31:11,546 INFO Direct NBA day 3/30: 2026-05-04, 48 discovered -> 1 selected
2026-08-14 13:32:07,450 INFO Direct NBA day 4/30: 2026-05-05, 48 discovered -> 1 selected
2026-08-14 13:33:03,443 INFO Direct NBA day 5/30: 2026-05-06, 48 discovered -> 1 selected
2026-08-14 13:33:59,479 INFO Direct NBA day 6/30: 2026-05-07, 48 discovered -> 1 selected
2026-08-14 13:34:55,960 INFO Direct NBA day 7/30: 2026-05-08, 48 discovered -> 1 selected
2026-08-14 13:35:59,739 INFO Direct NBA day 8/30: 2026-05-09, 48 discovered -> 1 selected
2026-08-14 13:36:00,189 INFO NBA backfill checkpoint processed=1/1 parsed=1 missing=0 http_failed=0 invalid_pdf=0 parse_failed=0
2026-08-14 13:37:04,227 INFO Direct NBA day 9/30: 2026-05-10, 48 discovered -> 1 selected
2026-08-14 13:37:04,754 INFO NBA backfill checkpoint processed=1/1 parsed=1 missing=0 http_failed=0 invalid_pdf=0 parse_failed=0
2026-08-14 13:38:08,981 INFO Direct NBA day 10/30: 2026-05-11, 48 discovered -> 1 selected
2026-08-14 13:38:09,560 INFO NBA backfill checkpoint processed=1/1 parsed=1 missing=0 http_failed=0 invalid_pdf=0 parse_failed=0
2026-08-14 13:39:14,830 INFO Direct NBA day 11/30: 2026-05-12, 48 discovered -> 1 selected
2026-08-14 13:39:15,526 INFO NBA backfill checkpoint processed=1/1 parsed=1 missing=0 http_failed=0 invalid_pdf=0 parse_failed=0
2026-08-14 13:40:22,609 INFO Direct NBA day 12/30: 2026-05-13, 48 discovered -> 1 selected
2026-08-14 13:40:23,389 INFO NBA backfill checkpoint processed=1/1 parsed=1 missing=0 http_failed=0 invalid_pdf=0 parse_failed=0
Traceback (most recent call last):
  File "<frozen runpy>", line 203, in _run_module_as_main
  File "<frozen runpy>", line 88, in _run_code
  File "/Users/michael/Developer/nba_injury_database/app/jobs/backfill_nba_reports.py", line 248, in <module>
    main()
    ~~~~^^
  File "/Users/michael/Developer/nba_injury_database/app/jobs/backfill_nba_reports.py", line 162, in main
    selected = select_latest_reports(day_reports_for_selection)
  File "/Users/michael/Developer/nba_injury_database/app/nba/parser.py", line 151, in select_latest_reports
    game_pairs = extract_date_matchups(report.content)
  File "/Users/michael/Developer/nba_injury_database/app/nba/parser.py", line 132, in extract_date_matchups
    raise NBAReportParseError("No date/matchup pairs found")
app.nba.parser.NBAReportParseError: No date/matchup pairs found
