===== Backfilling 2026-05-01 to 2026-05-31 =====
2026-08-14 12:55:31,917 INFO Direct NBA day 1/31: 2026-05-01, 48 discovered -> 2 selected
2026-08-14 12:55:33,368 INFO NBA backfill checkpoint processed=2/2 parsed=2 missing=0 http_failed=0 invalid_pdf=0 parse_failed=0
2026-08-14 12:56:36,616 INFO Direct NBA day 2/31: 2026-05-02, 48 discovered -> 2 selected
2026-08-14 12:56:38,275 INFO NBA backfill checkpoint processed=2/2 parsed=2 missing=0 http_failed=0 invalid_pdf=0 parse_failed=0
2026-08-14 12:57:42,195 INFO Direct NBA day 3/31: 2026-05-03, 48 discovered -> 1 selected
2026-08-14 12:57:42,632 INFO NBA backfill checkpoint processed=1/1 parsed=1 missing=0 http_failed=0 invalid_pdf=0 parse_failed=0
2026-08-14 12:58:46,376 INFO Direct NBA day 4/31: 2026-05-04, 48 discovered -> 1 selected
2026-08-14 12:58:46,746 INFO NBA backfill checkpoint processed=1/1 parsed=1 missing=0 http_failed=0 invalid_pdf=0 parse_failed=0
2026-08-14 12:59:51,890 INFO Direct NBA day 5/31: 2026-05-05, 48 discovered -> 1 selected
2026-08-14 12:59:52,377 INFO NBA backfill checkpoint processed=1/1 parsed=1 missing=0 http_failed=0 invalid_pdf=0 parse_failed=0
2026-08-14 13:00:55,750 INFO Direct NBA day 6/31: 2026-05-06, 48 discovered -> 1 selected
2026-08-14 13:00:56,112 INFO NBA backfill checkpoint processed=1/1 parsed=1 missing=0 http_failed=0 invalid_pdf=0 parse_failed=0
2026-08-14 13:02:00,156 INFO Direct NBA day 7/31: 2026-05-07, 48 discovered -> 1 selected
2026-08-14 13:02:00,465 INFO NBA backfill checkpoint processed=1/1 parsed=1 missing=0 http_failed=0 invalid_pdf=0 parse_failed=0
2026-08-14 13:03:04,033 INFO Direct NBA day 8/31: 2026-05-08, 48 discovered -> 1 selected
2026-08-14 13:03:04,347 INFO NBA backfill checkpoint processed=1/1 parsed=1 missing=0 http_failed=0 invalid_pdf=0 parse_failed=0
Traceback (most recent call last):
  File "<frozen runpy>", line 203, in _run_module_as_main
  File "<frozen runpy>", line 88, in _run_code
  File "/Users/michael/Developer/nba_injury_database/app/jobs/backfill_nba_reports.py", line 248, in <module>
    main()
    ~~~~^^
  File "/Users/michael/Developer/nba_injury_database/app/jobs/backfill_nba_reports.py", line 136, in main
    downloaded = client.download(disc.source_url)
  File "/Users/michael/Developer/nba_injury_database/app/nba/client.py", line 71, in download
    self._rate_limit()
    ~~~~~~~~~~~~~~~~^^
  File "/Users/michael/Developer/nba_injury_database/app/nba/client.py", line 66, in _rate_limit
    self.sleep(wait)
    ~~~~~~~~~~^^^^^^
KeyboardInterrupt
