2026-08-15 08:02:22,041 INFO Skipped non-substantive snapshot (no date/matchup pairs): timestamp=2025-10-20T01:30:00 source_url=https://ak-static.cms.nba.com/referee/injury/Injury-Report_2025-10-20_01AM.pdf
2026-08-15 08:02:22,052 INFO Skipped non-substantive snapshot (no date/matchup pairs): timestamp=2025-10-20T13:30:00 source_url=https://ak-static.cms.nba.com/referee/injury/Injury-Report_2025-10-20_01PM.pdf
2026-08-15 08:02:22,061 INFO Skipped non-substantive snapshot (no date/matchup pairs): timestamp=2025-10-20T02:30:00 source_url=https://ak-static.cms.nba.com/referee/injury/Injury-Report_2025-10-20_02AM.pdf
2026-08-15 08:02:22,069 INFO Skipped non-substantive snapshot (no date/matchup pairs): timestamp=2025-10-20T14:30:00 source_url=https://ak-static.cms.nba.com/referee/injury/Injury-Report_2025-10-20_02PM.pdf
2026-08-15 08:02:22,077 INFO Skipped non-substantive snapshot (no date/matchup pairs): timestamp=2025-10-20T03:30:00 source_url=https://ak-static.cms.nba.com/referee/injury/Injury-Report_2025-10-20_03AM.pdf
2026-08-15 08:02:22,097 INFO Skipped non-substantive snapshot (no date/matchup pairs): timestamp=2025-10-20T04:30:00 source_url=https://ak-static.cms.nba.com/referee/injury/Injury-Report_2025-10-20_04AM.pdf
2026-08-15 08:02:22,115 INFO Skipped non-substantive snapshot (no date/matchup pairs): timestamp=2025-10-20T05:30:00 source_url=https://ak-static.cms.nba.com/referee/injury/Injury-Report_2025-10-20_05AM.pdf
2026-08-15 08:02:22,132 INFO Skipped non-substantive snapshot (no date/matchup pairs): timestamp=2025-10-20T06:30:00 source_url=https://ak-static.cms.nba.com/referee/injury/Injury-Report_2025-10-20_06AM.pdf
2026-08-15 08:02:22,157 INFO Skipped non-substantive snapshot (no date/matchup pairs): timestamp=2025-10-20T07:30:00 source_url=https://ak-static.cms.nba.com/referee/injury/Injury-Report_2025-10-20_07AM.pdf
2026-08-15 08:02:22,184 INFO Skipped non-substantive snapshot (no date/matchup pairs): timestamp=2025-10-20T08:30:00 source_url=https://ak-static.cms.nba.com/referee/injury/Injury-Report_2025-10-20_08AM.pdf
2026-08-15 08:02:22,212 INFO Skipped non-substantive snapshot (no date/matchup pairs): timestamp=2025-10-20T09:30:00 source_url=https://ak-static.cms.nba.com/referee/injury/Injury-Report_2025-10-20_09AM.pdf
2026-08-15 08:02:22,241 INFO Skipped non-substantive snapshot (no date/matchup pairs): timestamp=2025-10-20T10:30:00 source_url=https://ak-static.cms.nba.com/referee/injury/Injury-Report_2025-10-20_10AM.pdf
2026-08-15 08:02:22,269 INFO Skipped non-substantive snapshot (no date/matchup pairs): timestamp=2025-10-20T11:30:00 source_url=https://ak-static.cms.nba.com/referee/injury/Injury-Report_2025-10-20_11AM.pdf
2026-08-15 08:02:22,297 INFO Skipped non-substantive snapshot (no date/matchup pairs): timestamp=2025-10-20T00:30:00 source_url=https://ak-static.cms.nba.com/referee/injury/Injury-Report_2025-10-20_12AM.pdf
2026-08-15 08:02:22,304 INFO Skipped non-substantive snapshot (no date/matchup pairs): timestamp=2025-10-20T12:30:00 source_url=https://ak-static.cms.nba.com/referee/injury/Injury-Report_2025-10-20_12PM.pdf
2026-08-15 08:02:22,304 INFO Direct NBA day 1/178: 2025-10-20, 24 discovered -> 1 selected
2026-08-15 08:02:25,547 INFO Suppressed 47 entries from older reports for games superseded by newer snapshots on 2025-10-20
2026-08-15 08:03:20,748 INFO Direct NBA day 2/178: 2025-10-21, 24 discovered -> 1 selected
2026-08-15 08:03:21,062 INFO NBA backfill checkpoint processed=1/1 parsed=1 missing=0 http_failed=0 invalid_pdf=0 parse_failed=0
2026-08-15 08:03:35,590 INFO Suppressed 510 entries from older reports for games superseded by newer snapshots on 2025-10-21
2026-08-15 08:04:31,734 INFO Direct NBA day 3/178: 2025-10-22, 24 discovered -> 1 selected
2026-08-15 08:04:31,982 INFO NBA backfill checkpoint processed=1/1 parsed=1 missing=0 http_failed=0 invalid_pdf=0 parse_failed=0
2026-08-15 08:05:04,901 INFO Suppressed 1350 entries from older reports for games superseded by newer snapshots on 2025-10-22
2026-08-15 08:06:00,104 INFO Direct NBA day 4/178: 2025-10-23, 24 discovered -> 1 selected
2026-08-15 08:06:00,350 INFO NBA backfill checkpoint processed=1/1 parsed=1 missing=0 http_failed=0 invalid_pdf=0 parse_failed=0
2026-08-15 08:06:19,294 INFO Suppressed 712 entries from older reports for games superseded by newer snapshots on 2025-10-23
2026-08-15 08:07:15,124 INFO Direct NBA day 5/178: 2025-10-24, 24 discovered -> 1 selected
2026-08-15 08:07:15,454 INFO NBA backfill checkpoint processed=1/1 parsed=1 missing=0 http_failed=0 invalid_pdf=0 parse_failed=0
2026-08-15 08:07:41,460 INFO Suppressed 1074 entries from older reports for games superseded by newer snapshots on 2025-10-24
2026-08-15 08:08:36,643 INFO Direct NBA day 6/178: 2025-10-25, 24 discovered -> 1 selected
2026-08-15 08:08:36,914 INFO NBA backfill checkpoint processed=1/1 parsed=1 missing=0 http_failed=0 invalid_pdf=0 parse_failed=0
2026-08-15 08:08:53,878 INFO Suppressed 660 entries from older reports for games superseded by newer snapshots on 2025-10-25
2026-08-15 08:09:49,676 INFO Direct NBA day 7/178: 2025-10-26, 24 discovered -> 1 selected
2026-08-15 08:09:50,006 INFO NBA backfill checkpoint processed=1/1 parsed=1 missing=0 http_failed=0 invalid_pdf=0 parse_failed=0
2026-08-15 08:10:20,830 INFO Suppressed 1284 entries from older reports for games superseded by newer snapshots on 2025-10-26
2026-08-15 08:11:16,477 INFO Direct NBA day 8/178: 2025-10-27, 24 discovered -> 1 selected
2026-08-15 08:11:16,791 INFO NBA backfill checkpoint processed=1/1 parsed=1 missing=0 http_failed=0 invalid_pdf=0 parse_failed=0
2026-08-15 08:11:46,598 INFO Suppressed 1228 entries from older reports for games superseded by newer snapshots on 2025-10-27
2026-08-15 08:12:42,028 INFO Direct NBA day 9/178: 2025-10-28, 24 discovered -> 1 selected
2026-08-15 08:12:42,337 INFO NBA backfill checkpoint processed=1/1 parsed=1 missing=0 http_failed=0 invalid_pdf=0 parse_failed=0
2026-08-15 08:13:10,263 INFO Suppressed 1162 entries from older reports for games superseded by newer snapshots on 2025-10-28
2026-08-15 08:14:07,233 INFO Direct NBA day 10/178: 2025-10-29, 24 discovered -> 1 selected
2026-08-15 08:14:07,517 INFO NBA backfill checkpoint processed=1/1 parsed=1 missing=0 http_failed=0 invalid_pdf=0 parse_failed=0
2026-08-15 08:14:43,927 INFO Suppressed 1645 entries from older reports for games superseded by newer snapshots on 2025-10-29
2026-08-15 08:15:39,333 INFO Direct NBA day 11/178: 2025-10-30, 24 discovered -> 1 selected
2026-08-15 08:15:39,630 INFO NBA backfill checkpoint processed=1/1 parsed=1 missing=0 http_failed=0 invalid_pdf=0 parse_failed=0
2026-08-15 08:16:02,060 INFO Suppressed 914 entries from older reports for games superseded by newer snapshots on 2025-10-30
2026-08-15 08:16:58,506 INFO Direct NBA day 12/178: 2025-10-31, 24 discovered -> 1 selected
2026-08-15 08:17:44,152 INFO Suppressed 2050 entries from older reports for games superseded by newer snapshots on 2025-10-31
2026-08-15 08:18:39,411 INFO Direct NBA day 13/178: 2025-11-01, 24 discovered -> 1 selected
2026-08-15 08:18:39,720 INFO NBA backfill checkpoint processed=1/1 parsed=1 missing=0 http_failed=0 invalid_pdf=0 parse_failed=0
2026-08-15 08:18:57,051 INFO Suppressed 718 entries from older reports for games superseded by newer snapshots on 2025-11-01
2026-08-15 08:19:53,792 INFO Direct NBA day 14/178: 2025-11-02, 24 discovered -> 1 selected
2026-08-15 08:19:54,105 INFO NBA backfill checkpoint processed=1/1 parsed=1 missing=0 http_failed=0 invalid_pdf=0 parse_failed=0
2026-08-15 08:20:20,440 INFO Suppressed 1154 entries from older reports for games superseded by newer snapshots on 2025-11-02
2026-08-15 08:21:16,552 INFO Direct NBA day 15/178: 2025-11-03, 24 discovered -> 1 selected
2026-08-15 08:21:16,912 INFO NBA backfill checkpoint processed=1/1 parsed=1 missing=0 http_failed=0 invalid_pdf=0 parse_failed=0
2026-08-15 08:21:43,952 INFO Suppressed 1194 entries from older reports for games superseded by newer snapshots on 2025-11-03
2026-08-15 08:22:41,337 INFO Direct NBA day 16/178: 2025-11-04, 24 discovered -> 1 selected
2026-08-15 08:22:41,677 INFO NBA backfill checkpoint processed=1/1 parsed=1 missing=0 http_failed=0 invalid_pdf=0 parse_failed=0
2026-08-15 08:23:17,253 INFO Suppressed 1526 entries from older reports for games superseded by newer snapshots on 2025-11-04
2026-08-15 08:24:14,153 INFO Direct NBA day 17/178: 2025-11-05, 24 discovered -> 1 selected
2026-08-15 08:24:14,446 INFO NBA backfill checkpoint processed=1/1 parsed=1 missing=0 http_failed=0 invalid_pdf=0 parse_failed=0
2026-08-15 08:25:02,011 INFO Suppressed 2275 entries from older reports for games superseded by newer snapshots on 2025-11-05
2026-08-15 08:25:57,533 INFO Direct NBA day 18/178: 2025-11-06, 24 discovered -> 1 selected
2026-08-15 08:25:57,781 INFO NBA backfill checkpoint processed=1/1 parsed=1 missing=0 http_failed=0 invalid_pdf=0 parse_failed=0
2026-08-15 08:26:17,427 INFO Suppressed 779 entries from older reports for games superseded by newer snapshots on 2025-11-06
2026-08-15 08:27:15,027 INFO Direct NBA day 19/178: 2025-11-07, 24 discovered -> 1 selected
2026-08-15 08:27:15,370 INFO NBA backfill checkpoint processed=1/1 parsed=1 missing=0 http_failed=0 invalid_pdf=0 parse_failed=0
2026-08-15 08:28:00,954 INFO Suppressed 2117 entries from older reports for games superseded by newer snapshots on 2025-11-07
2026-08-15 08:28:56,768 INFO Direct NBA day 20/178: 2025-11-08, 24 discovered -> 1 selected
2026-08-15 08:28:57,146 INFO NBA backfill checkpoint processed=1/1 parsed=1 missing=0 http_failed=0 invalid_pdf=0 parse_failed=0
2026-08-15 08:29:25,829 INFO Suppressed 1277 entries from older reports for games superseded by newer snapshots on 2025-11-08
2026-08-15 08:30:23,047 INFO Direct NBA day 21/178: 2025-11-09, 24 discovered -> 1 selected
2026-08-15 08:30:23,370 INFO NBA backfill checkpoint processed=1/1 parsed=1 missing=0 http_failed=0 invalid_pdf=0 parse_failed=0
2026-08-15 08:30:50,772 INFO Suppressed 1215 entries from older reports for games superseded by newer snapshots on 2025-11-09
2026-08-15 08:31:48,291 INFO Direct NBA day 22/178: 2025-11-10, 24 discovered -> 1 selected
2026-08-15 08:31:48,601 INFO NBA backfill checkpoint processed=1/1 parsed=1 missing=0 http_failed=0 invalid_pdf=0 parse_failed=0
2026-08-15 08:32:30,435 INFO Suppressed 1882 entries from older reports for games superseded by newer snapshots on 2025-11-10
2026-08-15 08:33:28,633 INFO Direct NBA day 23/178: 2025-11-11, 24 discovered -> 1 selected
2026-08-15 08:33:56,420 INFO Suppressed 1194 entries from older reports for games superseded by newer snapshots on 2025-11-11
2026-08-15 08:34:55,025 INFO Direct NBA day 24/178: 2025-11-12, 24 discovered -> 1 selected
2026-08-15 08:34:55,395 INFO NBA backfill checkpoint processed=1/1 parsed=1 missing=0 http_failed=0 invalid_pdf=0 parse_failed=0
2026-08-15 08:35:25,874 INFO Suppressed 1422 entries from older reports for games superseded by newer snapshots on 2025-11-12
2026-08-15 08:36:21,407 INFO Direct NBA day 25/178: 2025-11-13, 24 discovered -> 1 selected
2026-08-15 08:36:21,745 INFO NBA backfill checkpoint processed=1/1 parsed=1 missing=0 http_failed=0 invalid_pdf=0 parse_failed=0
2026-08-15 08:36:38,789 INFO Suppressed 740 entries from older reports for games superseded by newer snapshots on 2025-11-13
2026-08-15 08:37:36,877 INFO Direct NBA day 26/178: 2025-11-14, 24 discovered -> 1 selected
2026-08-15 08:37:37,169 INFO NBA backfill checkpoint processed=1/1 parsed=1 missing=0 http_failed=0 invalid_pdf=0 parse_failed=0
2026-08-15 08:38:08,701 INFO Suppressed 1507 entries from older reports for games superseded by newer snapshots on 2025-11-14
2026-08-15 08:39:06,225 INFO Direct NBA day 27/178: 2025-11-15, 24 discovered -> 1 selected
2026-08-15 08:39:06,525 INFO NBA backfill checkpoint processed=1/1 parsed=1 missing=0 http_failed=0 invalid_pdf=0 parse_failed=0
2026-08-15 08:39:27,582 INFO Suppressed 926 entries from older reports for games superseded by newer snapshots on 2025-11-15
2026-08-15 08:40:25,762 INFO Direct NBA day 28/178: 2025-11-16, 24 discovered -> 1 selected
2026-08-15 08:40:26,085 INFO NBA backfill checkpoint processed=1/1 parsed=1 missing=0 http_failed=0 invalid_pdf=0 parse_failed=0
2026-08-15 08:41:15,514 INFO Suppressed 2321 entries from older reports for games superseded by newer snapshots on 2025-11-16
2026-08-15 08:42:13,966 INFO Direct NBA day 29/178: 2025-11-17, 24 discovered -> 1 selected
2026-08-15 08:42:14,317 INFO NBA backfill checkpoint processed=1/1 parsed=1 missing=0 http_failed=0 invalid_pdf=0 parse_failed=0
2026-08-15 08:42:43,724 INFO Suppressed 1368 entries from older reports for games superseded by newer snapshots on 2025-11-17
2026-08-15 08:43:40,542 INFO Direct NBA day 30/178: 2025-11-18, 24 discovered -> 1 selected
2026-08-15 08:44:11,724 INFO Suppressed 1432 entries from older reports for games superseded by newer snapshots on 2025-11-18
2026-08-15 08:45:09,503 INFO Direct NBA day 31/178: 2025-11-19, 24 discovered -> 1 selected
2026-08-15 08:45:09,846 INFO NBA backfill checkpoint processed=1/1 parsed=1 missing=0 http_failed=0 invalid_pdf=0 parse_failed=0
2026-08-15 08:45:41,570 INFO Suppressed 1524 entries from older reports for games superseded by newer snapshots on 2025-11-19
2026-08-15 08:46:38,596 INFO Direct NBA day 32/178: 2025-11-20, 24 discovered -> 1 selected
2026-08-15 08:46:39,198 INFO NBA backfill checkpoint processed=1/1 parsed=1 missing=0 http_failed=0 invalid_pdf=0 parse_failed=0
2026-08-15 08:46:59,478 INFO Suppressed 903 entries from older reports for games superseded by newer snapshots on 2025-11-20
2026-08-15 08:47:58,253 INFO Direct NBA day 33/178: 2025-11-21, 24 discovered -> 1 selected
2026-08-15 08:47:58,580 INFO NBA backfill checkpoint processed=1/1 parsed=1 missing=0 http_failed=0 invalid_pdf=0 parse_failed=0
2026-08-15 08:48:33,478 INFO Suppressed 1678 entries from older reports for games superseded by newer snapshots on 2025-11-21
2026-08-15 08:49:31,196 INFO Direct NBA day 34/178: 2025-11-22, 24 discovered -> 1 selected
2026-08-15 08:49:55,154 INFO Suppressed 1089 entries from older reports for games superseded by newer snapshots on 2025-11-22
2026-08-15 08:50:53,703 INFO Direct NBA day 35/178: 2025-11-23, 24 discovered -> 1 selected
2026-08-15 08:50:54,124 INFO NBA backfill checkpoint processed=1/1 parsed=1 missing=0 http_failed=0 invalid_pdf=0 parse_failed=0
2026-08-15 08:51:29,355 INFO Suppressed 1596 entries from older reports for games superseded by newer snapshots on 2025-11-23
2026-08-15 08:52:28,340 INFO Direct NBA day 36/178: 2025-11-24, 24 discovered -> 1 selected
2026-08-15 08:52:28,696 INFO NBA backfill checkpoint processed=1/1 parsed=1 missing=0 http_failed=0 invalid_pdf=0 parse_failed=0
2026-08-15 08:52:54,676 INFO Suppressed 1200 entries from older reports for games superseded by newer snapshots on 2025-11-24
2026-08-15 08:53:51,485 INFO Direct NBA day 37/178: 2025-11-25, 24 discovered -> 1 selected
2026-08-15 08:54:06,293 INFO Suppressed 587 entries from older reports for games superseded by newer snapshots on 2025-11-25
2026-08-15 08:55:03,811 INFO Direct NBA day 38/178: 2025-11-26, 24 discovered -> 1 selected
2026-08-15 08:55:04,061 INFO NBA backfill checkpoint processed=1/1 parsed=1 missing=0 http_failed=0 invalid_pdf=0 parse_failed=0
2026-08-15 08:55:19,706 INFO Suppressed 704 entries from older reports for games superseded by newer snapshots on 2025-11-26
2026-08-15 08:56:14,454 INFO Skipped non-substantive snapshot (no date/matchup pairs): timestamp=2025-11-27T01:30:00 source_url=https://ak-static.cms.nba.com/referee/injury/Injury-Report_2025-11-27_01AM.pdf
2026-08-15 08:56:14,496 INFO Skipped non-substantive snapshot (no date/matchup pairs): timestamp=2025-11-27T02:30:00 source_url=https://ak-static.cms.nba.com/referee/injury/Injury-Report_2025-11-27_02AM.pdf
2026-08-15 08:56:14,540 INFO Skipped non-substantive snapshot (no date/matchup pairs): timestamp=2025-11-27T03:30:00 source_url=https://ak-static.cms.nba.com/referee/injury/Injury-Report_2025-11-27_03AM.pdf
2026-08-15 08:56:14,631 INFO Skipped non-substantive snapshot (no date/matchup pairs): timestamp=2025-11-27T04:30:00 source_url=https://ak-static.cms.nba.com/referee/injury/Injury-Report_2025-11-27_04AM.pdf
2026-08-15 08:56:14,689 INFO Skipped non-substantive snapshot (no date/matchup pairs): timestamp=2025-11-27T05:30:00 source_url=https://ak-static.cms.nba.com/referee/injury/Injury-Report_2025-11-27_05AM.pdf
2026-08-15 08:56:14,790 INFO Skipped non-substantive snapshot (no date/matchup pairs): timestamp=2025-11-27T06:30:00 source_url=https://ak-static.cms.nba.com/referee/injury/Injury-Report_2025-11-27_06AM.pdf
2026-08-15 08:56:14,899 INFO Skipped non-substantive snapshot (no date/matchup pairs): timestamp=2025-11-27T07:30:00 source_url=https://ak-static.cms.nba.com/referee/injury/Injury-Report_2025-11-27_07AM.pdf
2026-08-15 08:56:15,021 INFO Skipped non-substantive snapshot (no date/matchup pairs): timestamp=2025-11-27T08:30:00 source_url=https://ak-static.cms.nba.com/referee/injury/Injury-Report_2025-11-27_08AM.pdf
2026-08-15 08:56:15,201 INFO Skipped non-substantive snapshot (no date/matchup pairs): timestamp=2025-11-27T09:30:00 source_url=https://ak-static.cms.nba.com/referee/injury/Injury-Report_2025-11-27_09AM.pdf
2026-08-15 08:56:15,332 INFO Skipped non-substantive snapshot (no date/matchup pairs): timestamp=2025-11-27T10:30:00 source_url=https://ak-static.cms.nba.com/referee/injury/Injury-Report_2025-11-27_10AM.pdf
2026-08-15 08:56:15,463 INFO Skipped non-substantive snapshot (no date/matchup pairs): timestamp=2025-11-27T11:30:00 source_url=https://ak-static.cms.nba.com/referee/injury/Injury-Report_2025-11-27_11AM.pdf
2026-08-15 08:56:15,594 INFO Skipped non-substantive snapshot (no date/matchup pairs): timestamp=2025-11-27T00:30:00 source_url=https://ak-static.cms.nba.com/referee/injury/Injury-Report_2025-11-27_12AM.pdf
2026-08-15 08:56:15,614 INFO Skipped non-substantive snapshot (no date/matchup pairs): timestamp=2025-11-27T12:30:00 source_url=https://ak-static.cms.nba.com/referee/injury/Injury-Report_2025-11-27_12PM.pdf
2026-08-15 08:56:15,614 INFO Direct NBA day 39/178: 2025-11-27, 24 discovered -> 1 selected
2026-08-15 08:56:15,959 INFO NBA backfill checkpoint processed=1/1 parsed=1 missing=0 http_failed=0 invalid_pdf=0 parse_failed=0
2026-08-15 08:56:24,868 INFO Suppressed 328 entries from older reports for games superseded by newer snapshots on 2025-11-27
2026-08-15 08:57:23,009 INFO Direct NBA day 40/178: 2025-11-28, 24 discovered -> 1 selected
2026-08-15 08:57:23,318 INFO NBA backfill checkpoint processed=1/1 parsed=1 missing=0 http_failed=0 invalid_pdf=0 parse_failed=0
2026-08-15 08:57:54,012 INFO Suppressed 1465 entries from older reports for games superseded by newer snapshots on 2025-11-28
2026-08-15 08:58:51,195 INFO Direct NBA day 41/178: 2025-11-29, 24 discovered -> 1 selected
2026-08-15 08:58:51,554 INFO NBA backfill checkpoint processed=1/1 parsed=1 missing=0 http_failed=0 invalid_pdf=0 parse_failed=0
2026-08-15 08:59:17,306 INFO Suppressed 1123 entries from older reports for games superseded by newer snapshots on 2025-11-29
2026-08-15 09:00:15,627 INFO Direct NBA day 42/178: 2025-11-30, 24 discovered -> 1 selected
2026-08-15 09:00:15,976 INFO NBA backfill checkpoint processed=1/1 parsed=1 missing=0 http_failed=0 invalid_pdf=0 parse_failed=0
2026-08-15 09:00:51,680 INFO Suppressed 1664 entries from older reports for games superseded by newer snapshots on 2025-11-30
2026-08-15 09:01:51,766 INFO Direct NBA day 43/178: 2025-12-01, 24 discovered -> 1 selected
2026-08-15 09:01:52,119 INFO NBA backfill checkpoint processed=1/1 parsed=1 missing=0 http_failed=0 invalid_pdf=0 parse_failed=0
2026-08-15 09:02:22,093 INFO Suppressed 1426 entries from older reports for games superseded by newer snapshots on 2025-12-01
2026-08-15 09:03:19,369 INFO Direct NBA day 44/178: 2025-12-02, 24 discovered -> 1 selected
2026-08-15 09:03:19,735 INFO NBA backfill checkpoint processed=1/1 parsed=1 missing=0 http_failed=0 invalid_pdf=0 parse_failed=0
2026-08-15 09:03:54,576 INFO Suppressed 1624 entries from older reports for games superseded by newer snapshots on 2025-12-02
2026-08-15 09:04:53,277 INFO Direct NBA day 45/178: 2025-12-03, 24 discovered -> 1 selected
2026-08-15 09:04:53,615 INFO NBA backfill checkpoint processed=1/1 parsed=1 missing=0 http_failed=0 invalid_pdf=0 parse_failed=0
2026-08-15 09:05:41,880 INFO Suppressed 2339 entries from older reports for games superseded by newer snapshots on 2025-12-03
2026-08-15 09:06:41,058 INFO Direct NBA day 46/178: 2025-12-04, 24 discovered -> 1 selected
2026-08-15 09:06:41,446 INFO NBA backfill checkpoint processed=1/1 parsed=1 missing=0 http_failed=0 invalid_pdf=0 parse_failed=0
2026-08-15 09:07:05,316 INFO Suppressed 1001 entries from older reports for games superseded by newer snapshots on 2025-12-04
2026-08-15 09:08:04,161 INFO Direct NBA day 47/178: 2025-12-05, 24 discovered -> 1 selected
2026-08-15 09:08:49,045 INFO Suppressed 2192 entries from older reports for games superseded by newer snapshots on 2025-12-05
2026-08-15 09:09:46,094 INFO Direct NBA day 48/178: 2025-12-06, 24 discovered -> 1 selected
2026-08-15 09:09:46,439 INFO NBA backfill checkpoint processed=1/1 parsed=1 missing=0 http_failed=0 invalid_pdf=0 parse_failed=0
2026-08-15 09:10:14,174 INFO Suppressed 1225 entries from older reports for games superseded by newer snapshots on 2025-12-06
2026-08-15 09:11:11,612 INFO Direct NBA day 49/178: 2025-12-07, 24 discovered -> 1 selected
2026-08-15 09:11:11,891 INFO NBA backfill checkpoint processed=1/1 parsed=1 missing=0 http_failed=0 invalid_pdf=0 parse_failed=0
2026-08-15 09:11:28,617 INFO Suppressed 741 entries from older reports for games superseded by newer snapshots on 2025-12-07
2026-08-15 09:12:25,854 INFO Direct NBA day 50/178: 2025-12-08, 24 discovered -> 1 selected
2026-08-15 09:12:26,053 INFO NBA backfill checkpoint processed=1/1 parsed=1 missing=0 http_failed=0 invalid_pdf=0 parse_failed=0
2026-08-15 09:12:31,750 INFO Suppressed 182 entries from older reports for games superseded by newer snapshots on 2025-12-08
2026-08-15 09:13:25,931 INFO Direct NBA day 51/178: 2025-12-09, 24 discovered -> 1 selected
2026-08-15 09:13:26,296 INFO NBA backfill checkpoint processed=1/1 parsed=1 missing=0 http_failed=0 invalid_pdf=0 parse_failed=0
2026-08-15 09:13:33,011 INFO Suppressed 219 entries from older reports for games superseded by newer snapshots on 2025-12-09
2026-08-15 09:14:28,469 INFO Direct NBA day 52/178: 2025-12-10, 24 discovered -> 1 selected
2026-08-15 09:14:28,891 INFO NBA backfill checkpoint processed=1/1 parsed=1 missing=0 http_failed=0 invalid_pdf=0 parse_failed=0
2026-08-15 09:14:36,706 INFO Suppressed 252 entries from older reports for games superseded by newer snapshots on 2025-12-10
2026-08-15 09:15:34,702 INFO Direct NBA day 53/178: 2025-12-11, 24 discovered -> 1 selected
2026-08-15 09:15:55,954 INFO Suppressed 957 entries from older reports for games superseded by newer snapshots on 2025-12-11
2026-08-15 09:16:53,845 INFO Direct NBA day 54/178: 2025-12-12, 24 discovered -> 1 selected
2026-08-15 09:16:54,162 INFO NBA backfill checkpoint processed=1/1 parsed=1 missing=0 http_failed=0 invalid_pdf=0 parse_failed=0
2026-08-15 09:17:15,871 INFO Suppressed 1043 entries from older reports for games superseded by newer snapshots on 2025-12-12
2026-08-15 09:18:12,038 INFO Direct NBA day 55/178: 2025-12-13, 24 discovered -> 1 selected
2026-08-15 09:18:12,302 INFO NBA backfill checkpoint processed=1/1 parsed=1 missing=0 http_failed=0 invalid_pdf=0 parse_failed=0
2026-08-15 09:18:19,788 INFO Suppressed 243 entries from older reports for games superseded by newer snapshots on 2025-12-13
2026-08-15 09:19:16,918 INFO Direct NBA day 56/178: 2025-12-14, 24 discovered -> 1 selected
2026-08-15 09:19:17,223 INFO NBA backfill checkpoint processed=1/1 parsed=1 missing=0 http_failed=0 invalid_pdf=0 parse_failed=0
2026-08-15 09:19:41,843 INFO Suppressed 1157 entries from older reports for games superseded by newer snapshots on 2025-12-14
2026-08-15 09:20:39,099 INFO Direct NBA day 57/178: 2025-12-15, 24 discovered -> 1 selected
2026-08-15 09:20:39,292 INFO NBA backfill checkpoint processed=1/1 parsed=1 missing=0 http_failed=0 invalid_pdf=0 parse_failed=0
2026-08-15 09:20:55,132 INFO Suppressed 690 entries from older reports for games superseded by newer snapshots on 2025-12-15
2026-08-15 09:21:51,085 INFO Direct NBA day 58/178: 2025-12-16, 24 discovered -> 1 selected
2026-08-15 09:21:51,835 INFO NBA backfill checkpoint processed=1/1 parsed=1 missing=0 http_failed=0 invalid_pdf=0 parse_failed=0
2026-08-15 09:21:54,355 INFO Suppressed 21 entries from older reports for games superseded by newer snapshots on 2025-12-16
2026-08-15 09:22:53,745 INFO Direct NBA day 59/178: 2025-12-17, 24 discovered -> 1 selected
2026-08-15 09:23:10,194 INFO Suppressed 703 entries from older reports for games superseded by newer snapshots on 2025-12-17
2026-08-15 09:24:09,491 INFO Direct NBA day 60/178: 2025-12-18, 24 discovered -> 1 selected
2026-08-15 09:24:09,835 INFO NBA backfill checkpoint processed=1/1 parsed=1 missing=0 http_failed=0 invalid_pdf=0 parse_failed=0
2026-08-15 09:24:43,609 INFO Suppressed 1621 entries from older reports for games superseded by newer snapshots on 2025-12-18
2026-08-15 09:25:40,750 INFO Direct NBA day 61/178: 2025-12-19, 24 discovered -> 1 selected
2026-08-15 09:25:41,091 INFO NBA backfill checkpoint processed=1/1 parsed=1 missing=0 http_failed=0 invalid_pdf=0 parse_failed=0
2026-08-15 09:26:04,598 INFO Suppressed 1039 entries from older reports for games superseded by newer snapshots on 2025-12-19
2026-08-15 09:27:02,228 INFO Direct NBA day 62/178: 2025-12-20, 24 discovered -> 1 selected
2026-08-15 09:27:02,604 INFO NBA backfill checkpoint processed=1/1 parsed=1 missing=0 http_failed=0 invalid_pdf=0 parse_failed=0
2026-08-15 09:27:49,179 INFO Suppressed 2222 entries from older reports for games superseded by newer snapshots on 2025-12-20
2026-08-15 09:28:46,732 INFO Direct NBA day 63/178: 2025-12-21, 24 discovered -> 1 selected
2026-08-15 09:28:47,132 INFO NBA backfill checkpoint processed=1/1 parsed=1 missing=0 http_failed=0 invalid_pdf=0 parse_failed=0
2026-08-15 09:29:11,839 INFO Suppressed 1112 entries from older reports for games superseded by newer snapshots on 2025-12-21
2026-08-15 09:32:22,935 INFO Direct NBA day 64/178: 2025-12-22, 60 discovered -> 1 selected
2026-08-15 09:32:23,463 INFO NBA backfill checkpoint processed=1/1 parsed=1 missing=0 http_failed=0 invalid_pdf=0 parse_failed=0
2026-08-15 09:33:19,977 INFO Suppressed 2646 entries from older reports for games superseded by newer snapshots on 2025-12-22
2026-08-15 09:37:20,331 INFO Direct NBA day 65/178: 2025-12-23, 96 discovered -> 1 selected
2026-08-15 09:37:20,873 INFO NBA backfill checkpoint processed=1/1 parsed=1 missing=0 http_failed=0 invalid_pdf=0 parse_failed=0
2026-08-15 09:38:35,827 INFO Suppressed 3608 entries from older reports for games superseded by newer snapshots on 2025-12-23
2026-08-15 09:42:19,684 INFO Skipped non-substantive snapshot (no date/matchup pairs): timestamp=2025-12-24T01:00:00 source_url=https://ak-static.cms.nba.com/referee/injury/Injury-Report_2025-12-24_01_00AM.pdf
2026-08-15 09:42:19,699 INFO Skipped non-substantive snapshot (no date/matchup pairs): timestamp=2025-12-24T13:00:00 source_url=https://ak-static.cms.nba.com/referee/injury/Injury-Report_2025-12-24_01_00PM.pdf
2026-08-15 09:42:19,712 INFO Skipped non-substantive snapshot (no date/matchup pairs): timestamp=2025-12-24T01:15:00 source_url=https://ak-static.cms.nba.com/referee/injury/Injury-Report_2025-12-24_01_15AM.pdf
2026-08-15 09:42:19,725 INFO Skipped non-substantive snapshot (no date/matchup pairs): timestamp=2025-12-24T13:15:00 source_url=https://ak-static.cms.nba.com/referee/injury/Injury-Report_2025-12-24_01_15PM.pdf
2026-08-15 09:42:19,736 INFO Skipped non-substantive snapshot (no date/matchup pairs): timestamp=2025-12-24T01:30:00 source_url=https://ak-static.cms.nba.com/referee/injury/Injury-Report_2025-12-24_01_30AM.pdf
2026-08-15 09:42:19,747 INFO Skipped non-substantive snapshot (no date/matchup pairs): timestamp=2025-12-24T13:30:00 source_url=https://ak-static.cms.nba.com/referee/injury/Injury-Report_2025-12-24_01_30PM.pdf
2026-08-15 09:42:19,758 INFO Skipped non-substantive snapshot (no date/matchup pairs): timestamp=2025-12-24T01:45:00 source_url=https://ak-static.cms.nba.com/referee/injury/Injury-Report_2025-12-24_01_45AM.pdf
2026-08-15 09:42:19,769 INFO Skipped non-substantive snapshot (no date/matchup pairs): timestamp=2025-12-24T13:45:00 source_url=https://ak-static.cms.nba.com/referee/injury/Injury-Report_2025-12-24_01_45PM.pdf
2026-08-15 09:42:19,781 INFO Skipped non-substantive snapshot (no date/matchup pairs): timestamp=2025-12-24T02:00:00 source_url=https://ak-static.cms.nba.com/referee/injury/Injury-Report_2025-12-24_02_00AM.pdf
2026-08-15 09:42:19,794 INFO Skipped non-substantive snapshot (no date/matchup pairs): timestamp=2025-12-24T14:00:00 source_url=https://ak-static.cms.nba.com/referee/injury/Injury-Report_2025-12-24_02_00PM.pdf
2026-08-15 09:42:19,805 INFO Skipped non-substantive snapshot (no date/matchup pairs): timestamp=2025-12-24T02:15:00 source_url=https://ak-static.cms.nba.com/referee/injury/Injury-Report_2025-12-24_02_15AM.pdf
2026-08-15 09:42:19,816 INFO Skipped non-substantive snapshot (no date/matchup pairs): timestamp=2025-12-24T14:15:00 source_url=https://ak-static.cms.nba.com/referee/injury/Injury-Report_2025-12-24_02_15PM.pdf
2026-08-15 09:42:19,827 INFO Skipped non-substantive snapshot (no date/matchup pairs): timestamp=2025-12-24T02:30:00 source_url=https://ak-static.cms.nba.com/referee/injury/Injury-Report_2025-12-24_02_30AM.pdf
2026-08-15 09:42:19,838 INFO Skipped non-substantive snapshot (no date/matchup pairs): timestamp=2025-12-24T14:30:00 source_url=https://ak-static.cms.nba.com/referee/injury/Injury-Report_2025-12-24_02_30PM.pdf
2026-08-15 09:42:19,850 INFO Skipped non-substantive snapshot (no date/matchup pairs): timestamp=2025-12-24T02:45:00 source_url=https://ak-static.cms.nba.com/referee/injury/Injury-Report_2025-12-24_02_45AM.pdf
2026-08-15 09:42:19,863 INFO Skipped non-substantive snapshot (no date/matchup pairs): timestamp=2025-12-24T14:45:00 source_url=https://ak-static.cms.nba.com/referee/injury/Injury-Report_2025-12-24_02_45PM.pdf
2026-08-15 09:42:19,874 INFO Skipped non-substantive snapshot (no date/matchup pairs): timestamp=2025-12-24T03:00:00 source_url=https://ak-static.cms.nba.com/referee/injury/Injury-Report_2025-12-24_03_00AM.pdf
2026-08-15 09:42:19,885 INFO Skipped non-substantive snapshot (no date/matchup pairs): timestamp=2025-12-24T15:00:00 source_url=https://ak-static.cms.nba.com/referee/injury/Injury-Report_2025-12-24_03_00PM.pdf
2026-08-15 09:42:19,896 INFO Skipped non-substantive snapshot (no date/matchup pairs): timestamp=2025-12-24T03:15:00 source_url=https://ak-static.cms.nba.com/referee/injury/Injury-Report_2025-12-24_03_15AM.pdf
2026-08-15 09:42:19,908 INFO Skipped non-substantive snapshot (no date/matchup pairs): timestamp=2025-12-24T15:15:00 source_url=https://ak-static.cms.nba.com/referee/injury/Injury-Report_2025-12-24_03_15PM.pdf
2026-08-15 09:42:19,919 INFO Skipped non-substantive snapshot (no date/matchup pairs): timestamp=2025-12-24T03:30:00 source_url=https://ak-static.cms.nba.com/referee/injury/Injury-Report_2025-12-24_03_30AM.pdf
2026-08-15 09:42:19,932 INFO Skipped non-substantive snapshot (no date/matchup pairs): timestamp=2025-12-24T15:30:00 source_url=https://ak-static.cms.nba.com/referee/injury/Injury-Report_2025-12-24_03_30PM.pdf
2026-08-15 09:42:19,943 INFO Skipped non-substantive snapshot (no date/matchup pairs): timestamp=2025-12-24T03:45:00 source_url=https://ak-static.cms.nba.com/referee/injury/Injury-Report_2025-12-24_03_45AM.pdf
2026-08-15 09:42:19,968 INFO Skipped non-substantive snapshot (no date/matchup pairs): timestamp=2025-12-24T04:00:00 source_url=https://ak-static.cms.nba.com/referee/injury/Injury-Report_2025-12-24_04_00AM.pdf
2026-08-15 09:42:19,994 INFO Skipped non-substantive snapshot (no date/matchup pairs): timestamp=2025-12-24T04:15:00 source_url=https://ak-static.cms.nba.com/referee/injury/Injury-Report_2025-12-24_04_15AM.pdf
2026-08-15 09:42:20,021 INFO Skipped non-substantive snapshot (no date/matchup pairs): timestamp=2025-12-24T04:30:00 source_url=https://ak-static.cms.nba.com/referee/injury/Injury-Report_2025-12-24_04_30AM.pdf
2026-08-15 09:42:20,048 INFO Skipped non-substantive snapshot (no date/matchup pairs): timestamp=2025-12-24T04:45:00 source_url=https://ak-static.cms.nba.com/referee/injury/Injury-Report_2025-12-24_04_45AM.pdf
2026-08-15 09:42:20,082 INFO Skipped non-substantive snapshot (no date/matchup pairs): timestamp=2025-12-24T05:00:00 source_url=https://ak-static.cms.nba.com/referee/injury/Injury-Report_2025-12-24_05_00AM.pdf
2026-08-15 09:42:20,113 INFO Skipped non-substantive snapshot (no date/matchup pairs): timestamp=2025-12-24T05:15:00 source_url=https://ak-static.cms.nba.com/referee/injury/Injury-Report_2025-12-24_05_15AM.pdf
2026-08-15 09:42:20,158 INFO Skipped non-substantive snapshot (no date/matchup pairs): timestamp=2025-12-24T05:30:00 source_url=https://ak-static.cms.nba.com/referee/injury/Injury-Report_2025-12-24_05_30AM.pdf
2026-08-15 09:42:20,238 INFO Skipped non-substantive snapshot (no date/matchup pairs): timestamp=2025-12-24T05:45:00 source_url=https://ak-static.cms.nba.com/referee/injury/Injury-Report_2025-12-24_05_45AM.pdf
2026-08-15 09:42:20,282 INFO Skipped non-substantive snapshot (no date/matchup pairs): timestamp=2025-12-24T06:00:00 source_url=https://ak-static.cms.nba.com/referee/injury/Injury-Report_2025-12-24_06_00AM.pdf
2026-08-15 09:42:20,327 INFO Skipped non-substantive snapshot (no date/matchup pairs): timestamp=2025-12-24T06:15:00 source_url=https://ak-static.cms.nba.com/referee/injury/Injury-Report_2025-12-24_06_15AM.pdf
2026-08-15 09:42:20,373 INFO Skipped non-substantive snapshot (no date/matchup pairs): timestamp=2025-12-24T06:30:00 source_url=https://ak-static.cms.nba.com/referee/injury/Injury-Report_2025-12-24_06_30AM.pdf
2026-08-15 09:42:20,420 INFO Skipped non-substantive snapshot (no date/matchup pairs): timestamp=2025-12-24T06:45:00 source_url=https://ak-static.cms.nba.com/referee/injury/Injury-Report_2025-12-24_06_45AM.pdf
2026-08-15 09:42:20,470 INFO Skipped non-substantive snapshot (no date/matchup pairs): timestamp=2025-12-24T07:00:00 source_url=https://ak-static.cms.nba.com/referee/injury/Injury-Report_2025-12-24_07_00AM.pdf
2026-08-15 09:42:20,521 INFO Skipped non-substantive snapshot (no date/matchup pairs): timestamp=2025-12-24T07:15:00 source_url=https://ak-static.cms.nba.com/referee/injury/Injury-Report_2025-12-24_07_15AM.pdf
2026-08-15 09:42:20,571 INFO Skipped non-substantive snapshot (no date/matchup pairs): timestamp=2025-12-24T07:30:00 source_url=https://ak-static.cms.nba.com/referee/injury/Injury-Report_2025-12-24_07_30AM.pdf
2026-08-15 09:42:20,622 INFO Skipped non-substantive snapshot (no date/matchup pairs): timestamp=2025-12-24T07:45:00 source_url=https://ak-static.cms.nba.com/referee/injury/Injury-Report_2025-12-24_07_45AM.pdf
2026-08-15 09:42:20,676 INFO Skipped non-substantive snapshot (no date/matchup pairs): timestamp=2025-12-24T08:00:00 source_url=https://ak-static.cms.nba.com/referee/injury/Injury-Report_2025-12-24_08_00AM.pdf
2026-08-15 09:42:20,737 INFO Skipped non-substantive snapshot (no date/matchup pairs): timestamp=2025-12-24T08:15:00 source_url=https://ak-static.cms.nba.com/referee/injury/Injury-Report_2025-12-24_08_15AM.pdf
2026-08-15 09:42:20,794 INFO Skipped non-substantive snapshot (no date/matchup pairs): timestamp=2025-12-24T08:30:00 source_url=https://ak-static.cms.nba.com/referee/injury/Injury-Report_2025-12-24_08_30AM.pdf
2026-08-15 09:42:20,898 INFO Skipped non-substantive snapshot (no date/matchup pairs): timestamp=2025-12-24T08:45:00 source_url=https://ak-static.cms.nba.com/referee/injury/Injury-Report_2025-12-24_08_45AM.pdf
2026-08-15 09:42:20,955 INFO Skipped non-substantive snapshot (no date/matchup pairs): timestamp=2025-12-24T09:00:00 source_url=https://ak-static.cms.nba.com/referee/injury/Injury-Report_2025-12-24_09_00AM.pdf
2026-08-15 09:42:21,012 INFO Skipped non-substantive snapshot (no date/matchup pairs): timestamp=2025-12-24T09:15:00 source_url=https://ak-static.cms.nba.com/referee/injury/Injury-Report_2025-12-24_09_15AM.pdf
2026-08-15 09:42:21,070 INFO Skipped non-substantive snapshot (no date/matchup pairs): timestamp=2025-12-24T09:30:00 source_url=https://ak-static.cms.nba.com/referee/injury/Injury-Report_2025-12-24_09_30AM.pdf
2026-08-15 09:42:21,127 INFO Skipped non-substantive snapshot (no date/matchup pairs): timestamp=2025-12-24T09:45:00 source_url=https://ak-static.cms.nba.com/referee/injury/Injury-Report_2025-12-24_09_45AM.pdf
2026-08-15 09:42:21,185 INFO Skipped non-substantive snapshot (no date/matchup pairs): timestamp=2025-12-24T10:00:00 source_url=https://ak-static.cms.nba.com/referee/injury/Injury-Report_2025-12-24_10_00AM.pdf
2026-08-15 09:42:21,242 INFO Skipped non-substantive snapshot (no date/matchup pairs): timestamp=2025-12-24T10:15:00 source_url=https://ak-static.cms.nba.com/referee/injury/Injury-Report_2025-12-24_10_15AM.pdf
2026-08-15 09:42:21,299 INFO Skipped non-substantive snapshot (no date/matchup pairs): timestamp=2025-12-24T10:30:00 source_url=https://ak-static.cms.nba.com/referee/injury/Injury-Report_2025-12-24_10_30AM.pdf
2026-08-15 09:42:21,357 INFO Skipped non-substantive snapshot (no date/matchup pairs): timestamp=2025-12-24T10:45:00 source_url=https://ak-static.cms.nba.com/referee/injury/Injury-Report_2025-12-24_10_45AM.pdf
2026-08-15 09:42:21,414 INFO Skipped non-substantive snapshot (no date/matchup pairs): timestamp=2025-12-24T11:00:00 source_url=https://ak-static.cms.nba.com/referee/injury/Injury-Report_2025-12-24_11_00AM.pdf
2026-08-15 09:42:21,522 INFO Skipped non-substantive snapshot (no date/matchup pairs): timestamp=2025-12-24T11:15:00 source_url=https://ak-static.cms.nba.com/referee/injury/Injury-Report_2025-12-24_11_15AM.pdf
2026-08-15 09:42:21,580 INFO Skipped non-substantive snapshot (no date/matchup pairs): timestamp=2025-12-24T11:30:00 source_url=https://ak-static.cms.nba.com/referee/injury/Injury-Report_2025-12-24_11_30AM.pdf
2026-08-15 09:42:21,638 INFO Skipped non-substantive snapshot (no date/matchup pairs): timestamp=2025-12-24T11:45:00 source_url=https://ak-static.cms.nba.com/referee/injury/Injury-Report_2025-12-24_11_45AM.pdf
2026-08-15 09:42:21,696 INFO Skipped non-substantive snapshot (no date/matchup pairs): timestamp=2025-12-24T00:00:00 source_url=https://ak-static.cms.nba.com/referee/injury/Injury-Report_2025-12-24_12_00AM.pdf
2026-08-15 09:42:21,707 INFO Skipped non-substantive snapshot (no date/matchup pairs): timestamp=2025-12-24T12:00:00 source_url=https://ak-static.cms.nba.com/referee/injury/Injury-Report_2025-12-24_12_00PM.pdf
2026-08-15 09:42:21,719 INFO Skipped non-substantive snapshot (no date/matchup pairs): timestamp=2025-12-24T00:15:00 source_url=https://ak-static.cms.nba.com/referee/injury/Injury-Report_2025-12-24_12_15AM.pdf
2026-08-15 09:42:21,730 INFO Skipped non-substantive snapshot (no date/matchup pairs): timestamp=2025-12-24T12:15:00 source_url=https://ak-static.cms.nba.com/referee/injury/Injury-Report_2025-12-24_12_15PM.pdf
2026-08-15 09:42:21,741 INFO Skipped non-substantive snapshot (no date/matchup pairs): timestamp=2025-12-24T00:30:00 source_url=https://ak-static.cms.nba.com/referee/injury/Injury-Report_2025-12-24_12_30AM.pdf
2026-08-15 09:42:21,754 INFO Skipped non-substantive snapshot (no date/matchup pairs): timestamp=2025-12-24T12:30:00 source_url=https://ak-static.cms.nba.com/referee/injury/Injury-Report_2025-12-24_12_30PM.pdf
2026-08-15 09:42:21,765 INFO Skipped non-substantive snapshot (no date/matchup pairs): timestamp=2025-12-24T00:45:00 source_url=https://ak-static.cms.nba.com/referee/injury/Injury-Report_2025-12-24_12_45AM.pdf
2026-08-15 09:42:21,777 INFO Skipped non-substantive snapshot (no date/matchup pairs): timestamp=2025-12-24T12:45:00 source_url=https://ak-static.cms.nba.com/referee/injury/Injury-Report_2025-12-24_12_45PM.pdf
2026-08-15 09:42:21,777 INFO Direct NBA day 66/178: 2025-12-24, 96 discovered -> 1 selected
2026-08-15 09:42:21,980 INFO NBA backfill checkpoint processed=1/1 parsed=1 missing=0 http_failed=0 invalid_pdf=0 parse_failed=0
2026-08-15 09:42:53,641 INFO Suppressed 1175 entries from older reports for games superseded by newer snapshots on 2025-12-24
2026-08-15 09:46:50,900 INFO Direct NBA day 67/178: 2025-12-25, 96 discovered -> 1 selected
2026-08-15 09:46:51,395 INFO NBA backfill checkpoint processed=1/1 parsed=1 missing=0 http_failed=0 invalid_pdf=0 parse_failed=0
2026-08-15 09:47:38,676 INFO Suppressed 2167 entries from older reports for games superseded by newer snapshots on 2025-12-25
2026-08-15 09:51:37,615 INFO Direct NBA day 68/178: 2025-12-26, 96 discovered -> 1 selected
2026-08-15 09:51:38,185 INFO NBA backfill checkpoint processed=1/1 parsed=1 missing=0 http_failed=0 invalid_pdf=0 parse_failed=0
2026-08-15 09:52:25,314 INFO Suppressed 2336 entries from older reports for games superseded by newer snapshots on 2025-12-26
2026-08-15 09:56:23,588 INFO Direct NBA day 69/178: 2025-12-27, 96 discovered -> 1 selected
2026-08-15 09:56:24,083 INFO NBA backfill checkpoint processed=1/1 parsed=1 missing=0 http_failed=0 invalid_pdf=0 parse_failed=0
2026-08-15 09:57:11,889 INFO Suppressed 2270 entries from older reports for games superseded by newer snapshots on 2025-12-27
2026-08-15 10:01:10,703 INFO Direct NBA day 70/178: 2025-12-28, 96 discovered -> 1 selected
2026-08-15 10:01:11,195 INFO NBA backfill checkpoint processed=1/1 parsed=1 missing=0 http_failed=0 invalid_pdf=0 parse_failed=0
2026-08-15 10:01:59,514 INFO Suppressed 2230 entries from older reports for games superseded by newer snapshots on 2025-12-28
2026-08-15 10:06:00,038 INFO Direct NBA day 71/178: 2025-12-29, 96 discovered -> 1 selected
2026-08-15 10:06:00,614 INFO NBA backfill checkpoint processed=1/1 parsed=1 missing=0 http_failed=0 invalid_pdf=0 parse_failed=0
2026-08-15 10:07:02,857 INFO Suppressed 3029 entries from older reports for games superseded by newer snapshots on 2025-12-29
2026-08-15 10:11:00,293 INFO Direct NBA day 72/178: 2025-12-30, 96 discovered -> 1 selected
2026-08-15 10:12:13,686 INFO Suppressed 3453 entries from older reports for games superseded by newer snapshots on 2025-12-30
2026-08-15 10:16:13,604 INFO Direct NBA day 73/178: 2025-12-31, 96 discovered -> 1 selected
2026-08-15 10:16:14,053 INFO NBA backfill checkpoint processed=1/1 parsed=1 missing=0 http_failed=0 invalid_pdf=0 parse_failed=0
2026-08-15 10:17:02,551 INFO Suppressed 2409 entries from older reports for games superseded by newer snapshots on 2025-12-31
2026-08-15 10:20:58,390 INFO Direct NBA day 74/178: 2026-01-01, 96 discovered -> 1 selected
2026-08-15 10:21:59,250 INFO Suppressed 2946 entries from older reports for games superseded by newer snapshots on 2026-01-01
2026-08-15 10:26:02,765 INFO Direct NBA day 75/178: 2026-01-02, 96 discovered -> 1 selected
2026-08-15 10:26:03,441 INFO NBA backfill checkpoint processed=1/1 parsed=1 missing=0 http_failed=0 invalid_pdf=0 parse_failed=0
2026-08-15 10:27:28,901 INFO Suppressed 4234 entries from older reports for games superseded by newer snapshots on 2026-01-02
2026-08-15 10:31:29,678 INFO Direct NBA day 76/178: 2026-01-03, 96 discovered -> 1 selected
2026-08-15 10:31:30,433 INFO NBA backfill checkpoint processed=1/1 parsed=1 missing=0 http_failed=0 invalid_pdf=0 parse_failed=0
2026-08-15 10:32:44,051 INFO Suppressed 3583 entries from older reports for games superseded by newer snapshots on 2026-01-03
2026-08-15 10:36:44,433 INFO Direct NBA day 77/178: 2026-01-04, 96 discovered -> 1 selected
2026-08-15 10:36:44,906 INFO NBA backfill checkpoint processed=1/1 parsed=1 missing=0 http_failed=0 invalid_pdf=0 parse_failed=0
2026-08-15 10:38:44,278 INFO Suppressed 5724 entries from older reports for games superseded by newer snapshots on 2026-01-04
2026-08-15 10:42:45,135 INFO Direct NBA day 78/178: 2026-01-05, 96 discovered -> 1 selected
2026-08-15 10:42:45,694 INFO NBA backfill checkpoint processed=1/1 parsed=1 missing=0 http_failed=0 invalid_pdf=0 parse_failed=0
2026-08-15 10:45:00,294 INFO Suppressed 6426 entries from older reports for games superseded by newer snapshots on 2026-01-05
