2026-08-16 21:20:52,778 INFO Direct NBA day 1/301: 2020-12-22, 3 discovered -> 1 selected
2026-08-16 21:20:53,670 INFO Suppressed 99 entries from older reports for games superseded by newer snapshots on 2020-12-22
2026-08-16 21:21:21,975 INFO Direct NBA day 2/301: 2020-12-23, 3 discovered -> 1 selected
2026-08-16 21:21:22,865 INFO NBA backfill checkpoint processed=1/1 parsed=1 missing=0 http_failed=0 invalid_pdf=0 parse_failed=0
2026-08-16 21:21:23,745 INFO Suppressed 138 entries from older reports for games superseded by newer snapshots on 2020-12-23
2026-08-16 21:21:52,508 INFO Skipped non-substantive snapshot (no date/matchup pairs): timestamp=2020-12-24T13:30:00 source_url=https://ak-static.cms.nba.com/referee/injury/Injury-Report_2020-12-24_01PM.pdf
2026-08-16 21:21:52,558 INFO Direct NBA day 3/301: 2020-12-24, 3 discovered -> 1 selected
2026-08-16 21:21:52,975 INFO Suppressed 16 entries from older reports for games superseded by newer snapshots on 2020-12-24
2026-08-16 21:22:21,669 INFO Direct NBA day 4/301: 2020-12-25, 3 discovered -> 1 selected
2026-08-16 21:22:22,592 INFO Suppressed 122 entries from older reports for games superseded by newer snapshots on 2020-12-25
2026-08-16 21:22:51,341 INFO Direct NBA day 5/301: 2020-12-26, 3 discovered -> 1 selected
2026-08-16 21:22:52,211 INFO Suppressed 125 entries from older reports for games superseded by newer snapshots on 2020-12-26
2026-08-16 21:23:20,741 INFO Direct NBA day 6/301: 2020-12-27, 3 discovered -> 1 selected
2026-08-16 21:23:21,676 INFO NBA backfill checkpoint processed=1/1 parsed=1 missing=0 http_failed=0 invalid_pdf=0 parse_failed=0
2026-08-16 21:23:22,377 INFO Suppressed 86 entries from older reports for games superseded by newer snapshots on 2020-12-27
2026-08-16 21:23:50,869 INFO Direct NBA day 7/301: 2020-12-28, 3 discovered -> 1 selected
2026-08-16 21:23:51,584 INFO Suppressed 92 entries from older reports for games superseded by newer snapshots on 2020-12-28
2026-08-16 21:24:20,724 INFO Direct NBA day 8/301: 2020-12-29, 3 discovered -> 1 selected
2026-08-16 21:24:21,546 INFO NBA backfill checkpoint processed=1/1 parsed=1 missing=0 http_failed=0 invalid_pdf=0 parse_failed=0
2026-08-16 21:24:22,640 INFO Suppressed 190 entries from older reports for games superseded by newer snapshots on 2020-12-29
2026-08-16 21:24:52,437 INFO Direct NBA day 9/301: 2020-12-30, 3 discovered -> 1 selected
2026-08-16 21:24:53,295 INFO NBA backfill checkpoint processed=1/1 parsed=1 missing=0 http_failed=0 invalid_pdf=0 parse_failed=0
2026-08-16 21:24:53,801 INFO Suppressed 34 entries from older reports for games superseded by newer snapshots on 2020-12-30
2026-08-16 21:25:23,210 INFO Direct NBA day 10/301: 2020-12-31, 3 discovered -> 1 selected
2026-08-16 21:25:24,109 INFO NBA backfill checkpoint processed=1/1 parsed=1 missing=0 http_failed=0 invalid_pdf=0 parse_failed=0
2026-08-16 21:25:24,969 INFO Suppressed 124 entries from older reports for games superseded by newer snapshots on 2020-12-31
2026-08-16 21:25:54,235 INFO Direct NBA day 11/301: 2021-01-01, 3 discovered -> 1 selected
2026-08-16 21:25:55,008 INFO NBA backfill checkpoint processed=1/1 parsed=1 missing=0 http_failed=0 invalid_pdf=0 parse_failed=0
2026-08-16 21:25:55,889 INFO Suppressed 126 entries from older reports for games superseded by newer snapshots on 2021-01-01
2026-08-16 21:26:24,358 INFO Direct NBA day 12/301: 2021-01-02, 3 discovered -> 1 selected
2026-08-16 21:26:25,380 INFO Suppressed 170 entries from older reports for games superseded by newer snapshots on 2021-01-02
2026-08-16 21:26:54,455 INFO Direct NBA day 13/301: 2021-01-03, 3 discovered -> 1 selected
2026-08-16 21:26:54,979 INFO Suppressed 43 entries from older reports for games superseded by newer snapshots on 2021-01-03
2026-08-16 21:27:24,227 INFO Direct NBA day 14/301: 2021-01-04, 3 discovered -> 1 selected
2026-08-16 21:27:25,026 INFO NBA backfill checkpoint processed=1/1 parsed=1 missing=0 http_failed=0 invalid_pdf=0 parse_failed=0
2026-08-16 21:27:26,151 INFO Suppressed 195 entries from older reports for games superseded by newer snapshots on 2021-01-04
2026-08-16 21:27:54,993 INFO Direct NBA day 15/301: 2021-01-05, 3 discovered -> 1 selected
2026-08-16 21:27:55,827 INFO NBA backfill checkpoint processed=1/1 parsed=1 missing=0 http_failed=0 invalid_pdf=0 parse_failed=0
2026-08-16 21:27:56,852 INFO Suppressed 161 entries from older reports for games superseded by newer snapshots on 2021-01-05
2026-08-16 21:28:25,370 INFO Direct NBA day 16/301: 2021-01-06, 3 discovered -> 1 selected
2026-08-16 21:28:26,618 INFO Suppressed 232 entries from older reports for games superseded by newer snapshots on 2021-01-06
2026-08-16 21:28:55,647 INFO Direct NBA day 17/301: 2021-01-07, 3 discovered -> 1 selected
2026-08-16 21:28:56,503 INFO NBA backfill checkpoint processed=1/1 parsed=1 missing=0 http_failed=0 invalid_pdf=0 parse_failed=0
2026-08-16 21:28:57,265 INFO Suppressed 100 entries from older reports for games superseded by newer snapshots on 2021-01-07
2026-08-16 21:29:26,332 INFO Direct NBA day 18/301: 2021-01-08, 3 discovered -> 1 selected
2026-08-16 21:29:27,671 INFO Suppressed 238 entries from older reports for games superseded by newer snapshots on 2021-01-08
2026-08-16 21:29:56,213 INFO Direct NBA day 19/301: 2021-01-09, 3 discovered -> 1 selected
2026-08-16 21:29:57,384 INFO Suppressed 219 entries from older reports for games superseded by newer snapshots on 2021-01-09
2026-08-16 21:30:26,997 INFO Direct NBA day 20/301: 2021-01-10, 3 discovered -> 1 selected
2026-08-16 21:30:28,249 INFO Suppressed 237 entries from older reports for games superseded by newer snapshots on 2021-01-10
2026-08-16 21:30:57,250 INFO Direct NBA day 21/301: 2021-01-11, 3 discovered -> 1 selected
2026-08-16 21:30:58,025 INFO NBA backfill checkpoint processed=1/1 parsed=1 missing=0 http_failed=0 invalid_pdf=0 parse_failed=0
2026-08-16 21:30:59,233 INFO Suppressed 247 entries from older reports for games superseded by newer snapshots on 2021-01-11
2026-08-16 21:31:28,174 INFO Direct NBA day 22/301: 2021-01-12, 3 discovered -> 1 selected
2026-08-16 21:31:29,350 INFO Suppressed 222 entries from older reports for games superseded by newer snapshots on 2021-01-12
2026-08-16 21:31:58,450 INFO Direct NBA day 23/301: 2021-01-13, 3 discovered -> 1 selected
2026-08-16 21:31:59,235 INFO NBA backfill checkpoint processed=1/1 parsed=1 missing=0 http_failed=0 invalid_pdf=0 parse_failed=0
2026-08-16 21:32:00,399 INFO Suppressed 216 entries from older reports for games superseded by newer snapshots on 2021-01-13
2026-08-16 21:32:29,827 INFO Direct NBA day 24/301: 2021-01-14, 3 discovered -> 1 selected
2026-08-16 21:32:30,958 INFO Suppressed 209 entries from older reports for games superseded by newer snapshots on 2021-01-14
2026-08-16 21:32:59,842 INFO Direct NBA day 25/301: 2021-01-15, 3 discovered -> 1 selected
2026-08-16 21:33:00,598 INFO NBA backfill checkpoint processed=1/1 parsed=1 missing=0 http_failed=0 invalid_pdf=0 parse_failed=0
2026-08-16 21:33:01,859 INFO Suppressed 263 entries from older reports for games superseded by newer snapshots on 2021-01-15
2026-08-16 21:33:30,270 INFO Direct NBA day 26/301: 2021-01-16, 3 discovered -> 1 selected
2026-08-16 21:33:31,399 INFO Suppressed 205 entries from older reports for games superseded by newer snapshots on 2021-01-16
2026-08-16 21:34:00,195 INFO Direct NBA day 27/301: 2021-01-17, 3 discovered -> 1 selected
2026-08-16 21:34:01,353 INFO Suppressed 205 entries from older reports for games superseded by newer snapshots on 2021-01-17
2026-08-16 21:34:30,381 INFO Direct NBA day 28/301: 2021-01-18, 3 discovered -> 1 selected
2026-08-16 21:34:31,188 INFO NBA backfill checkpoint processed=1/1 parsed=1 missing=0 http_failed=0 invalid_pdf=0 parse_failed=0
2026-08-16 21:34:32,017 INFO Suppressed 146 entries from older reports for games superseded by newer snapshots on 2021-01-18
2026-08-16 21:35:00,732 INFO Direct NBA day 29/301: 2021-01-19, 3 discovered -> 1 selected
2026-08-16 21:35:01,536 INFO Suppressed 110 entries from older reports for games superseded by newer snapshots on 2021-01-19
2026-08-16 21:35:30,311 INFO Direct NBA day 30/301: 2021-01-20, 3 discovered -> 1 selected
2026-08-16 21:35:31,289 INFO Suppressed 166 entries from older reports for games superseded by newer snapshots on 2021-01-20
2026-08-16 21:35:59,361 INFO Direct NBA day 31/301: 2021-01-21, 3 discovered -> 1 selected
2026-08-16 21:36:00,291 INFO Suppressed 133 entries from older reports for games superseded by newer snapshots on 2021-01-21
2026-08-16 21:36:28,948 INFO Direct NBA day 32/301: 2021-01-22, 3 discovered -> 1 selected
2026-08-16 21:36:30,239 INFO Suppressed 263 entries from older reports for games superseded by newer snapshots on 2021-01-22
2026-08-16 21:36:59,624 INFO Direct NBA day 33/301: 2021-01-23, 3 discovered -> 1 selected
2026-08-16 21:37:00,462 INFO NBA backfill checkpoint processed=1/1 parsed=1 missing=0 http_failed=0 invalid_pdf=0 parse_failed=0
2026-08-16 21:37:01,580 INFO Suppressed 171 entries from older reports for games superseded by newer snapshots on 2021-01-23
2026-08-16 21:37:30,527 INFO Direct NBA day 34/301: 2021-01-24, 3 discovered -> 1 selected
2026-08-16 21:37:31,599 INFO Suppressed 188 entries from older reports for games superseded by newer snapshots on 2021-01-24
2026-08-16 21:37:59,833 INFO Direct NBA day 35/301: 2021-01-25, 3 discovered -> 1 selected
2026-08-16 21:38:01,041 INFO Suppressed 205 entries from older reports for games superseded by newer snapshots on 2021-01-25
2026-08-16 21:38:29,697 INFO Direct NBA day 36/301: 2021-01-26, 3 discovered -> 1 selected
2026-08-16 21:38:30,645 INFO Suppressed 144 entries from older reports for games superseded by newer snapshots on 2021-01-26
2026-08-16 21:38:59,811 INFO Direct NBA day 37/301: 2021-01-27, 3 discovered -> 1 selected
2026-08-16 21:39:00,569 INFO NBA backfill checkpoint processed=1/1 parsed=1 missing=0 http_failed=0 invalid_pdf=0 parse_failed=0
2026-08-16 21:39:01,883 INFO Suppressed 260 entries from older reports for games superseded by newer snapshots on 2021-01-27
2026-08-16 21:39:30,835 INFO Direct NBA day 38/301: 2021-01-28, 3 discovered -> 1 selected
2026-08-16 21:39:31,493 INFO Suppressed 71 entries from older reports for games superseded by newer snapshots on 2021-01-28
2026-08-16 21:40:00,022 INFO Direct NBA day 39/301: 2021-01-29, 3 discovered -> 1 selected
2026-08-16 21:40:01,274 INFO Suppressed 244 entries from older reports for games superseded by newer snapshots on 2021-01-29
2026-08-16 21:40:29,886 INFO Direct NBA day 40/301: 2021-01-30, 3 discovered -> 1 selected
2026-08-16 21:40:30,704 INFO NBA backfill checkpoint processed=1/1 parsed=1 missing=0 http_failed=0 invalid_pdf=0 parse_failed=0
2026-08-16 21:40:31,533 INFO Suppressed 123 entries from older reports for games superseded by newer snapshots on 2021-01-30
2026-08-16 21:41:00,369 INFO Direct NBA day 41/301: 2021-01-31, 3 discovered -> 1 selected
2026-08-16 21:41:01,223 INFO Suppressed 137 entries from older reports for games superseded by newer snapshots on 2021-01-31
2026-08-16 21:41:30,187 INFO Direct NBA day 42/301: 2021-02-01, 3 discovered -> 1 selected
2026-08-16 21:41:31,499 INFO Suppressed 245 entries from older reports for games superseded by newer snapshots on 2021-02-01
2026-08-16 21:42:00,391 INFO Direct NBA day 43/301: 2021-02-02, 3 discovered -> 1 selected
2026-08-16 21:42:01,548 INFO Suppressed 209 entries from older reports for games superseded by newer snapshots on 2021-02-02
2026-08-16 21:42:30,601 INFO Direct NBA day 44/301: 2021-02-03, 3 discovered -> 1 selected
2026-08-16 21:42:31,560 INFO Suppressed 162 entries from older reports for games superseded by newer snapshots on 2021-02-03
2026-08-16 21:43:00,671 INFO Direct NBA day 45/301: 2021-02-04, 3 discovered -> 1 selected
2026-08-16 21:43:01,447 INFO NBA backfill checkpoint processed=1/1 parsed=1 missing=0 http_failed=0 invalid_pdf=0 parse_failed=0
2026-08-16 21:43:02,199 INFO Suppressed 103 entries from older reports for games superseded by newer snapshots on 2021-02-04
2026-08-16 21:43:31,322 INFO Direct NBA day 46/301: 2021-02-05, 3 discovered -> 1 selected
2026-08-16 21:43:32,688 INFO Suppressed 297 entries from older reports for games superseded by newer snapshots on 2021-02-05
2026-08-16 21:44:02,102 INFO Direct NBA day 47/301: 2021-02-06, 3 discovered -> 1 selected
2026-08-16 21:44:03,672 INFO Suppressed 337 entries from older reports for games superseded by newer snapshots on 2021-02-06
2026-08-16 21:44:32,863 INFO Direct NBA day 48/301: 2021-02-07, 3 discovered -> 1 selected
2026-08-16 21:44:33,306 INFO Suppressed 34 entries from older reports for games superseded by newer snapshots on 2021-02-07
2026-08-16 21:45:02,247 INFO Direct NBA day 49/301: 2021-02-08, 3 discovered -> 1 selected
2026-08-16 21:45:03,008 INFO NBA backfill checkpoint processed=1/1 parsed=1 missing=0 http_failed=0 invalid_pdf=0 parse_failed=0
2026-08-16 21:45:04,295 INFO Suppressed 273 entries from older reports for games superseded by newer snapshots on 2021-02-08
2026-08-16 21:45:34,268 INFO Direct NBA day 50/301: 2021-02-09, 3 discovered -> 1 selected
2026-08-16 21:45:35,478 INFO Suppressed 230 entries from older reports for games superseded by newer snapshots on 2021-02-09
2026-08-16 21:46:04,200 INFO Direct NBA day 51/301: 2021-02-10, 3 discovered -> 1 selected
2026-08-16 21:46:05,507 INFO Suppressed 277 entries from older reports for games superseded by newer snapshots on 2021-02-10
2026-08-16 21:46:34,319 INFO Direct NBA day 52/301: 2021-02-11, 3 discovered -> 1 selected
2026-08-16 21:46:35,134 INFO Suppressed 114 entries from older reports for games superseded by newer snapshots on 2021-02-11
2026-08-16 21:47:03,782 INFO Direct NBA day 53/301: 2021-02-12, 3 discovered -> 1 selected
2026-08-16 21:47:05,180 INFO Suppressed 295 entries from older reports for games superseded by newer snapshots on 2021-02-12
2026-08-16 21:47:34,247 INFO Direct NBA day 54/301: 2021-02-13, 3 discovered -> 1 selected
2026-08-16 21:47:35,078 INFO Suppressed 122 entries from older reports for games superseded by newer snapshots on 2021-02-13
2026-08-16 21:48:04,568 INFO Direct NBA day 55/301: 2021-02-14, 3 discovered -> 1 selected
2026-08-16 21:48:05,643 INFO Suppressed 215 entries from older reports for games superseded by newer snapshots on 2021-02-14
2026-08-16 21:48:34,865 INFO Direct NBA day 56/301: 2021-02-15, 3 discovered -> 1 selected
2026-08-16 21:48:35,709 INFO Suppressed 129 entries from older reports for games superseded by newer snapshots on 2021-02-15
2026-08-16 21:49:05,069 INFO Direct NBA day 57/301: 2021-02-16, 3 discovered -> 1 selected
2026-08-16 21:49:05,858 INFO NBA backfill checkpoint processed=1/1 parsed=1 missing=0 http_failed=0 invalid_pdf=0 parse_failed=0
2026-08-16 21:49:06,607 INFO Suppressed 112 entries from older reports for games superseded by newer snapshots on 2021-02-16
2026-08-16 21:49:35,797 INFO Direct NBA day 58/301: 2021-02-17, 3 discovered -> 1 selected
2026-08-16 21:49:36,496 INFO NBA backfill checkpoint processed=1/1 parsed=1 missing=0 http_failed=0 invalid_pdf=0 parse_failed=0
2026-08-16 21:49:37,399 INFO Suppressed 164 entries from older reports for games superseded by newer snapshots on 2021-02-17
2026-08-16 21:50:06,592 INFO Direct NBA day 59/301: 2021-02-18, 3 discovered -> 1 selected
2026-08-16 21:50:07,415 INFO NBA backfill checkpoint processed=1/1 parsed=1 missing=0 http_failed=0 invalid_pdf=0 parse_failed=0
2026-08-16 21:50:08,044 INFO Suppressed 79 entries from older reports for games superseded by newer snapshots on 2021-02-18
2026-08-16 21:50:36,332 INFO Direct NBA day 60/301: 2021-02-19, 3 discovered -> 1 selected
2026-08-16 21:50:37,076 INFO NBA backfill checkpoint processed=1/1 parsed=1 missing=0 http_failed=0 invalid_pdf=0 parse_failed=0
2026-08-16 21:50:38,320 INFO Suppressed 260 entries from older reports for games superseded by newer snapshots on 2021-02-19
2026-08-16 21:51:06,911 INFO Direct NBA day 61/301: 2021-02-20, 3 discovered -> 1 selected
2026-08-16 21:51:07,702 INFO NBA backfill checkpoint processed=1/1 parsed=1 missing=0 http_failed=0 invalid_pdf=0 parse_failed=0
2026-08-16 21:51:08,746 INFO Suppressed 196 entries from older reports for games superseded by newer snapshots on 2021-02-20
2026-08-16 21:51:37,191 INFO Direct NBA day 62/301: 2021-02-21, 3 discovered -> 1 selected
2026-08-16 21:51:38,305 INFO Suppressed 222 entries from older reports for games superseded by newer snapshots on 2021-02-21
2026-08-16 21:52:07,140 INFO Direct NBA day 63/301: 2021-02-22, 3 discovered -> 1 selected
2026-08-16 21:52:07,933 INFO Suppressed 120 entries from older reports for games superseded by newer snapshots on 2021-02-22
2026-08-16 21:52:36,688 INFO Direct NBA day 64/301: 2021-02-23, 3 discovered -> 1 selected
2026-08-16 21:52:37,390 INFO NBA backfill checkpoint processed=1/1 parsed=1 missing=0 http_failed=0 invalid_pdf=0 parse_failed=0
2026-08-16 21:52:38,758 INFO Suppressed 283 entries from older reports for games superseded by newer snapshots on 2021-02-23
2026-08-16 21:53:08,265 INFO Direct NBA day 65/301: 2021-02-24, 3 discovered -> 1 selected
2026-08-16 21:53:09,484 INFO Suppressed 279 entries from older reports for games superseded by newer snapshots on 2021-02-24
2026-08-16 21:53:38,588 INFO Direct NBA day 66/301: 2021-02-25, 3 discovered -> 1 selected
2026-08-16 21:53:39,656 INFO Suppressed 200 entries from older reports for games superseded by newer snapshots on 2021-02-25
2026-08-16 21:54:10,513 INFO Direct NBA day 67/301: 2021-02-26, 3 discovered -> 1 selected
2026-08-16 21:54:11,260 INFO NBA backfill checkpoint processed=1/1 parsed=1 missing=0 http_failed=0 invalid_pdf=0 parse_failed=0
2026-08-16 21:54:12,615 INFO Suppressed 277 entries from older reports for games superseded by newer snapshots on 2021-02-26
2026-08-16 21:54:42,920 INFO Direct NBA day 68/301: 2021-02-27, 3 discovered -> 1 selected
2026-08-16 21:54:44,077 INFO Suppressed 235 entries from older reports for games superseded by newer snapshots on 2021-02-27
2026-08-16 21:55:13,328 INFO Direct NBA day 69/301: 2021-02-28, 3 discovered -> 1 selected
2026-08-16 21:55:14,678 INFO Suppressed 275 entries from older reports for games superseded by newer snapshots on 2021-02-28
2026-08-16 21:55:44,525 INFO Direct NBA day 70/301: 2021-03-01, 3 discovered -> 2 selected
2026-08-16 21:55:45,682 INFO Suppressed 233 entries from older reports for games superseded by newer snapshots on 2021-03-01
2026-08-16 21:56:16,433 INFO Direct NBA day 71/301: 2021-03-02, 3 discovered -> 1 selected
2026-08-16 21:56:17,591 INFO Suppressed 216 entries from older reports for games superseded by newer snapshots on 2021-03-02
2026-08-16 21:56:47,768 INFO Direct NBA day 72/301: 2021-03-03, 3 discovered -> 1 selected
2026-08-16 21:56:49,276 INFO Suppressed 353 entries from older reports for games superseded by newer snapshots on 2021-03-03
2026-08-16 21:57:18,426 INFO Direct NBA day 73/301: 2021-03-04, 3 discovered -> 1 selected
2026-08-16 21:57:19,245 INFO NBA backfill checkpoint processed=1/1 parsed=1 missing=0 http_failed=0 invalid_pdf=0 parse_failed=0
2026-08-16 21:57:19,989 INFO Suppressed 115 entries from older reports for games superseded by newer snapshots on 2021-03-04
2026-08-16 21:57:46,302 INFO Direct NBA day 74/301: 2021-03-05, 0 discovered -> 0 selected
2026-08-16 21:58:15,105 INFO Skipped non-substantive snapshot (no date/matchup pairs): timestamp=2021-03-06T13:30:00 source_url=https://ak-static.cms.nba.com/referee/injury/Injury-Report_2021-03-06_01PM.pdf
2026-08-16 21:58:15,114 INFO Skipped non-substantive snapshot (no date/matchup pairs): timestamp=2021-03-06T17:30:00 source_url=https://ak-static.cms.nba.com/referee/injury/Injury-Report_2021-03-06_05PM.pdf
2026-08-16 21:58:15,122 INFO Skipped non-substantive snapshot (no date/matchup pairs): timestamp=2021-03-06T20:30:00 source_url=https://ak-static.cms.nba.com/referee/injury/Injury-Report_2021-03-06_08PM.pdf
2026-08-16 21:58:15,123 INFO Direct NBA day 75/301: 2021-03-06, 3 discovered -> 0 selected
2026-08-16 21:58:44,208 INFO Skipped non-substantive snapshot (no date/matchup pairs): timestamp=2021-03-07T13:30:00 source_url=https://ak-static.cms.nba.com/referee/injury/Injury-Report_2021-03-07_01PM.pdf
2026-08-16 21:58:44,217 INFO Skipped non-substantive snapshot (no date/matchup pairs): timestamp=2021-03-07T17:30:00 source_url=https://ak-static.cms.nba.com/referee/injury/Injury-Report_2021-03-07_05PM.pdf
2026-08-16 21:58:44,225 INFO Skipped non-substantive snapshot (no date/matchup pairs): timestamp=2021-03-07T20:30:00 source_url=https://ak-static.cms.nba.com/referee/injury/Injury-Report_2021-03-07_08PM.pdf
2026-08-16 21:58:44,225 INFO Direct NBA day 76/301: 2021-03-07, 3 discovered -> 0 selected
2026-08-16 21:59:10,279 INFO Direct NBA day 77/301: 2021-03-08, 0 discovered -> 0 selected
2026-08-16 21:59:38,573 INFO Skipped non-substantive snapshot (no date/matchup pairs): timestamp=2021-03-09T13:30:00 source_url=https://ak-static.cms.nba.com/referee/injury/Injury-Report_2021-03-09_01PM.pdf
2026-08-16 21:59:38,586 INFO Skipped non-substantive snapshot (no date/matchup pairs): timestamp=2021-03-09T17:30:00 source_url=https://ak-static.cms.nba.com/referee/injury/Injury-Report_2021-03-09_05PM.pdf
2026-08-16 21:59:38,602 INFO Direct NBA day 78/301: 2021-03-09, 3 discovered -> 1 selected
2026-08-16 21:59:39,646 INFO NBA backfill checkpoint processed=1/1 parsed=1 missing=0 http_failed=0 invalid_pdf=0 parse_failed=0
2026-08-16 22:00:09,039 INFO Direct NBA day 79/301: 2021-03-10, 3 discovered -> 1 selected
2026-08-16 22:00:09,793 INFO Suppressed 85 entries from older reports for games superseded by newer snapshots on 2021-03-10
2026-08-16 22:00:38,324 INFO Direct NBA day 80/301: 2021-03-11, 3 discovered -> 1 selected
2026-08-16 22:00:39,627 INFO Suppressed 245 entries from older reports for games superseded by newer snapshots on 2021-03-11
2026-08-16 22:01:08,323 INFO Direct NBA day 81/301: 2021-03-12, 3 discovered -> 1 selected
2026-08-16 22:01:09,436 INFO Suppressed 181 entries from older reports for games superseded by newer snapshots on 2021-03-12
2026-08-16 22:01:38,311 INFO Direct NBA day 82/301: 2021-03-13, 3 discovered -> 1 selected
2026-08-16 22:01:39,110 INFO Suppressed 123 entries from older reports for games superseded by newer snapshots on 2021-03-13
2026-08-16 22:02:07,667 INFO Direct NBA day 83/301: 2021-03-14, 3 discovered -> 1 selected
2026-08-16 22:02:08,440 INFO NBA backfill checkpoint processed=1/1 parsed=1 missing=0 http_failed=0 invalid_pdf=0 parse_failed=0
2026-08-16 22:02:09,621 INFO Suppressed 214 entries from older reports for games superseded by newer snapshots on 2021-03-14
2026-08-16 22:02:38,272 INFO Direct NBA day 84/301: 2021-03-15, 3 discovered -> 1 selected
2026-08-16 22:02:39,103 INFO NBA backfill checkpoint processed=1/1 parsed=1 missing=0 http_failed=0 invalid_pdf=0 parse_failed=0
2026-08-16 22:02:40,107 INFO Suppressed 169 entries from older reports for games superseded by newer snapshots on 2021-03-15
2026-08-16 22:03:08,564 INFO Direct NBA day 85/301: 2021-03-16, 3 discovered -> 1 selected
2026-08-16 22:03:09,344 INFO Suppressed 110 entries from older reports for games superseded by newer snapshots on 2021-03-16
2026-08-16 22:03:37,969 INFO Direct NBA day 86/301: 2021-03-17, 3 discovered -> 1 selected
2026-08-16 22:03:39,134 INFO Suppressed 221 entries from older reports for games superseded by newer snapshots on 2021-03-17
2026-08-16 22:04:07,647 INFO Direct NBA day 87/301: 2021-03-18, 3 discovered -> 1 selected
2026-08-16 22:04:08,701 INFO Suppressed 203 entries from older reports for games superseded by newer snapshots on 2021-03-18
2026-08-16 22:04:37,617 INFO Direct NBA day 88/301: 2021-03-19, 3 discovered -> 1 selected
2026-08-16 22:04:38,755 INFO Suppressed 207 entries from older reports for games superseded by newer snapshots on 2021-03-19
2026-08-16 22:05:07,322 INFO Direct NBA day 89/301: 2021-03-20, 3 discovered -> 1 selected
2026-08-16 22:05:08,283 INFO Suppressed 168 entries from older reports for games superseded by newer snapshots on 2021-03-20
2026-08-16 22:05:36,850 INFO Direct NBA day 90/301: 2021-03-21, 3 discovered -> 1 selected
2026-08-16 22:05:38,128 INFO Suppressed 240 entries from older reports for games superseded by newer snapshots on 2021-03-21
2026-08-16 22:06:06,624 INFO Direct NBA day 91/301: 2021-03-22, 3 discovered -> 1 selected
2026-08-16 22:06:07,451 INFO NBA backfill checkpoint processed=1/1 parsed=1 missing=0 http_failed=0 invalid_pdf=0 parse_failed=0
2026-08-16 22:06:08,460 INFO Suppressed 169 entries from older reports for games superseded by newer snapshots on 2021-03-22
2026-08-16 22:06:37,000 INFO Direct NBA day 92/301: 2021-03-23, 3 discovered -> 1 selected
2026-08-16 22:06:38,032 INFO Suppressed 174 entries from older reports for games superseded by newer snapshots on 2021-03-23
2026-08-16 22:07:06,543 INFO Direct NBA day 93/301: 2021-03-24, 3 discovered -> 1 selected
2026-08-16 22:07:07,352 INFO NBA backfill checkpoint processed=1/1 parsed=1 missing=0 http_failed=0 invalid_pdf=0 parse_failed=0
2026-08-16 22:07:08,550 INFO Suppressed 219 entries from older reports for games superseded by newer snapshots on 2021-03-24
2026-08-16 22:07:37,041 INFO Direct NBA day 94/301: 2021-03-25, 3 discovered -> 1 selected
2026-08-16 22:07:38,024 INFO Suppressed 164 entries from older reports for games superseded by newer snapshots on 2021-03-25
2026-08-16 22:08:06,448 INFO Direct NBA day 95/301: 2021-03-26, 3 discovered -> 1 selected
2026-08-16 22:08:07,676 INFO Suppressed 246 entries from older reports for games superseded by newer snapshots on 2021-03-26
2026-08-16 22:08:36,065 INFO Direct NBA day 96/301: 2021-03-27, 3 discovered -> 1 selected
2026-08-16 22:08:37,108 INFO Suppressed 180 entries from older reports for games superseded by newer snapshots on 2021-03-27
2026-08-16 22:09:05,635 INFO Direct NBA day 97/301: 2021-03-28, 3 discovered -> 1 selected
2026-08-16 22:09:06,402 INFO Suppressed 106 entries from older reports for games superseded by newer snapshots on 2021-03-28
2026-08-16 22:09:35,256 INFO Direct NBA day 98/301: 2021-03-29, 3 discovered -> 1 selected
2026-08-16 22:09:36,025 INFO NBA backfill checkpoint processed=1/1 parsed=1 missing=0 http_failed=0 invalid_pdf=0 parse_failed=0
2026-08-16 22:09:37,255 INFO Suppressed 248 entries from older reports for games superseded by newer snapshots on 2021-03-29
2026-08-16 22:10:05,944 INFO Direct NBA day 99/301: 2021-03-30, 3 discovered -> 1 selected
2026-08-16 22:10:06,895 INFO Suppressed 162 entries from older reports for games superseded by newer snapshots on 2021-03-30
2026-08-16 22:10:35,931 INFO Direct NBA day 100/301: 2021-03-31, 3 discovered -> 1 selected
2026-08-16 22:10:37,231 INFO Suppressed 253 entries from older reports for games superseded by newer snapshots on 2021-03-31
2026-08-16 22:11:05,806 INFO Direct NBA day 101/301: 2021-04-01, 3 discovered -> 1 selected
2026-08-16 22:11:06,925 INFO Suppressed 196 entries from older reports for games superseded by newer snapshots on 2021-04-01
2026-08-16 22:11:36,567 INFO Direct NBA day 102/301: 2021-04-02, 3 discovered -> 1 selected
2026-08-16 22:11:37,748 INFO Suppressed 228 entries from older reports for games superseded by newer snapshots on 2021-04-02
2026-08-16 22:12:06,412 INFO Direct NBA day 103/301: 2021-04-03, 3 discovered -> 1 selected
2026-08-16 22:12:07,460 INFO Suppressed 181 entries from older reports for games superseded by newer snapshots on 2021-04-03
2026-08-16 22:12:36,516 INFO Direct NBA day 104/301: 2021-04-04, 3 discovered -> 1 selected
2026-08-16 22:12:37,275 INFO Suppressed 126 entries from older reports for games superseded by newer snapshots on 2021-04-04
2026-08-16 22:13:06,362 INFO Direct NBA day 105/301: 2021-04-05, 3 discovered -> 1 selected
2026-08-16 22:13:07,464 INFO Suppressed 210 entries from older reports for games superseded by newer snapshots on 2021-04-05
2026-08-16 22:13:36,282 INFO Direct NBA day 106/301: 2021-04-06, 3 discovered -> 1 selected
2026-08-16 22:13:37,087 INFO Suppressed 123 entries from older reports for games superseded by newer snapshots on 2021-04-06
2026-08-16 22:14:05,839 INFO Direct NBA day 107/301: 2021-04-07, 3 discovered -> 1 selected
2026-08-16 22:14:07,144 INFO Suppressed 265 entries from older reports for games superseded by newer snapshots on 2021-04-07
2026-08-16 22:14:36,299 INFO Direct NBA day 108/301: 2021-04-08, 3 discovered -> 1 selected
2026-08-16 22:14:37,386 INFO Suppressed 193 entries from older reports for games superseded by newer snapshots on 2021-04-08
2026-08-16 22:15:05,744 INFO Direct NBA day 109/301: 2021-04-09, 3 discovered -> 1 selected
2026-08-16 22:15:06,857 INFO Suppressed 199 entries from older reports for games superseded by newer snapshots on 2021-04-09
2026-08-16 22:15:35,699 INFO Direct NBA day 110/301: 2021-04-10, 3 discovered -> 1 selected
2026-08-16 22:15:36,831 INFO Suppressed 195 entries from older reports for games superseded by newer snapshots on 2021-04-10
2026-08-16 22:16:05,263 INFO Direct NBA day 111/301: 2021-04-11, 3 discovered -> 1 selected
2026-08-16 22:16:06,512 INFO Suppressed 248 entries from older reports for games superseded by newer snapshots on 2021-04-11
2026-08-16 22:16:34,915 INFO Direct NBA day 112/301: 2021-04-12, 3 discovered -> 2 selected
2026-08-16 22:16:35,940 INFO Suppressed 175 entries from older reports for games superseded by newer snapshots on 2021-04-12
2026-08-16 22:17:04,103 INFO Direct NBA day 113/301: 2021-04-13, 3 discovered -> 2 selected
2026-08-16 22:17:05,184 INFO Suppressed 196 entries from older reports for games superseded by newer snapshots on 2021-04-13
2026-08-16 22:17:33,940 INFO Direct NBA day 114/301: 2021-04-14, 3 discovered -> 1 selected
2026-08-16 22:17:34,852 INFO Suppressed 153 entries from older reports for games superseded by newer snapshots on 2021-04-14
2026-08-16 22:18:03,628 INFO Direct NBA day 115/301: 2021-04-15, 3 discovered -> 1 selected
2026-08-16 22:18:04,578 INFO Suppressed 160 entries from older reports for games superseded by newer snapshots on 2021-04-15
2026-08-16 22:18:33,253 INFO Direct NBA day 116/301: 2021-04-16, 3 discovered -> 1 selected
2026-08-16 22:18:34,497 INFO Suppressed 244 entries from older reports for games superseded by newer snapshots on 2021-04-16
2026-08-16 22:19:03,160 INFO Direct NBA day 117/301: 2021-04-17, 3 discovered -> 1 selected
2026-08-16 22:19:04,223 INFO Suppressed 186 entries from older reports for games superseded by newer snapshots on 2021-04-17
2026-08-16 22:19:33,804 INFO Direct NBA day 118/301: 2021-04-18, 3 discovered -> 1 selected
2026-08-16 22:19:34,969 INFO Suppressed 230 entries from older reports for games superseded by newer snapshots on 2021-04-18
2026-08-16 22:20:04,379 INFO Direct NBA day 119/301: 2021-04-19, 3 discovered -> 1 selected
2026-08-16 22:20:05,564 INFO Suppressed 252 entries from older reports for games superseded by newer snapshots on 2021-04-19
2026-08-16 22:20:34,353 INFO Direct NBA day 120/301: 2021-04-20, 3 discovered -> 1 selected
2026-08-16 22:20:35,355 INFO Suppressed 191 entries from older reports for games superseded by newer snapshots on 2021-04-20
2026-08-16 22:21:04,302 INFO Direct NBA day 121/301: 2021-04-21, 3 discovered -> 1 selected
2026-08-16 22:21:05,029 INFO NBA backfill checkpoint processed=1/1 parsed=1 missing=0 http_failed=0 invalid_pdf=0 parse_failed=0
2026-08-16 22:21:06,373 INFO Suppressed 277 entries from older reports for games superseded by newer snapshots on 2021-04-21
2026-08-16 22:21:35,027 INFO Direct NBA day 122/301: 2021-04-22, 3 discovered -> 1 selected
2026-08-16 22:21:36,010 INFO Suppressed 167 entries from older reports for games superseded by newer snapshots on 2021-04-22
2026-08-16 22:22:06,084 INFO Direct NBA day 123/301: 2021-04-23, 3 discovered -> 1 selected
2026-08-16 22:22:07,239 INFO Suppressed 231 entries from older reports for games superseded by newer snapshots on 2021-04-23
2026-08-16 22:22:37,123 INFO Direct NBA day 124/301: 2021-04-24, 3 discovered -> 1 selected
2026-08-16 22:22:38,254 INFO Suppressed 225 entries from older reports for games superseded by newer snapshots on 2021-04-24
2026-08-16 22:23:06,897 INFO Direct NBA day 125/301: 2021-04-25, 3 discovered -> 1 selected
2026-08-16 22:23:08,102 INFO Suppressed 237 entries from older reports for games superseded by newer snapshots on 2021-04-25
2026-08-16 22:23:36,843 INFO Direct NBA day 126/301: 2021-04-26, 3 discovered -> 1 selected
2026-08-16 22:23:38,143 INFO Suppressed 279 entries from older reports for games superseded by newer snapshots on 2021-04-26
2026-08-16 22:24:06,780 INFO Direct NBA day 127/301: 2021-04-27, 3 discovered -> 1 selected
2026-08-16 22:24:07,786 INFO Suppressed 181 entries from older reports for games superseded by newer snapshots on 2021-04-27
2026-08-16 22:24:36,280 INFO Direct NBA day 128/301: 2021-04-28, 3 discovered -> 1 selected
2026-08-16 22:24:37,585 INFO Suppressed 273 entries from older reports for games superseded by newer snapshots on 2021-04-28
2026-08-16 22:25:06,606 INFO Direct NBA day 129/301: 2021-04-29, 3 discovered -> 1 selected
2026-08-16 22:25:07,438 INFO Suppressed 145 entries from older reports for games superseded by newer snapshots on 2021-04-29
2026-08-16 22:25:36,169 INFO Direct NBA day 130/301: 2021-04-30, 3 discovered -> 1 selected
2026-08-16 22:25:37,320 INFO Suppressed 220 entries from older reports for games superseded by newer snapshots on 2021-04-30
2026-08-16 22:26:07,646 INFO Direct NBA day 131/301: 2021-05-01, 3 discovered -> 1 selected
2026-08-16 22:26:08,958 INFO Suppressed 290 entries from older reports for games superseded by newer snapshots on 2021-05-01
2026-08-16 22:26:38,215 INFO Direct NBA day 132/301: 2021-05-02, 3 discovered -> 1 selected
2026-08-16 22:26:39,353 INFO Suppressed 191 entries from older reports for games superseded by newer snapshots on 2021-05-02
2026-08-16 22:27:08,148 INFO Direct NBA day 133/301: 2021-05-03, 3 discovered -> 1 selected
2026-08-16 22:27:09,216 INFO Suppressed 217 entries from older reports for games superseded by newer snapshots on 2021-05-03
2026-08-16 22:27:38,243 INFO Direct NBA day 134/301: 2021-05-04, 3 discovered -> 1 selected
2026-08-16 22:27:39,401 INFO Suppressed 228 entries from older reports for games superseded by newer snapshots on 2021-05-04
2026-08-16 22:28:08,311 INFO Direct NBA day 135/301: 2021-05-05, 3 discovered -> 1 selected
2026-08-16 22:28:09,493 INFO Suppressed 243 entries from older reports for games superseded by newer snapshots on 2021-05-05
2026-08-16 22:28:38,188 INFO Direct NBA day 136/301: 2021-05-06, 3 discovered -> 1 selected
2026-08-16 22:28:39,394 INFO Suppressed 236 entries from older reports for games superseded by newer snapshots on 2021-05-06
2026-08-16 22:29:08,460 INFO Direct NBA day 137/301: 2021-05-07, 3 discovered -> 1 selected
2026-08-16 22:29:09,716 INFO Suppressed 273 entries from older reports for games superseded by newer snapshots on 2021-05-07
2026-08-16 22:29:38,965 INFO Direct NBA day 138/301: 2021-05-08, 3 discovered -> 1 selected
2026-08-16 22:29:40,098 INFO Suppressed 212 entries from older reports for games superseded by newer snapshots on 2021-05-08
2026-08-16 22:30:09,048 INFO Direct NBA day 139/301: 2021-05-09, 3 discovered -> 1 selected
2026-08-16 22:30:10,198 INFO Suppressed 234 entries from older reports for games superseded by newer snapshots on 2021-05-09
2026-08-16 22:30:39,239 INFO Direct NBA day 140/301: 2021-05-10, 3 discovered -> 1 selected
2026-08-16 22:30:40,422 INFO Suppressed 215 entries from older reports for games superseded by newer snapshots on 2021-05-10
2026-08-16 22:31:09,496 INFO Direct NBA day 141/301: 2021-05-11, 3 discovered -> 1 selected
2026-08-16 22:31:10,852 INFO Suppressed 299 entries from older reports for games superseded by newer snapshots on 2021-05-11
2026-08-16 22:31:39,573 INFO Direct NBA day 142/301: 2021-05-12, 3 discovered -> 1 selected
2026-08-16 22:31:40,717 INFO Suppressed 243 entries from older reports for games superseded by newer snapshots on 2021-05-12
2026-08-16 22:32:10,128 INFO Direct NBA day 143/301: 2021-05-13, 3 discovered -> 1 selected
2026-08-16 22:32:11,264 INFO Suppressed 253 entries from older reports for games superseded by newer snapshots on 2021-05-13
2026-08-16 22:32:40,516 INFO Direct NBA day 144/301: 2021-05-14, 3 discovered -> 1 selected
2026-08-16 22:32:41,833 INFO Suppressed 300 entries from older reports for games superseded by newer snapshots on 2021-05-14
2026-08-16 22:33:11,982 INFO Direct NBA day 145/301: 2021-05-15, 3 discovered -> 1 selected
2026-08-16 22:33:12,889 INFO Suppressed 190 entries from older reports for games superseded by newer snapshots on 2021-05-15
2026-08-16 22:33:42,107 INFO Direct NBA day 146/301: 2021-05-16, 3 discovered -> 1 selected
2026-08-16 22:33:43,686 INFO Suppressed 421 entries from older reports for games superseded by newer snapshots on 2021-05-16
2026-08-16 22:34:12,098 INFO Skipped non-substantive snapshot (no date/matchup pairs): timestamp=2021-05-17T13:30:00 source_url=https://ak-static.cms.nba.com/referee/injury/Injury-Report_2021-05-17_01PM.pdf
2026-08-16 22:34:12,159 INFO Direct NBA day 147/301: 2021-05-17, 3 discovered -> 1 selected
2026-08-16 22:34:12,507 INFO Suppressed 14 entries from older reports for games superseded by newer snapshots on 2021-05-17
2026-08-16 22:34:41,073 INFO Direct NBA day 148/301: 2021-05-18, 3 discovered -> 1 selected
2026-08-16 22:34:41,507 INFO Suppressed 33 entries from older reports for games superseded by newer snapshots on 2021-05-18
2026-08-16 22:35:10,313 INFO Direct NBA day 149/301: 2021-05-19, 3 discovered -> 1 selected
2026-08-16 22:35:11,325 INFO NBA backfill checkpoint processed=1/1 parsed=1 missing=0 http_failed=0 invalid_pdf=0 parse_failed=0
2026-08-16 22:35:11,754 INFO Suppressed 32 entries from older reports for games superseded by newer snapshots on 2021-05-19
2026-08-16 22:35:40,386 INFO Direct NBA day 150/301: 2021-05-20, 3 discovered -> 1 selected
2026-08-16 22:35:41,418 INFO NBA backfill checkpoint processed=1/1 parsed=1 missing=0 http_failed=0 invalid_pdf=0 parse_failed=0
2026-08-16 22:35:41,812 INFO Suppressed 18 entries from older reports for games superseded by newer snapshots on 2021-05-20
2026-08-16 22:36:09,902 INFO Direct NBA day 151/301: 2021-05-21, 3 discovered -> 1 selected
2026-08-16 22:36:10,340 INFO Suppressed 35 entries from older reports for games superseded by newer snapshots on 2021-05-21
2026-08-16 22:36:38,942 INFO Direct NBA day 152/301: 2021-05-22, 3 discovered -> 1 selected
2026-08-16 22:36:39,388 INFO Suppressed 37 entries from older reports for games superseded by newer snapshots on 2021-05-22
2026-08-16 22:37:07,944 INFO Direct NBA day 153/301: 2021-05-23, 3 discovered -> 1 selected
2026-08-16 22:37:08,982 INFO NBA backfill checkpoint processed=1/1 parsed=1 missing=0 http_failed=0 invalid_pdf=0 parse_failed=0
2026-08-16 22:37:09,378 INFO Suppressed 23 entries from older reports for games superseded by newer snapshots on 2021-05-23
2026-08-16 22:37:37,791 INFO Direct NBA day 154/301: 2021-05-24, 3 discovered -> 1 selected
2026-08-16 22:37:38,136 INFO Suppressed 6 entries from older reports for games superseded by newer snapshots on 2021-05-24
2026-08-16 22:38:06,817 INFO Direct NBA day 155/301: 2021-05-25, 3 discovered -> 1 selected
2026-08-16 22:38:07,183 INFO Suppressed 7 entries from older reports for games superseded by newer snapshots on 2021-05-25
2026-08-16 22:38:36,032 INFO Direct NBA day 156/301: 2021-05-26, 3 discovered -> 1 selected
2026-08-16 22:38:36,424 INFO Suppressed 20 entries from older reports for games superseded by newer snapshots on 2021-05-26
2026-08-16 22:39:05,461 INFO Direct NBA day 157/301: 2021-05-27, 3 discovered -> 1 selected
2026-08-16 22:39:06,458 INFO NBA backfill checkpoint processed=1/1 parsed=1 missing=0 http_failed=0 invalid_pdf=0 parse_failed=0
2026-08-16 22:39:06,868 INFO Suppressed 27 entries from older reports for games superseded by newer snapshots on 2021-05-27
2026-08-16 22:39:36,021 INFO Direct NBA day 158/301: 2021-05-28, 3 discovered -> 1 selected
2026-08-16 22:39:36,454 INFO Suppressed 35 entries from older reports for games superseded by newer snapshots on 2021-05-28
2026-08-16 22:40:05,162 INFO Direct NBA day 159/301: 2021-05-29, 3 discovered -> 1 selected
2026-08-16 22:40:05,679 INFO Suppressed 45 entries from older reports for games superseded by newer snapshots on 2021-05-29
2026-08-16 22:40:33,948 INFO Direct NBA day 160/301: 2021-05-30, 3 discovered -> 1 selected
2026-08-16 22:40:34,939 INFO NBA backfill checkpoint processed=1/1 parsed=1 missing=0 http_failed=0 invalid_pdf=0 parse_failed=0
2026-08-16 22:40:35,463 INFO Suppressed 59 entries from older reports for games superseded by newer snapshots on 2021-05-30
2026-08-16 22:41:04,423 INFO Direct NBA day 161/301: 2021-05-31, 3 discovered -> 1 selected
2026-08-16 22:41:04,760 INFO Suppressed 5 entries from older reports for games superseded by newer snapshots on 2021-05-31
2026-08-16 22:41:32,983 INFO Direct NBA day 162/301: 2021-06-01, 3 discovered -> 1 selected
2026-08-16 22:41:33,417 INFO Suppressed 38 entries from older reports for games superseded by newer snapshots on 2021-06-01
2026-08-16 22:42:01,490 INFO Direct NBA day 163/301: 2021-06-02, 3 discovered -> 1 selected
2026-08-16 22:42:01,874 INFO Suppressed 16 entries from older reports for games superseded by newer snapshots on 2021-06-02
2026-08-16 22:42:30,174 INFO Direct NBA day 164/301: 2021-06-03, 3 discovered -> 1 selected
2026-08-16 22:42:31,204 INFO NBA backfill checkpoint processed=1/1 parsed=1 missing=0 http_failed=0 invalid_pdf=0 parse_failed=0
2026-08-16 22:42:31,635 INFO Suppressed 33 entries from older reports for games superseded by newer snapshots on 2021-06-03
2026-08-16 22:43:00,235 INFO Direct NBA day 165/301: 2021-06-04, 3 discovered -> 1 selected
2026-08-16 22:43:00,548 INFO Suppressed 4 entries from older reports for games superseded by newer snapshots on 2021-06-04
2026-08-16 22:43:29,330 INFO Direct NBA day 166/301: 2021-06-05, 3 discovered -> 1 selected
2026-08-16 22:43:29,692 INFO Suppressed 15 entries from older reports for games superseded by newer snapshots on 2021-06-05
2026-08-16 22:43:58,298 INFO Direct NBA day 167/301: 2021-06-06, 3 discovered -> 1 selected
2026-08-16 22:43:59,313 INFO NBA backfill checkpoint processed=1/1 parsed=1 missing=0 http_failed=0 invalid_pdf=0 parse_failed=0
2026-08-16 22:43:59,661 INFO Suppressed 9 entries from older reports for games superseded by newer snapshots on 2021-06-06
2026-08-16 22:44:28,101 INFO Direct NBA day 168/301: 2021-06-07, 3 discovered -> 1 selected
2026-08-16 22:44:29,106 INFO NBA backfill checkpoint processed=1/1 parsed=1 missing=0 http_failed=0 invalid_pdf=0 parse_failed=0
2026-08-16 22:44:29,511 INFO Suppressed 25 entries from older reports for games superseded by newer snapshots on 2021-06-07
2026-08-16 22:44:58,389 INFO Direct NBA day 169/301: 2021-06-08, 3 discovered -> 1 selected
2026-08-16 22:44:59,414 INFO NBA backfill checkpoint processed=1/1 parsed=1 missing=0 http_failed=0 invalid_pdf=0 parse_failed=0
2026-08-16 22:44:59,726 INFO Suppressed 7 entries from older reports for games superseded by newer snapshots on 2021-06-08
2026-08-16 22:45:28,184 INFO Direct NBA day 170/301: 2021-06-09, 3 discovered -> 1 selected
2026-08-16 22:45:29,214 INFO NBA backfill checkpoint processed=1/1 parsed=1 missing=0 http_failed=0 invalid_pdf=0 parse_failed=0
2026-08-16 22:45:29,571 INFO Suppressed 15 entries from older reports for games superseded by newer snapshots on 2021-06-09
2026-08-16 22:45:57,916 INFO Direct NBA day 171/301: 2021-06-10, 3 discovered -> 1 selected
2026-08-16 22:45:58,932 INFO NBA backfill checkpoint processed=1/1 parsed=1 missing=0 http_failed=0 invalid_pdf=0 parse_failed=0
2026-08-16 22:45:59,321 INFO Suppressed 20 entries from older reports for games superseded by newer snapshots on 2021-06-10
2026-08-16 22:46:28,041 INFO Direct NBA day 172/301: 2021-06-11, 3 discovered -> 1 selected
2026-08-16 22:46:29,072 INFO NBA backfill checkpoint processed=1/1 parsed=1 missing=0 http_failed=0 invalid_pdf=0 parse_failed=0
2026-08-16 22:46:29,424 INFO Suppressed 8 entries from older reports for games superseded by newer snapshots on 2021-06-11
2026-08-16 22:46:58,179 INFO Direct NBA day 173/301: 2021-06-12, 3 discovered -> 1 selected
2026-08-16 22:46:58,524 INFO Suppressed 8 entries from older reports for games superseded by newer snapshots on 2021-06-12
2026-08-16 22:47:26,437 INFO Direct NBA day 174/301: 2021-06-13, 3 discovered -> 1 selected
2026-08-16 22:47:26,850 INFO Suppressed 23 entries from older reports for games superseded by newer snapshots on 2021-06-13
2026-08-16 22:47:55,401 INFO Direct NBA day 175/301: 2021-06-14, 3 discovered -> 1 selected
2026-08-16 22:47:55,814 INFO Suppressed 19 entries from older reports for games superseded by newer snapshots on 2021-06-14
2026-08-16 22:48:24,418 INFO Direct NBA day 176/301: 2021-06-15, 3 discovered -> 1 selected
2026-08-16 22:48:24,841 INFO Suppressed 18 entries from older reports for games superseded by newer snapshots on 2021-06-15
2026-08-16 22:48:53,237 INFO Direct NBA day 177/301: 2021-06-16, 3 discovered -> 1 selected
2026-08-16 22:48:53,595 INFO Suppressed 8 entries from older reports for games superseded by newer snapshots on 2021-06-16
2026-08-16 22:49:21,830 INFO Direct NBA day 178/301: 2021-06-17, 3 discovered -> 1 selected
2026-08-16 22:49:22,840 INFO NBA backfill checkpoint processed=1/1 parsed=1 missing=0 http_failed=0 invalid_pdf=0 parse_failed=0
2026-08-16 22:49:23,216 INFO Suppressed 16 entries from older reports for games superseded by newer snapshots on 2021-06-17
2026-08-16 22:49:51,596 INFO Direct NBA day 179/301: 2021-06-18, 3 discovered -> 1 selected
2026-08-16 22:49:52,009 INFO Suppressed 23 entries from older reports for games superseded by newer snapshots on 2021-06-18
2026-08-16 22:50:20,222 INFO Direct NBA day 180/301: 2021-06-19, 3 discovered -> 1 selected
2026-08-16 22:50:20,623 INFO Suppressed 17 entries from older reports for games superseded by newer snapshots on 2021-06-19
2026-08-16 22:50:48,798 INFO Direct NBA day 181/301: 2021-06-20, 3 discovered -> 1 selected
2026-08-16 22:50:49,820 INFO NBA backfill checkpoint processed=1/1 parsed=1 missing=0 http_failed=0 invalid_pdf=0 parse_failed=0
2026-08-16 22:50:50,158 INFO Suppressed 11 entries from older reports for games superseded by newer snapshots on 2021-06-20
2026-08-16 22:51:18,401 INFO Skipped non-substantive snapshot (no date/matchup pairs): timestamp=2021-06-21T13:30:00 source_url=https://ak-static.cms.nba.com/referee/injury/Injury-Report_2021-06-21_01PM.pdf
2026-08-16 22:51:18,412 INFO Skipped non-substantive snapshot (no date/matchup pairs): timestamp=2021-06-21T17:30:00 source_url=https://ak-static.cms.nba.com/referee/injury/Injury-Report_2021-06-21_05PM.pdf
2026-08-16 22:51:18,423 INFO Direct NBA day 182/301: 2021-06-21, 3 discovered -> 1 selected
2026-08-16 22:51:47,068 INFO Direct NBA day 183/301: 2021-06-22, 3 discovered -> 1 selected
2026-08-16 22:51:48,116 INFO NBA backfill checkpoint processed=1/1 parsed=1 missing=0 http_failed=0 invalid_pdf=0 parse_failed=0
2026-08-16 22:51:48,453 INFO Suppressed 4 entries from older reports for games superseded by newer snapshots on 2021-06-22
2026-08-16 22:52:17,590 INFO Direct NBA day 184/301: 2021-06-23, 3 discovered -> 1 selected
2026-08-16 22:52:17,915 INFO Suppressed 7 entries from older reports for games superseded by newer snapshots on 2021-06-23
2026-08-16 22:52:46,696 INFO Direct NBA day 185/301: 2021-06-24, 3 discovered -> 1 selected
2026-08-16 22:52:47,731 INFO NBA backfill checkpoint processed=1/1 parsed=1 missing=0 http_failed=0 invalid_pdf=0 parse_failed=0
2026-08-16 22:52:48,086 INFO Suppressed 10 entries from older reports for games superseded by newer snapshots on 2021-06-24
2026-08-16 22:53:17,113 INFO Direct NBA day 186/301: 2021-06-25, 3 discovered -> 1 selected
2026-08-16 22:53:18,145 INFO NBA backfill checkpoint processed=1/1 parsed=1 missing=0 http_failed=0 invalid_pdf=0 parse_failed=0
2026-08-16 22:53:18,479 INFO Suppressed 4 entries from older reports for games superseded by newer snapshots on 2021-06-25
2026-08-16 22:53:47,027 INFO Direct NBA day 187/301: 2021-06-26, 3 discovered -> 1 selected
2026-08-16 22:53:48,059 INFO NBA backfill checkpoint processed=1/1 parsed=1 missing=0 http_failed=0 invalid_pdf=0 parse_failed=0
2026-08-16 22:53:48,413 INFO Suppressed 15 entries from older reports for games superseded by newer snapshots on 2021-06-26
2026-08-16 22:54:16,955 INFO Direct NBA day 188/301: 2021-06-27, 3 discovered -> 1 selected
2026-08-16 22:54:17,303 INFO Suppressed 12 entries from older reports for games superseded by newer snapshots on 2021-06-27
2026-08-16 22:54:45,863 INFO Direct NBA day 189/301: 2021-06-28, 3 discovered -> 1 selected
2026-08-16 22:54:46,222 INFO Suppressed 15 entries from older reports for games superseded by newer snapshots on 2021-06-28
2026-08-16 22:55:15,001 INFO Direct NBA day 190/301: 2021-06-29, 3 discovered -> 1 selected
2026-08-16 22:55:15,354 INFO Suppressed 14 entries from older reports for games superseded by newer snapshots on 2021-06-29
2026-08-16 22:55:43,728 INFO Direct NBA day 191/301: 2021-06-30, 3 discovered -> 1 selected
2026-08-16 22:55:44,078 INFO Suppressed 13 entries from older reports for games superseded by newer snapshots on 2021-06-30
2026-08-16 22:56:12,384 INFO Direct NBA day 192/301: 2021-07-01, 3 discovered -> 1 selected
2026-08-16 22:56:12,753 INFO Suppressed 14 entries from older reports for games superseded by newer snapshots on 2021-07-01
2026-08-16 22:56:41,542 INFO Skipped non-substantive snapshot (no date/matchup pairs): timestamp=2021-07-02T13:30:00 source_url=https://ak-static.cms.nba.com/referee/injury/Injury-Report_2021-07-02_01PM.pdf
2026-08-16 22:56:41,568 INFO Direct NBA day 193/301: 2021-07-02, 3 discovered -> 1 selected
2026-08-16 22:56:41,884 INFO Suppressed 6 entries from older reports for games superseded by newer snapshots on 2021-07-02
2026-08-16 22:57:10,375 INFO Direct NBA day 194/301: 2021-07-03, 3 discovered -> 1 selected
2026-08-16 22:57:11,396 INFO NBA backfill checkpoint processed=1/1 parsed=1 missing=0 http_failed=0 invalid_pdf=0 parse_failed=0
2026-08-16 22:57:11,739 INFO Suppressed 12 entries from older reports for games superseded by newer snapshots on 2021-07-03
2026-08-16 22:57:38,046 INFO Direct NBA day 195/301: 2021-07-04, 0 discovered -> 0 selected
2026-08-16 22:58:08,460 INFO Skipped non-substantive snapshot (no date/matchup pairs): timestamp=2021-07-05T13:30:00 source_url=https://ak-static.cms.nba.com/referee/injury/Injury-Report_2021-07-05_01PM.pdf
2026-08-16 22:58:08,470 INFO Skipped non-substantive snapshot (no date/matchup pairs): timestamp=2021-07-05T17:30:00 source_url=https://ak-static.cms.nba.com/referee/injury/Injury-Report_2021-07-05_05PM.pdf
2026-08-16 22:58:08,488 INFO Direct NBA day 196/301: 2021-07-05, 4 discovered -> 1 selected
2026-08-16 22:58:09,530 INFO NBA backfill checkpoint processed=1/1 parsed=1 missing=0 http_failed=0 invalid_pdf=0 parse_failed=0
2026-08-16 22:58:09,866 INFO Suppressed 2 entries from older reports for games superseded by newer snapshots on 2021-07-05
2026-08-16 22:58:38,945 INFO Direct NBA day 197/301: 2021-07-06, 3 discovered -> 1 selected
2026-08-16 22:58:39,981 INFO NBA backfill checkpoint processed=1/1 parsed=1 missing=0 http_failed=0 invalid_pdf=0 parse_failed=0
2026-08-16 22:58:40,308 INFO Suppressed 4 entries from older reports for games superseded by newer snapshots on 2021-07-06
2026-08-16 22:59:08,998 INFO Skipped non-substantive snapshot (no date/matchup pairs): timestamp=2021-07-07T13:30:00 source_url=https://ak-static.cms.nba.com/referee/injury/Injury-Report_2021-07-07_01PM.pdf
2026-08-16 22:59:09,008 INFO Skipped non-substantive snapshot (no date/matchup pairs): timestamp=2021-07-07T17:30:00 source_url=https://ak-static.cms.nba.com/referee/injury/Injury-Report_2021-07-07_05PM.pdf
2026-08-16 22:59:09,018 INFO Direct NBA day 198/301: 2021-07-07, 3 discovered -> 1 selected
2026-08-16 22:59:38,340 INFO Direct NBA day 199/301: 2021-07-08, 3 discovered -> 1 selected
2026-08-16 22:59:39,382 INFO NBA backfill checkpoint processed=1/1 parsed=1 missing=0 http_failed=0 invalid_pdf=0 parse_failed=0
2026-08-16 22:59:39,725 INFO Suppressed 2 entries from older reports for games superseded by newer snapshots on 2021-07-08
2026-08-16 23:00:05,829 INFO Direct NBA day 200/301: 2021-07-09, 0 discovered -> 0 selected
2026-08-16 23:00:34,410 INFO Skipped non-substantive snapshot (no date/matchup pairs): timestamp=2021-07-10T13:30:00 source_url=https://ak-static.cms.nba.com/referee/injury/Injury-Report_2021-07-10_01PM.pdf
2026-08-16 23:00:34,429 INFO Direct NBA day 201/301: 2021-07-10, 3 discovered -> 1 selected
2026-08-16 23:00:35,482 INFO NBA backfill checkpoint processed=1/1 parsed=1 missing=0 http_failed=0 invalid_pdf=0 parse_failed=0
2026-08-16 23:01:04,429 INFO Direct NBA day 202/301: 2021-07-11, 3 discovered -> 1 selected
2026-08-16 23:01:05,470 INFO NBA backfill checkpoint processed=1/1 parsed=1 missing=0 http_failed=0 invalid_pdf=0 parse_failed=0
2026-08-16 23:01:05,807 INFO Suppressed 3 entries from older reports for games superseded by newer snapshots on 2021-07-11
2026-08-16 23:01:32,290 INFO Direct NBA day 203/301: 2021-07-12, 0 discovered -> 0 selected
2026-08-16 23:02:01,014 INFO Skipped non-substantive snapshot (no date/matchup pairs): timestamp=2021-07-13T13:30:00 source_url=https://ak-static.cms.nba.com/referee/injury/Injury-Report_2021-07-13_01PM.pdf
2026-08-16 23:02:01,024 INFO Skipped non-substantive snapshot (no date/matchup pairs): timestamp=2021-07-13T17:30:00 source_url=https://ak-static.cms.nba.com/referee/injury/Injury-Report_2021-07-13_05PM.pdf
2026-08-16 23:02:01,032 INFO Direct NBA day 204/301: 2021-07-13, 3 discovered -> 1 selected
2026-08-16 23:02:02,084 INFO NBA backfill checkpoint processed=1/1 parsed=1 missing=0 http_failed=0 invalid_pdf=0 parse_failed=0
2026-08-16 23:02:31,165 INFO Direct NBA day 205/301: 2021-07-14, 3 discovered -> 1 selected
2026-08-16 23:02:32,218 INFO NBA backfill checkpoint processed=1/1 parsed=1 missing=0 http_failed=0 invalid_pdf=0 parse_failed=0
2026-08-16 23:02:32,545 INFO Suppressed 2 entries from older reports for games superseded by newer snapshots on 2021-07-14
2026-08-16 23:02:58,485 INFO Direct NBA day 206/301: 2021-07-15, 0 discovered -> 0 selected
2026-08-16 23:03:27,184 INFO Skipped non-substantive snapshot (no date/matchup pairs): timestamp=2021-07-16T13:30:00 source_url=https://ak-static.cms.nba.com/referee/injury/Injury-Report_2021-07-16_01PM.pdf
2026-08-16 23:03:27,194 INFO Skipped non-substantive snapshot (no date/matchup pairs): timestamp=2021-07-16T17:30:00 source_url=https://ak-static.cms.nba.com/referee/injury/Injury-Report_2021-07-16_05PM.pdf
2026-08-16 23:03:27,204 INFO Direct NBA day 207/301: 2021-07-16, 3 discovered -> 1 selected
2026-08-16 23:03:55,960 INFO Direct NBA day 208/301: 2021-07-17, 3 discovered -> 1 selected
2026-08-16 23:03:56,975 INFO NBA backfill checkpoint processed=1/1 parsed=1 missing=0 http_failed=0 invalid_pdf=0 parse_failed=0
2026-08-16 23:03:57,293 INFO Suppressed 7 entries from older reports for games superseded by newer snapshots on 2021-07-17
2026-08-16 23:04:24,132 INFO Direct NBA day 209/301: 2021-07-18, 0 discovered -> 0 selected
2026-08-16 23:04:52,571 INFO Skipped non-substantive snapshot (no date/matchup pairs): timestamp=2021-07-19T13:30:00 source_url=https://ak-static.cms.nba.com/referee/injury/Injury-Report_2021-07-19_01PM.pdf
2026-08-16 23:04:52,592 INFO Direct NBA day 210/301: 2021-07-19, 3 discovered -> 1 selected
2026-08-16 23:04:53,640 INFO NBA backfill checkpoint processed=1/1 parsed=1 missing=0 http_failed=0 invalid_pdf=0 parse_failed=0
2026-08-16 23:05:22,906 INFO Direct NBA day 211/301: 2021-07-20, 3 discovered -> 1 selected
2026-08-16 23:05:23,948 INFO NBA backfill checkpoint processed=1/1 parsed=1 missing=0 http_failed=0 invalid_pdf=0 parse_failed=0
2026-08-16 23:05:24,276 INFO Suppressed 6 entries from older reports for games superseded by newer snapshots on 2021-07-20
2026-08-16 23:05:50,249 INFO Direct NBA day 212/301: 2021-07-21, 0 discovered -> 0 selected
2026-08-16 23:06:16,329 INFO Direct NBA day 213/301: 2021-07-22, 0 discovered -> 0 selected
2026-08-16 23:06:42,241 INFO Direct NBA day 214/301: 2021-07-23, 0 discovered -> 0 selected
2026-08-16 23:07:07,813 INFO Direct NBA day 215/301: 2021-07-24, 0 discovered -> 0 selected
2026-08-16 23:07:33,686 INFO Direct NBA day 216/301: 2021-07-25, 0 discovered -> 0 selected
2026-08-16 23:07:59,400 INFO Direct NBA day 217/301: 2021-07-26, 0 discovered -> 0 selected
2026-08-16 23:08:24,957 INFO Direct NBA day 218/301: 2021-07-27, 0 discovered -> 0 selected
2026-08-16 23:08:50,672 INFO Direct NBA day 219/301: 2021-07-28, 0 discovered -> 0 selected
2026-08-16 23:09:16,521 INFO Direct NBA day 220/301: 2021-07-29, 0 discovered -> 0 selected
2026-08-16 23:09:43,468 INFO Direct NBA day 221/301: 2021-07-30, 0 discovered -> 0 selected
2026-08-16 23:10:09,412 INFO Direct NBA day 222/301: 2021-07-31, 0 discovered -> 0 selected
2026-08-16 23:10:35,157 INFO Direct NBA day 223/301: 2021-08-01, 0 discovered -> 0 selected
2026-08-16 23:11:01,262 INFO Direct NBA day 224/301: 2021-08-02, 0 discovered -> 0 selected
2026-08-16 23:11:27,113 INFO Direct NBA day 225/301: 2021-08-03, 0 discovered -> 0 selected
2026-08-16 23:11:53,306 INFO Direct NBA day 226/301: 2021-08-04, 0 discovered -> 0 selected
2026-08-16 23:12:22,527 INFO Skipped non-substantive snapshot (no date/matchup pairs): timestamp=2021-08-05T13:30:00 source_url=https://ak-static.cms.nba.com/referee/injury/Injury-Report_2021-08-05_01PM.pdf
2026-08-16 23:12:22,537 INFO Skipped non-substantive snapshot (no date/matchup pairs): timestamp=2021-08-05T17:30:00 source_url=https://ak-static.cms.nba.com/referee/injury/Injury-Report_2021-08-05_05PM.pdf
2026-08-16 23:12:22,545 INFO Skipped non-substantive snapshot (no date/matchup pairs): timestamp=2021-08-05T20:30:00 source_url=https://ak-static.cms.nba.com/referee/injury/Injury-Report_2021-08-05_08PM.pdf
2026-08-16 23:12:22,545 INFO Direct NBA day 227/301: 2021-08-05, 3 discovered -> 0 selected
2026-08-16 23:12:51,723 INFO Skipped non-substantive snapshot (no date/matchup pairs): timestamp=2021-08-06T13:30:00 source_url=https://ak-static.cms.nba.com/referee/injury/Injury-Report_2021-08-06_01PM.pdf
2026-08-16 23:12:51,731 INFO Skipped non-substantive snapshot (no date/matchup pairs): timestamp=2021-08-06T17:30:00 source_url=https://ak-static.cms.nba.com/referee/injury/Injury-Report_2021-08-06_05PM.pdf
2026-08-16 23:12:51,738 INFO Skipped non-substantive snapshot (no date/matchup pairs): timestamp=2021-08-06T20:30:00 source_url=https://ak-static.cms.nba.com/referee/injury/Injury-Report_2021-08-06_08PM.pdf
2026-08-16 23:12:51,738 INFO Direct NBA day 228/301: 2021-08-06, 3 discovered -> 0 selected
2026-08-16 23:13:20,095 INFO Skipped non-substantive snapshot (no date/matchup pairs): timestamp=2021-08-07T13:30:00 source_url=https://ak-static.cms.nba.com/referee/injury/Injury-Report_2021-08-07_01PM.pdf
2026-08-16 23:13:20,117 INFO Skipped non-substantive snapshot (no date/matchup pairs): timestamp=2021-08-07T17:30:00 source_url=https://ak-static.cms.nba.com/referee/injury/Injury-Report_2021-08-07_05PM.pdf
2026-08-16 23:13:20,135 INFO Skipped non-substantive snapshot (no date/matchup pairs): timestamp=2021-08-07T20:30:00 source_url=https://ak-static.cms.nba.com/referee/injury/Injury-Report_2021-08-07_08PM.pdf
2026-08-16 23:13:20,135 INFO Direct NBA day 229/301: 2021-08-07, 3 discovered -> 0 selected
2026-08-16 23:13:48,289 INFO Skipped non-substantive snapshot (no date/matchup pairs): timestamp=2021-08-08T13:30:00 source_url=https://ak-static.cms.nba.com/referee/injury/Injury-Report_2021-08-08_01PM.pdf
2026-08-16 23:13:48,325 INFO Skipped non-substantive snapshot (no date/matchup pairs): timestamp=2021-08-08T17:30:00 source_url=https://ak-static.cms.nba.com/referee/injury/Injury-Report_2021-08-08_05PM.pdf
2026-08-16 23:13:48,361 INFO Skipped non-substantive snapshot (no date/matchup pairs): timestamp=2021-08-08T20:30:00 source_url=https://ak-static.cms.nba.com/referee/injury/Injury-Report_2021-08-08_08PM.pdf
2026-08-16 23:13:48,361 INFO Direct NBA day 230/301: 2021-08-08, 3 discovered -> 0 selected
2026-08-16 23:14:17,239 INFO Skipped non-substantive snapshot (no date/matchup pairs): timestamp=2021-08-09T13:30:00 source_url=https://ak-static.cms.nba.com/referee/injury/Injury-Report_2021-08-09_01PM.pdf
2026-08-16 23:14:17,313 INFO Skipped non-substantive snapshot (no date/matchup pairs): timestamp=2021-08-09T17:30:00 source_url=https://ak-static.cms.nba.com/referee/injury/Injury-Report_2021-08-09_05PM.pdf
2026-08-16 23:14:17,347 INFO Skipped non-substantive snapshot (no date/matchup pairs): timestamp=2021-08-09T20:30:00 source_url=https://ak-static.cms.nba.com/referee/injury/Injury-Report_2021-08-09_08PM.pdf
2026-08-16 23:14:17,347 INFO Direct NBA day 231/301: 2021-08-09, 3 discovered -> 0 selected
2026-08-16 23:14:46,257 INFO Skipped non-substantive snapshot (no date/matchup pairs): timestamp=2021-08-10T13:30:00 source_url=https://ak-static.cms.nba.com/referee/injury/Injury-Report_2021-08-10_01PM.pdf
2026-08-16 23:14:46,286 INFO Skipped non-substantive snapshot (no date/matchup pairs): timestamp=2021-08-10T17:30:00 source_url=https://ak-static.cms.nba.com/referee/injury/Injury-Report_2021-08-10_05PM.pdf
2026-08-16 23:14:46,315 INFO Skipped non-substantive snapshot (no date/matchup pairs): timestamp=2021-08-10T20:30:00 source_url=https://ak-static.cms.nba.com/referee/injury/Injury-Report_2021-08-10_08PM.pdf
2026-08-16 23:14:46,315 INFO Direct NBA day 232/301: 2021-08-10, 3 discovered -> 0 selected
2026-08-16 23:15:15,142 INFO Skipped non-substantive snapshot (no date/matchup pairs): timestamp=2021-08-11T13:30:00 source_url=https://ak-static.cms.nba.com/referee/injury/Injury-Report_2021-08-11_01PM.pdf
2026-08-16 23:15:15,176 INFO Skipped non-substantive snapshot (no date/matchup pairs): timestamp=2021-08-11T17:30:00 source_url=https://ak-static.cms.nba.com/referee/injury/Injury-Report_2021-08-11_05PM.pdf
2026-08-16 23:15:15,210 INFO Skipped non-substantive snapshot (no date/matchup pairs): timestamp=2021-08-11T20:30:00 source_url=https://ak-static.cms.nba.com/referee/injury/Injury-Report_2021-08-11_08PM.pdf
2026-08-16 23:15:15,210 INFO Direct NBA day 233/301: 2021-08-11, 3 discovered -> 0 selected
2026-08-16 23:15:44,351 INFO Skipped non-substantive snapshot (no date/matchup pairs): timestamp=2021-08-12T13:30:00 source_url=https://ak-static.cms.nba.com/referee/injury/Injury-Report_2021-08-12_01PM.pdf
2026-08-16 23:15:44,384 INFO Skipped non-substantive snapshot (no date/matchup pairs): timestamp=2021-08-12T17:30:00 source_url=https://ak-static.cms.nba.com/referee/injury/Injury-Report_2021-08-12_05PM.pdf
2026-08-16 23:15:44,419 INFO Skipped non-substantive snapshot (no date/matchup pairs): timestamp=2021-08-12T20:30:00 source_url=https://ak-static.cms.nba.com/referee/injury/Injury-Report_2021-08-12_08PM.pdf
2026-08-16 23:15:44,419 INFO Direct NBA day 234/301: 2021-08-12, 3 discovered -> 0 selected
2026-08-16 23:16:13,033 INFO Skipped non-substantive snapshot (no date/matchup pairs): timestamp=2021-08-13T13:30:00 source_url=https://ak-static.cms.nba.com/referee/injury/Injury-Report_2021-08-13_01PM.pdf
2026-08-16 23:16:13,067 INFO Skipped non-substantive snapshot (no date/matchup pairs): timestamp=2021-08-13T17:30:00 source_url=https://ak-static.cms.nba.com/referee/injury/Injury-Report_2021-08-13_05PM.pdf
2026-08-16 23:16:13,101 INFO Skipped non-substantive snapshot (no date/matchup pairs): timestamp=2021-08-13T20:30:00 source_url=https://ak-static.cms.nba.com/referee/injury/Injury-Report_2021-08-13_08PM.pdf
2026-08-16 23:16:13,101 INFO Direct NBA day 235/301: 2021-08-13, 3 discovered -> 0 selected
2026-08-16 23:16:42,039 INFO Skipped non-substantive snapshot (no date/matchup pairs): timestamp=2021-08-14T13:30:00 source_url=https://ak-static.cms.nba.com/referee/injury/Injury-Report_2021-08-14_01PM.pdf
2026-08-16 23:16:42,075 INFO Skipped non-substantive snapshot (no date/matchup pairs): timestamp=2021-08-14T17:30:00 source_url=https://ak-static.cms.nba.com/referee/injury/Injury-Report_2021-08-14_05PM.pdf
2026-08-16 23:16:42,110 INFO Skipped non-substantive snapshot (no date/matchup pairs): timestamp=2021-08-14T20:30:00 source_url=https://ak-static.cms.nba.com/referee/injury/Injury-Report_2021-08-14_08PM.pdf
2026-08-16 23:16:42,110 INFO Direct NBA day 236/301: 2021-08-14, 3 discovered -> 0 selected
2026-08-16 23:17:10,580 INFO Skipped non-substantive snapshot (no date/matchup pairs): timestamp=2021-08-15T13:30:00 source_url=https://ak-static.cms.nba.com/referee/injury/Injury-Report_2021-08-15_01PM.pdf
2026-08-16 23:17:10,616 INFO Skipped non-substantive snapshot (no date/matchup pairs): timestamp=2021-08-15T17:30:00 source_url=https://ak-static.cms.nba.com/referee/injury/Injury-Report_2021-08-15_05PM.pdf
2026-08-16 23:17:10,652 INFO Skipped non-substantive snapshot (no date/matchup pairs): timestamp=2021-08-15T20:30:00 source_url=https://ak-static.cms.nba.com/referee/injury/Injury-Report_2021-08-15_08PM.pdf
2026-08-16 23:17:10,652 INFO Direct NBA day 237/301: 2021-08-15, 3 discovered -> 0 selected
2026-08-16 23:17:39,059 INFO Skipped non-substantive snapshot (no date/matchup pairs): timestamp=2021-08-16T13:30:00 source_url=https://ak-static.cms.nba.com/referee/injury/Injury-Report_2021-08-16_01PM.pdf
2026-08-16 23:17:39,093 INFO Skipped non-substantive snapshot (no date/matchup pairs): timestamp=2021-08-16T17:30:00 source_url=https://ak-static.cms.nba.com/referee/injury/Injury-Report_2021-08-16_05PM.pdf
2026-08-16 23:17:39,127 INFO Skipped non-substantive snapshot (no date/matchup pairs): timestamp=2021-08-16T20:30:00 source_url=https://ak-static.cms.nba.com/referee/injury/Injury-Report_2021-08-16_08PM.pdf
2026-08-16 23:17:39,127 INFO Direct NBA day 238/301: 2021-08-16, 3 discovered -> 0 selected
2026-08-16 23:18:07,479 INFO Skipped non-substantive snapshot (no date/matchup pairs): timestamp=2021-08-17T13:30:00 source_url=https://ak-static.cms.nba.com/referee/injury/Injury-Report_2021-08-17_01PM.pdf
2026-08-16 23:18:07,498 INFO Skipped non-substantive snapshot (no date/matchup pairs): timestamp=2021-08-17T17:30:00 source_url=https://ak-static.cms.nba.com/referee/injury/Injury-Report_2021-08-17_05PM.pdf
2026-08-16 23:18:07,515 INFO Skipped non-substantive snapshot (no date/matchup pairs): timestamp=2021-08-17T20:30:00 source_url=https://ak-static.cms.nba.com/referee/injury/Injury-Report_2021-08-17_08PM.pdf
2026-08-16 23:18:07,515 INFO Direct NBA day 239/301: 2021-08-17, 3 discovered -> 0 selected
2026-08-16 23:18:33,231 INFO Direct NBA day 240/301: 2021-08-18, 0 discovered -> 0 selected
2026-08-16 23:18:59,133 INFO Direct NBA day 241/301: 2021-08-19, 0 discovered -> 0 selected
2026-08-16 23:19:24,888 INFO Direct NBA day 242/301: 2021-08-20, 0 discovered -> 0 selected
2026-08-16 23:19:51,126 INFO Direct NBA day 243/301: 2021-08-21, 0 discovered -> 0 selected
2026-08-16 23:20:16,834 INFO Direct NBA day 244/301: 2021-08-22, 0 discovered -> 0 selected
2026-08-16 23:20:42,255 INFO Direct NBA day 245/301: 2021-08-23, 0 discovered -> 0 selected
2026-08-16 23:21:08,001 INFO Direct NBA day 246/301: 2021-08-24, 0 discovered -> 0 selected
2026-08-16 23:21:33,581 INFO Direct NBA day 247/301: 2021-08-25, 0 discovered -> 0 selected
2026-08-16 23:21:59,289 INFO Direct NBA day 248/301: 2021-08-26, 0 discovered -> 0 selected
2026-08-16 23:22:24,987 INFO Direct NBA day 249/301: 2021-08-27, 0 discovered -> 0 selected
2026-08-16 23:22:50,549 INFO Direct NBA day 250/301: 2021-08-28, 0 discovered -> 0 selected
2026-08-16 23:23:16,103 INFO Direct NBA day 251/301: 2021-08-29, 0 discovered -> 0 selected
2026-08-16 23:23:41,823 INFO Direct NBA day 252/301: 2021-08-30, 0 discovered -> 0 selected
2026-08-16 23:24:07,446 INFO Direct NBA day 253/301: 2021-08-31, 0 discovered -> 0 selected
2026-08-16 23:24:33,863 INFO Direct NBA day 254/301: 2021-09-01, 0 discovered -> 0 selected
2026-08-16 23:25:00,326 INFO Direct NBA day 255/301: 2021-09-02, 0 discovered -> 0 selected
2026-08-16 23:25:26,282 INFO Direct NBA day 256/301: 2021-09-03, 0 discovered -> 0 selected
2026-08-16 23:25:52,572 INFO Direct NBA day 257/301: 2021-09-04, 0 discovered -> 0 selected
2026-08-16 23:26:18,609 INFO Direct NBA day 258/301: 2021-09-05, 0 discovered -> 0 selected
2026-08-16 23:26:44,537 INFO Direct NBA day 259/301: 2021-09-06, 0 discovered -> 0 selected
2026-08-16 23:27:10,224 INFO Direct NBA day 260/301: 2021-09-07, 0 discovered -> 0 selected
2026-08-16 23:27:35,884 INFO Direct NBA day 261/301: 2021-09-08, 0 discovered -> 0 selected
2026-08-16 23:28:02,120 INFO Direct NBA day 262/301: 2021-09-09, 0 discovered -> 0 selected
2026-08-16 23:28:27,945 INFO Direct NBA day 263/301: 2021-09-10, 0 discovered -> 0 selected
2026-08-16 23:28:54,002 INFO Direct NBA day 264/301: 2021-09-11, 0 discovered -> 0 selected
2026-08-16 23:29:20,055 INFO Direct NBA day 265/301: 2021-09-12, 0 discovered -> 0 selected
2026-08-16 23:29:45,747 INFO Direct NBA day 266/301: 2021-09-13, 0 discovered -> 0 selected
2026-08-16 23:30:11,373 INFO Direct NBA day 267/301: 2021-09-14, 0 discovered -> 0 selected
2026-08-16 23:30:37,264 INFO Direct NBA day 268/301: 2021-09-15, 0 discovered -> 0 selected
2026-08-16 23:31:03,104 INFO Direct NBA day 269/301: 2021-09-16, 0 discovered -> 0 selected
2026-08-16 23:31:29,192 INFO Direct NBA day 270/301: 2021-09-17, 0 discovered -> 0 selected
2026-08-16 23:31:55,544 INFO Direct NBA day 271/301: 2021-09-18, 0 discovered -> 0 selected
2026-08-16 23:32:22,507 INFO Direct NBA day 272/301: 2021-09-19, 0 discovered -> 0 selected
2026-08-16 23:32:48,424 INFO Direct NBA day 273/301: 2021-09-20, 0 discovered -> 0 selected
2026-08-16 23:33:15,088 INFO Direct NBA day 274/301: 2021-09-21, 0 discovered -> 0 selected
2026-08-16 23:33:41,127 INFO Direct NBA day 275/301: 2021-09-22, 0 discovered -> 0 selected
2026-08-16 23:34:07,517 INFO Direct NBA day 276/301: 2021-09-23, 0 discovered -> 0 selected
2026-08-16 23:34:33,484 INFO Direct NBA day 277/301: 2021-09-24, 0 discovered -> 0 selected
2026-08-16 23:35:01,586 INFO Direct NBA day 278/301: 2021-09-25, 0 discovered -> 0 selected
2026-08-16 23:35:28,087 INFO Direct NBA day 279/301: 2021-09-26, 0 discovered -> 0 selected
2026-08-16 23:35:54,181 INFO Direct NBA day 280/301: 2021-09-27, 0 discovered -> 0 selected
2026-08-16 23:36:21,177 INFO Direct NBA day 281/301: 2021-09-28, 0 discovered -> 0 selected
2026-08-16 23:36:47,202 INFO Direct NBA day 282/301: 2021-09-29, 0 discovered -> 0 selected
2026-08-16 23:37:13,623 INFO Direct NBA day 283/301: 2021-09-30, 0 discovered -> 0 selected
2026-08-16 23:37:39,969 INFO Direct NBA day 284/301: 2021-10-01, 0 discovered -> 0 selected
2026-08-16 23:38:09,298 INFO Skipped non-substantive snapshot (no date/matchup pairs): timestamp=2021-10-02T13:30:00 source_url=https://ak-static.cms.nba.com/referee/injury/Injury-Report_2021-10-02_01PM.pdf
2026-08-16 23:38:09,308 INFO Skipped non-substantive snapshot (no date/matchup pairs): timestamp=2021-10-02T17:30:00 source_url=https://ak-static.cms.nba.com/referee/injury/Injury-Report_2021-10-02_05PM.pdf
2026-08-16 23:38:09,317 INFO Direct NBA day 285/301: 2021-10-02, 3 discovered -> 1 selected
2026-08-16 23:38:10,362 INFO NBA backfill checkpoint processed=1/1 parsed=1 missing=0 http_failed=0 invalid_pdf=0 parse_failed=0
2026-08-16 23:38:39,185 INFO Direct NBA day 286/301: 2021-10-03, 3 discovered -> 1 selected
2026-08-16 23:38:39,653 INFO Suppressed 33 entries from older reports for games superseded by newer snapshots on 2021-10-03
2026-08-16 23:39:09,922 INFO Direct NBA day 287/301: 2021-10-04, 3 discovered -> 1 selected
2026-08-16 23:39:10,779 INFO Suppressed 147 entries from older reports for games superseded by newer snapshots on 2021-10-04
2026-08-16 23:39:39,907 INFO Direct NBA day 288/301: 2021-10-05, 3 discovered -> 1 selected
2026-08-16 23:39:40,707 INFO Suppressed 123 entries from older reports for games superseded by newer snapshots on 2021-10-05
2026-08-16 23:40:11,261 INFO Direct NBA day 289/301: 2021-10-06, 3 discovered -> 1 selected
2026-08-16 23:40:12,128 INFO NBA backfill checkpoint processed=1/1 parsed=1 missing=0 http_failed=0 invalid_pdf=0 parse_failed=0
2026-08-16 23:40:12,970 INFO Suppressed 166 entries from older reports for games superseded by newer snapshots on 2021-10-06
2026-08-16 23:40:40,954 INFO Direct NBA day 290/301: 2021-10-07, 3 discovered -> 1 selected
2026-08-16 23:40:41,512 INFO Suppressed 66 entries from older reports for games superseded by newer snapshots on 2021-10-07
2026-08-16 23:41:11,169 INFO Direct NBA day 291/301: 2021-10-08, 3 discovered -> 1 selected
2026-08-16 23:41:11,992 INFO Suppressed 157 entries from older reports for games superseded by newer snapshots on 2021-10-08
2026-08-16 23:41:39,231 INFO Direct NBA day 292/301: 2021-10-09, 2 discovered -> 1 selected
2026-08-16 23:41:39,742 INFO Suppressed 68 entries from older reports for games superseded by newer snapshots on 2021-10-09
2026-08-16 23:42:08,541 INFO Direct NBA day 293/301: 2021-10-10, 3 discovered -> 1 selected
2026-08-16 23:42:09,153 INFO Suppressed 79 entries from older reports for games superseded by newer snapshots on 2021-10-10
2026-08-16 23:42:37,489 INFO Direct NBA day 294/301: 2021-10-11, 3 discovered -> 1 selected
2026-08-16 23:42:38,338 INFO Suppressed 168 entries from older reports for games superseded by newer snapshots on 2021-10-11
2026-08-16 23:43:08,018 INFO Direct NBA day 295/301: 2021-10-12, 3 discovered -> 1 selected
2026-08-16 23:43:08,754 INFO Suppressed 119 entries from older reports for games superseded by newer snapshots on 2021-10-12
2026-08-16 23:43:37,111 INFO Direct NBA day 296/301: 2021-10-13, 3 discovered -> 1 selected
2026-08-16 23:43:38,148 INFO Suppressed 222 entries from older reports for games superseded by newer snapshots on 2021-10-13
2026-08-16 23:44:07,613 INFO Direct NBA day 297/301: 2021-10-14, 3 discovered -> 1 selected
2026-08-16 23:44:08,312 INFO Suppressed 122 entries from older reports for games superseded by newer snapshots on 2021-10-14
2026-08-16 23:44:47,128 INFO Direct NBA day 298/301: 2021-10-15, 11 discovered -> 1 selected
2026-08-16 23:44:47,309 INFO NBA backfill checkpoint processed=1/1 parsed=1 missing=0 http_failed=0 invalid_pdf=0 parse_failed=0
2026-08-16 23:44:48,231 INFO Suppressed 193 entries from older reports for games superseded by newer snapshots on 2021-10-15
2026-08-16 23:45:15,348 INFO Direct NBA day 299/301: 2021-10-16, 0 discovered -> 0 selected
2026-08-16 23:45:41,213 INFO Direct NBA day 300/301: 2021-10-17, 0 discovered -> 0 selected
2026-08-16 23:46:34,705 INFO Skipped non-substantive snapshot (no date/matchup pairs): timestamp=2021-10-18T01:30:00 source_url=https://ak-static.cms.nba.com/referee/injury/Injury-Report_2021-10-18_01AM.pdf
2026-08-16 23:46:34,716 INFO Skipped non-substantive snapshot (no date/matchup pairs): timestamp=2021-10-18T13:30:00 source_url=https://ak-static.cms.nba.com/referee/injury/Injury-Report_2021-10-18_01PM.pdf
2026-08-16 23:46:34,725 INFO Skipped non-substantive snapshot (no date/matchup pairs): timestamp=2021-10-18T02:30:00 source_url=https://ak-static.cms.nba.com/referee/injury/Injury-Report_2021-10-18_02AM.pdf
2026-08-16 23:46:34,736 INFO Skipped non-substantive snapshot (no date/matchup pairs): timestamp=2021-10-18T14:30:00 source_url=https://ak-static.cms.nba.com/referee/injury/Injury-Report_2021-10-18_02PM.pdf
2026-08-16 23:46:34,744 INFO Skipped non-substantive snapshot (no date/matchup pairs): timestamp=2021-10-18T03:30:00 source_url=https://ak-static.cms.nba.com/referee/injury/Injury-Report_2021-10-18_03AM.pdf
2026-08-16 23:46:34,752 INFO Skipped non-substantive snapshot (no date/matchup pairs): timestamp=2021-10-18T15:30:00 source_url=https://ak-static.cms.nba.com/referee/injury/Injury-Report_2021-10-18_03PM.pdf
2026-08-16 23:46:34,759 INFO Skipped non-substantive snapshot (no date/matchup pairs): timestamp=2021-10-18T04:30:00 source_url=https://ak-static.cms.nba.com/referee/injury/Injury-Report_2021-10-18_04AM.pdf
2026-08-16 23:46:34,767 INFO Skipped non-substantive snapshot (no date/matchup pairs): timestamp=2021-10-18T16:30:00 source_url=https://ak-static.cms.nba.com/referee/injury/Injury-Report_2021-10-18_04PM.pdf
2026-08-16 23:46:34,774 INFO Skipped non-substantive snapshot (no date/matchup pairs): timestamp=2021-10-18T05:30:00 source_url=https://ak-static.cms.nba.com/referee/injury/Injury-Report_2021-10-18_05AM.pdf
2026-08-16 23:46:34,789 INFO Skipped non-substantive snapshot (no date/matchup pairs): timestamp=2021-10-18T06:30:00 source_url=https://ak-static.cms.nba.com/referee/injury/Injury-Report_2021-10-18_06AM.pdf
2026-08-16 23:46:34,809 INFO Skipped non-substantive snapshot (no date/matchup pairs): timestamp=2021-10-18T07:30:00 source_url=https://ak-static.cms.nba.com/referee/injury/Injury-Report_2021-10-18_07AM.pdf
2026-08-16 23:46:34,830 INFO Skipped non-substantive snapshot (no date/matchup pairs): timestamp=2021-10-18T08:30:00 source_url=https://ak-static.cms.nba.com/referee/injury/Injury-Report_2021-10-18_08AM.pdf
2026-08-16 23:46:34,855 INFO Skipped non-substantive snapshot (no date/matchup pairs): timestamp=2021-10-18T09:30:00 source_url=https://ak-static.cms.nba.com/referee/injury/Injury-Report_2021-10-18_09AM.pdf
2026-08-16 23:46:34,904 INFO Skipped non-substantive snapshot (no date/matchup pairs): timestamp=2021-10-18T10:30:00 source_url=https://ak-static.cms.nba.com/referee/injury/Injury-Report_2021-10-18_10AM.pdf
2026-08-16 23:46:34,929 INFO Skipped non-substantive snapshot (no date/matchup pairs): timestamp=2021-10-18T11:30:00 source_url=https://ak-static.cms.nba.com/referee/injury/Injury-Report_2021-10-18_11AM.pdf
2026-08-16 23:46:34,955 INFO Skipped non-substantive snapshot (no date/matchup pairs): timestamp=2021-10-18T00:30:00 source_url=https://ak-static.cms.nba.com/referee/injury/Injury-Report_2021-10-18_12AM.pdf
2026-08-16 23:46:34,963 INFO Skipped non-substantive snapshot (no date/matchup pairs): timestamp=2021-10-18T12:30:00 source_url=https://ak-static.cms.nba.com/referee/injury/Injury-Report_2021-10-18_12PM.pdf
2026-08-16 23:46:34,963 INFO Direct NBA day 301/301: 2021-10-18, 24 discovered -> 1 selected
2026-08-16 23:46:35,802 INFO NBA backfill checkpoint processed=1/1 parsed=1 missing=0 http_failed=0 invalid_pdf=0 parse_failed=0
{"already_known": 0, "archive_urls_discovered": 220, "candidates_already_known": 154, "candidates_inserted": 66, "discovered": 0, "downloaded": 66, "entries_inserted": 3788, "http_failures": 0, "invalid_pdfs": 0, "missing": 0, "parse_failures": 0, "parsed": 66}
