2026-08-17 18:56:45,285 INFO Direct NBA day 1/427: 2019-10-22, 3 discovered -> 1 selected
2026-08-17 18:56:46,399 INFO Suppressed 123 entries from older reports for games superseded by newer snapshots on 2019-10-22
2026-08-17 18:57:15,410 INFO Direct NBA day 2/427: 2019-10-23, 3 discovered -> 1 selected
2026-08-17 18:57:16,323 INFO NBA backfill checkpoint processed=1/1 parsed=1 missing=0 http_failed=0 invalid_pdf=0 parse_failed=0
2026-08-17 18:57:16,970 INFO Suppressed 87 entries from older reports for games superseded by newer snapshots on 2019-10-23
2026-08-17 18:57:45,873 INFO Direct NBA day 3/427: 2019-10-24, 3 discovered -> 1 selected
2026-08-17 18:57:46,573 INFO Suppressed 95 entries from older reports for games superseded by newer snapshots on 2019-10-24
2026-08-17 18:58:15,702 INFO Direct NBA day 4/427: 2019-10-25, 3 discovered -> 1 selected
2026-08-17 18:58:16,571 INFO NBA backfill checkpoint processed=1/1 parsed=1 missing=0 http_failed=0 invalid_pdf=0 parse_failed=0
2026-08-17 18:58:17,191 INFO Suppressed 106 entries from older reports for games superseded by newer snapshots on 2019-10-25
2026-08-17 18:58:46,279 INFO Direct NBA day 5/427: 2019-10-26, 3 discovered -> 1 selected
2026-08-17 18:58:46,955 INFO Suppressed 91 entries from older reports for games superseded by newer snapshots on 2019-10-26
2026-08-17 18:59:16,464 INFO Direct NBA day 6/427: 2019-10-27, 3 discovered -> 1 selected
2026-08-17 18:59:17,353 INFO NBA backfill checkpoint processed=1/1 parsed=1 missing=0 http_failed=0 invalid_pdf=0 parse_failed=0
2026-08-17 18:59:17,978 INFO Suppressed 80 entries from older reports for games superseded by newer snapshots on 2019-10-27
2026-08-17 18:59:47,833 INFO Direct NBA day 7/427: 2019-10-28, 3 discovered -> 1 selected
2026-08-17 18:59:48,623 INFO NBA backfill checkpoint processed=1/1 parsed=1 missing=0 http_failed=0 invalid_pdf=0 parse_failed=0
2026-08-17 18:59:49,273 INFO Suppressed 100 entries from older reports for games superseded by newer snapshots on 2019-10-28
2026-08-17 19:00:18,236 INFO Direct NBA day 8/427: 2019-10-29, 3 discovered -> 1 selected
2026-08-17 19:00:18,894 INFO Suppressed 106 entries from older reports for games superseded by newer snapshots on 2019-10-29
2026-08-17 19:00:49,359 INFO Direct NBA day 9/427: 2019-10-30, 3 discovered -> 1 selected
2026-08-17 19:00:50,099 INFO NBA backfill checkpoint processed=1/1 parsed=1 missing=0 http_failed=0 invalid_pdf=0 parse_failed=0
2026-08-17 19:00:50,949 INFO Suppressed 157 entries from older reports for games superseded by newer snapshots on 2019-10-30
2026-08-17 19:01:20,275 INFO Direct NBA day 10/427: 2019-10-31, 3 discovered -> 1 selected
2026-08-17 19:01:21,106 INFO NBA backfill checkpoint processed=1/1 parsed=1 missing=0 http_failed=0 invalid_pdf=0 parse_failed=0
2026-08-17 19:01:21,739 INFO Suppressed 99 entries from older reports for games superseded by newer snapshots on 2019-10-31
2026-08-17 19:01:50,914 INFO Direct NBA day 11/427: 2019-11-01, 3 discovered -> 1 selected
2026-08-17 19:01:51,671 INFO NBA backfill checkpoint processed=1/1 parsed=1 missing=0 http_failed=0 invalid_pdf=0 parse_failed=0
2026-08-17 19:01:52,378 INFO Suppressed 133 entries from older reports for games superseded by newer snapshots on 2019-11-01
2026-08-17 19:02:21,880 INFO Direct NBA day 12/427: 2019-11-02, 3 discovered -> 1 selected
2026-08-17 19:02:22,891 INFO Suppressed 231 entries from older reports for games superseded by newer snapshots on 2019-11-02
2026-08-17 19:02:52,112 INFO Direct NBA day 13/427: 2019-11-03, 3 discovered -> 1 selected
2026-08-17 19:02:52,870 INFO NBA backfill checkpoint processed=1/1 parsed=1 missing=0 http_failed=0 invalid_pdf=0 parse_failed=0
2026-08-17 19:02:53,529 INFO Suppressed 113 entries from older reports for games superseded by newer snapshots on 2019-11-03
2026-08-17 19:03:24,070 INFO Direct NBA day 14/427: 2019-11-04, 3 discovered -> 1 selected
2026-08-17 19:03:24,760 INFO Suppressed 132 entries from older reports for games superseded by newer snapshots on 2019-11-04
2026-08-17 19:03:54,311 INFO Direct NBA day 15/427: 2019-11-05, 3 discovered -> 1 selected
2026-08-17 19:03:55,057 INFO Suppressed 124 entries from older reports for games superseded by newer snapshots on 2019-11-05
2026-08-17 19:04:24,790 INFO Direct NBA day 16/427: 2019-11-06, 3 discovered -> 1 selected
2026-08-17 19:04:25,442 INFO NBA backfill checkpoint processed=1/1 parsed=1 missing=0 http_failed=0 invalid_pdf=0 parse_failed=0
2026-08-17 19:04:26,549 INFO Suppressed 287 entries from older reports for games superseded by newer snapshots on 2019-11-06
2026-08-17 19:04:56,732 INFO Direct NBA day 17/427: 2019-11-07, 3 discovered -> 1 selected
2026-08-17 19:04:57,681 INFO Suppressed 188 entries from older reports for games superseded by newer snapshots on 2019-11-07
2026-08-17 19:05:27,526 INFO Direct NBA day 18/427: 2019-11-08, 3 discovered -> 1 selected
2026-08-17 19:05:28,123 INFO NBA backfill checkpoint processed=1/1 parsed=1 missing=0 http_failed=0 invalid_pdf=0 parse_failed=0
2026-08-17 19:05:28,743 INFO Suppressed 99 entries from older reports for games superseded by newer snapshots on 2019-11-08
2026-08-17 19:05:58,322 INFO Direct NBA day 19/427: 2019-11-09, 3 discovered -> 1 selected
2026-08-17 19:05:58,976 INFO Suppressed 110 entries from older reports for games superseded by newer snapshots on 2019-11-09
2026-08-17 19:06:28,731 INFO Direct NBA day 20/427: 2019-11-10, 3 discovered -> 1 selected
2026-08-17 19:06:29,369 INFO NBA backfill checkpoint processed=1/1 parsed=1 missing=0 http_failed=0 invalid_pdf=0 parse_failed=0
2026-08-17 19:06:30,190 INFO Suppressed 183 entries from older reports for games superseded by newer snapshots on 2019-11-10
2026-08-17 19:07:00,017 INFO Direct NBA day 21/427: 2019-11-11, 3 discovered -> 1 selected
2026-08-17 19:07:00,681 INFO NBA backfill checkpoint processed=1/1 parsed=1 missing=0 http_failed=0 invalid_pdf=0 parse_failed=0
2026-08-17 19:07:01,729 INFO Suppressed 239 entries from older reports for games superseded by newer snapshots on 2019-11-11
2026-08-17 19:07:31,759 INFO Direct NBA day 22/427: 2019-11-12, 3 discovered -> 1 selected
2026-08-17 19:07:32,353 INFO NBA backfill checkpoint processed=1/1 parsed=1 missing=0 http_failed=0 invalid_pdf=0 parse_failed=0
2026-08-17 19:07:33,203 INFO Suppressed 168 entries from older reports for games superseded by newer snapshots on 2019-11-12
2026-08-17 19:08:03,986 INFO Skipped non-substantive snapshot (no date/matchup pairs): timestamp=2019-11-13T15:39:00 source_url=https://ak-static.cms.nba.com/referee/injury/Injury-Report_2019-11-13_03PM.pdf
2026-08-17 19:08:04,336 INFO Direct NBA day 23/427: 2019-11-13, 4 discovered -> 1 selected
2026-08-17 19:08:04,929 INFO NBA backfill checkpoint processed=1/1 parsed=1 missing=0 http_failed=0 invalid_pdf=0 parse_failed=0
2026-08-17 19:08:06,060 INFO Suppressed 281 entries from older reports for games superseded by newer snapshots on 2019-11-13
2026-08-17 19:08:36,060 INFO Direct NBA day 24/427: 2019-11-14, 3 discovered -> 1 selected
2026-08-17 19:08:37,237 INFO Suppressed 272 entries from older reports for games superseded by newer snapshots on 2019-11-14
2026-08-17 19:09:07,119 INFO Direct NBA day 25/427: 2019-11-15, 3 discovered -> 1 selected
2026-08-17 19:09:08,379 INFO Suppressed 321 entries from older reports for games superseded by newer snapshots on 2019-11-15
2026-08-17 19:09:38,005 INFO Direct NBA day 26/427: 2019-11-16, 3 discovered -> 1 selected
2026-08-17 19:09:38,731 INFO NBA backfill checkpoint processed=1/1 parsed=1 missing=0 http_failed=0 invalid_pdf=0 parse_failed=0
2026-08-17 19:09:39,909 INFO Suppressed 289 entries from older reports for games superseded by newer snapshots on 2019-11-16
2026-08-17 19:10:09,700 INFO Direct NBA day 27/427: 2019-11-17, 3 discovered -> 1 selected
2026-08-17 19:10:10,362 INFO NBA backfill checkpoint processed=1/1 parsed=1 missing=0 http_failed=0 invalid_pdf=0 parse_failed=0
2026-08-17 19:10:11,539 INFO Suppressed 265 entries from older reports for games superseded by newer snapshots on 2019-11-17
2026-08-17 19:10:41,247 INFO Direct NBA day 28/427: 2019-11-18, 3 discovered -> 1 selected
2026-08-17 19:10:42,420 INFO Suppressed 270 entries from older reports for games superseded by newer snapshots on 2019-11-18
2026-08-17 19:11:11,720 INFO Direct NBA day 29/427: 2019-11-19, 3 discovered -> 1 selected
2026-08-17 19:11:12,451 INFO NBA backfill checkpoint processed=1/1 parsed=1 missing=0 http_failed=0 invalid_pdf=0 parse_failed=0
2026-08-17 19:11:13,464 INFO Suppressed 226 entries from older reports for games superseded by newer snapshots on 2019-11-19
2026-08-17 19:11:43,441 INFO Direct NBA day 30/427: 2019-11-20, 3 discovered -> 1 selected
2026-08-17 19:11:44,075 INFO NBA backfill checkpoint processed=1/1 parsed=1 missing=0 http_failed=0 invalid_pdf=0 parse_failed=0
2026-08-17 19:11:44,991 INFO Suppressed 212 entries from older reports for games superseded by newer snapshots on 2019-11-20
2026-08-17 19:12:14,329 INFO Direct NBA day 31/427: 2019-11-21, 3 discovered -> 1 selected
2026-08-17 19:12:15,035 INFO Suppressed 131 entries from older reports for games superseded by newer snapshots on 2019-11-21
2026-08-17 19:12:44,619 INFO Direct NBA day 32/427: 2019-11-22, 3 discovered -> 1 selected
2026-08-17 19:12:45,272 INFO NBA backfill checkpoint processed=1/1 parsed=1 missing=0 http_failed=0 invalid_pdf=0 parse_failed=0
2026-08-17 19:12:46,230 INFO Suppressed 235 entries from older reports for games superseded by newer snapshots on 2019-11-22
2026-08-17 19:13:16,130 INFO Direct NBA day 33/427: 2019-11-23, 3 discovered -> 1 selected
2026-08-17 19:13:16,989 INFO Suppressed 185 entries from older reports for games superseded by newer snapshots on 2019-11-23
2026-08-17 19:13:46,553 INFO Direct NBA day 34/427: 2019-11-24, 3 discovered -> 1 selected
2026-08-17 19:13:47,305 INFO NBA backfill checkpoint processed=1/1 parsed=1 missing=0 http_failed=0 invalid_pdf=0 parse_failed=0
2026-08-17 19:13:47,918 INFO Suppressed 108 entries from older reports for games superseded by newer snapshots on 2019-11-24
2026-08-17 19:14:17,103 INFO Direct NBA day 35/427: 2019-11-25, 3 discovered -> 1 selected
2026-08-17 19:14:17,786 INFO NBA backfill checkpoint processed=1/1 parsed=1 missing=0 http_failed=0 invalid_pdf=0 parse_failed=0
2026-08-17 19:14:18,657 INFO Suppressed 222 entries from older reports for games superseded by newer snapshots on 2019-11-25
2026-08-17 19:14:48,213 INFO Direct NBA day 36/427: 2019-11-26, 3 discovered -> 1 selected
2026-08-17 19:14:48,914 INFO NBA backfill checkpoint processed=1/1 parsed=1 missing=0 http_failed=0 invalid_pdf=0 parse_failed=0
2026-08-17 19:14:49,641 INFO Suppressed 162 entries from older reports for games superseded by newer snapshots on 2019-11-26
2026-08-17 19:15:19,287 INFO Direct NBA day 37/427: 2019-11-27, 3 discovered -> 1 selected
2026-08-17 19:15:19,749 INFO NBA backfill checkpoint processed=1/1 parsed=1 missing=0 http_failed=0 invalid_pdf=0 parse_failed=0
2026-08-17 19:15:21,254 INFO Suppressed 442 entries from older reports for games superseded by newer snapshots on 2019-11-27
2026-08-17 19:15:51,130 INFO Direct NBA day 38/427: 2019-11-28, 3 discovered -> 1 selected
2026-08-17 19:15:51,902 INFO Suppressed 122 entries from older reports for games superseded by newer snapshots on 2019-11-28
2026-08-17 19:16:21,916 INFO Direct NBA day 39/427: 2019-11-29, 3 discovered -> 1 selected
2026-08-17 19:16:22,516 INFO NBA backfill checkpoint processed=1/1 parsed=1 missing=0 http_failed=0 invalid_pdf=0 parse_failed=0
2026-08-17 19:16:23,215 INFO Suppressed 128 entries from older reports for games superseded by newer snapshots on 2019-11-29
2026-08-17 19:16:52,934 INFO Direct NBA day 40/427: 2019-11-30, 3 discovered -> 1 selected
2026-08-17 19:16:53,664 INFO NBA backfill checkpoint processed=1/1 parsed=1 missing=0 http_failed=0 invalid_pdf=0 parse_failed=0
2026-08-17 19:16:54,207 INFO Suppressed 79 entries from older reports for games superseded by newer snapshots on 2019-11-30
2026-08-17 19:17:24,962 INFO Direct NBA day 41/427: 2019-12-01, 3 discovered -> 1 selected
2026-08-17 19:17:25,929 INFO Suppressed 200 entries from older reports for games superseded by newer snapshots on 2019-12-01
2026-08-17 19:17:55,385 INFO Direct NBA day 42/427: 2019-12-02, 3 discovered -> 1 selected
2026-08-17 19:17:56,437 INFO Suppressed 254 entries from older reports for games superseded by newer snapshots on 2019-12-02
2026-08-17 19:18:25,988 INFO Direct NBA day 43/427: 2019-12-03, 3 discovered -> 1 selected
2026-08-17 19:18:26,877 INFO Suppressed 200 entries from older reports for games superseded by newer snapshots on 2019-12-03
2026-08-17 19:18:56,102 INFO Direct NBA day 44/427: 2019-12-04, 3 discovered -> 1 selected
2026-08-17 19:18:56,838 INFO NBA backfill checkpoint processed=1/1 parsed=1 missing=0 http_failed=0 invalid_pdf=0 parse_failed=0
2026-08-17 19:18:58,033 INFO Suppressed 322 entries from older reports for games superseded by newer snapshots on 2019-12-04
2026-08-17 19:19:28,264 INFO Direct NBA day 45/427: 2019-12-05, 3 discovered -> 1 selected
2026-08-17 19:19:29,066 INFO NBA backfill checkpoint processed=1/1 parsed=1 missing=0 http_failed=0 invalid_pdf=0 parse_failed=0
2026-08-17 19:19:30,043 INFO Suppressed 204 entries from older reports for games superseded by newer snapshots on 2019-12-05
2026-08-17 19:20:00,487 INFO Direct NBA day 46/427: 2019-12-06, 3 discovered -> 1 selected
2026-08-17 19:20:01,047 INFO NBA backfill checkpoint processed=1/1 parsed=1 missing=0 http_failed=0 invalid_pdf=0 parse_failed=0
2026-08-17 19:20:01,926 INFO Suppressed 223 entries from older reports for games superseded by newer snapshots on 2019-12-06
2026-08-17 19:20:31,481 INFO Direct NBA day 47/427: 2019-12-07, 3 discovered -> 1 selected
2026-08-17 19:20:32,291 INFO Suppressed 149 entries from older reports for games superseded by newer snapshots on 2019-12-07
2026-08-17 19:21:02,200 INFO Direct NBA day 48/427: 2019-12-08, 3 discovered -> 1 selected
2026-08-17 19:21:02,724 INFO Suppressed 78 entries from older reports for games superseded by newer snapshots on 2019-12-08
2026-08-17 19:21:33,122 INFO Direct NBA day 49/427: 2019-12-09, 3 discovered -> 1 selected
2026-08-17 19:21:33,971 INFO Suppressed 177 entries from older reports for games superseded by newer snapshots on 2019-12-09
2026-08-17 19:22:03,400 INFO Direct NBA day 50/427: 2019-12-10, 3 discovered -> 1 selected
2026-08-17 19:22:04,361 INFO Suppressed 227 entries from older reports for games superseded by newer snapshots on 2019-12-10
2026-08-17 19:22:33,865 INFO Direct NBA day 51/427: 2019-12-11, 3 discovered -> 1 selected
2026-08-17 19:22:34,775 INFO Suppressed 229 entries from older reports for games superseded by newer snapshots on 2019-12-11
2026-08-17 19:23:04,344 INFO Direct NBA day 52/427: 2019-12-12, 3 discovered -> 1 selected
2026-08-17 19:23:05,032 INFO Suppressed 134 entries from older reports for games superseded by newer snapshots on 2019-12-12
2026-08-17 19:23:34,529 INFO Direct NBA day 53/427: 2019-12-13, 3 discovered -> 1 selected
2026-08-17 19:23:35,230 INFO NBA backfill checkpoint processed=1/1 parsed=1 missing=0 http_failed=0 invalid_pdf=0 parse_failed=0
2026-08-17 19:23:36,486 INFO Suppressed 342 entries from older reports for games superseded by newer snapshots on 2019-12-13
2026-08-17 19:24:06,457 INFO Direct NBA day 54/427: 2019-12-14, 3 discovered -> 1 selected
2026-08-17 19:24:07,225 INFO Suppressed 135 entries from older reports for games superseded by newer snapshots on 2019-12-14
2026-08-17 19:24:36,754 INFO Direct NBA day 55/427: 2019-12-15, 3 discovered -> 1 selected
2026-08-17 19:24:37,742 INFO Suppressed 237 entries from older reports for games superseded by newer snapshots on 2019-12-15
2026-08-17 19:25:06,993 INFO Direct NBA day 56/427: 2019-12-16, 3 discovered -> 1 selected
2026-08-17 19:25:07,682 INFO NBA backfill checkpoint processed=1/1 parsed=1 missing=0 http_failed=0 invalid_pdf=0 parse_failed=0
2026-08-17 19:25:08,824 INFO Suppressed 285 entries from older reports for games superseded by newer snapshots on 2019-12-16
2026-08-17 19:25:37,864 INFO Direct NBA day 57/427: 2019-12-17, 3 discovered -> 1 selected
2026-08-17 19:25:38,553 INFO Suppressed 120 entries from older reports for games superseded by newer snapshots on 2019-12-17
2026-08-17 19:26:07,996 INFO Direct NBA day 58/427: 2019-12-18, 3 discovered -> 1 selected
2026-08-17 19:26:08,755 INFO NBA backfill checkpoint processed=1/1 parsed=1 missing=0 http_failed=0 invalid_pdf=0 parse_failed=0
2026-08-17 19:26:09,601 INFO Suppressed 181 entries from older reports for games superseded by newer snapshots on 2019-12-18
2026-08-17 19:26:38,889 INFO Direct NBA day 59/427: 2019-12-19, 3 discovered -> 1 selected
2026-08-17 19:26:39,835 INFO Suppressed 222 entries from older reports for games superseded by newer snapshots on 2019-12-19
2026-08-17 19:27:10,755 INFO Direct NBA day 60/427: 2019-12-20, 3 discovered -> 1 selected
2026-08-17 19:27:11,374 INFO Suppressed 104 entries from older reports for games superseded by newer snapshots on 2019-12-20
2026-08-17 19:27:42,189 INFO Direct NBA day 61/427: 2019-12-21, 3 discovered -> 1 selected
2026-08-17 19:27:43,350 INFO Suppressed 285 entries from older reports for games superseded by newer snapshots on 2019-12-21
2026-08-17 19:28:13,097 INFO Direct NBA day 62/427: 2019-12-22, 3 discovered -> 1 selected
2026-08-17 19:28:13,865 INFO Suppressed 167 entries from older reports for games superseded by newer snapshots on 2019-12-22
2026-08-17 19:28:43,456 INFO Direct NBA day 63/427: 2019-12-23, 3 discovered -> 1 selected
2026-08-17 19:28:44,237 INFO NBA backfill checkpoint processed=1/1 parsed=1 missing=0 http_failed=0 invalid_pdf=0 parse_failed=0
2026-08-17 19:28:45,104 INFO Suppressed 197 entries from older reports for games superseded by newer snapshots on 2019-12-23
2026-08-17 19:29:14,401 INFO Direct NBA day 64/427: 2019-12-24, 3 discovered -> 1 selected
2026-08-17 19:29:14,807 INFO Suppressed 32 entries from older reports for games superseded by newer snapshots on 2019-12-24
2026-08-17 19:29:44,922 INFO Direct NBA day 65/427: 2019-12-25, 3 discovered -> 1 selected
2026-08-17 19:29:45,322 INFO Suppressed 35 entries from older reports for games superseded by newer snapshots on 2019-12-25
2026-08-17 19:30:14,888 INFO Direct NBA day 66/427: 2019-12-26, 3 discovered -> 1 selected
2026-08-17 19:30:15,861 INFO Suppressed 220 entries from older reports for games superseded by newer snapshots on 2019-12-26
2026-08-17 19:30:46,712 INFO Direct NBA day 67/427: 2019-12-27, 3 discovered -> 1 selected
2026-08-17 19:30:47,428 INFO Suppressed 131 entries from older reports for games superseded by newer snapshots on 2019-12-27
2026-08-17 19:31:18,205 INFO Direct NBA day 68/427: 2019-12-28, 3 discovered -> 1 selected
2026-08-17 19:31:18,933 INFO NBA backfill checkpoint processed=1/1 parsed=1 missing=0 http_failed=0 invalid_pdf=0 parse_failed=0
2026-08-17 19:31:19,892 INFO Suppressed 230 entries from older reports for games superseded by newer snapshots on 2019-12-28
2026-08-17 19:31:49,964 INFO Direct NBA day 69/427: 2019-12-29, 3 discovered -> 1 selected
2026-08-17 19:31:50,802 INFO Suppressed 172 entries from older reports for games superseded by newer snapshots on 2019-12-29
2026-08-17 19:32:21,825 INFO Direct NBA day 70/427: 2019-12-30, 3 discovered -> 1 selected
2026-08-17 19:32:22,847 INFO Suppressed 266 entries from older reports for games superseded by newer snapshots on 2019-12-30
2026-08-17 19:32:52,651 INFO Direct NBA day 71/427: 2019-12-31, 3 discovered -> 1 selected
2026-08-17 19:32:53,636 INFO Suppressed 250 entries from older reports for games superseded by newer snapshots on 2019-12-31
2026-08-17 19:33:23,119 INFO Direct NBA day 72/427: 2020-01-01, 3 discovered -> 1 selected
2026-08-17 19:33:24,043 INFO Suppressed 202 entries from older reports for games superseded by newer snapshots on 2020-01-01
2026-08-17 19:33:54,156 INFO Direct NBA day 73/427: 2020-01-02, 3 discovered -> 1 selected
2026-08-17 19:33:55,302 INFO Suppressed 300 entries from older reports for games superseded by newer snapshots on 2020-01-02
2026-08-17 19:34:24,699 INFO Direct NBA day 74/427: 2020-01-03, 3 discovered -> 1 selected
2026-08-17 19:34:25,758 INFO Suppressed 260 entries from older reports for games superseded by newer snapshots on 2020-01-03
2026-08-17 19:34:55,485 INFO Direct NBA day 75/427: 2020-01-04, 3 discovered -> 1 selected
2026-08-17 19:34:56,748 INFO Suppressed 318 entries from older reports for games superseded by newer snapshots on 2020-01-04
2026-08-17 19:35:27,005 INFO Direct NBA day 76/427: 2020-01-05, 3 discovered -> 1 selected
2026-08-17 19:35:27,973 INFO Suppressed 209 entries from older reports for games superseded by newer snapshots on 2020-01-05
2026-08-17 19:35:58,284 INFO Direct NBA day 77/427: 2020-01-06, 3 discovered -> 1 selected
2026-08-17 19:35:59,336 INFO Suppressed 325 entries from older reports for games superseded by newer snapshots on 2020-01-06
2026-08-17 19:36:28,752 INFO Direct NBA day 78/427: 2020-01-07, 3 discovered -> 1 selected
2026-08-17 19:36:29,752 INFO Suppressed 232 entries from older reports for games superseded by newer snapshots on 2020-01-07
2026-08-17 19:36:59,676 INFO Direct NBA day 79/427: 2020-01-08, 3 discovered -> 1 selected
2026-08-17 19:37:00,739 INFO Suppressed 269 entries from older reports for games superseded by newer snapshots on 2020-01-08
2026-08-17 19:37:31,107 INFO Direct NBA day 80/427: 2020-01-09, 3 discovered -> 1 selected
2026-08-17 19:37:31,995 INFO Suppressed 206 entries from older reports for games superseded by newer snapshots on 2020-01-09
2026-08-17 19:38:02,979 INFO Direct NBA day 81/427: 2020-01-10, 3 discovered -> 1 selected
2026-08-17 19:38:04,218 INFO Suppressed 332 entries from older reports for games superseded by newer snapshots on 2020-01-10
2026-08-17 19:38:34,683 INFO Direct NBA day 82/427: 2020-01-11, 3 discovered -> 1 selected
2026-08-17 19:38:35,424 INFO Suppressed 142 entries from older reports for games superseded by newer snapshots on 2020-01-11
2026-08-17 19:39:04,823 INFO Direct NBA day 83/427: 2020-01-12, 3 discovered -> 1 selected
2026-08-17 19:39:05,901 INFO Suppressed 265 entries from older reports for games superseded by newer snapshots on 2020-01-12
2026-08-17 19:39:35,897 INFO Direct NBA day 84/427: 2020-01-13, 3 discovered -> 1 selected
2026-08-17 19:39:36,697 INFO Suppressed 196 entries from older reports for games superseded by newer snapshots on 2020-01-13
2026-08-17 19:40:06,031 INFO Direct NBA day 85/427: 2020-01-14, 3 discovered -> 1 selected
2026-08-17 19:40:07,086 INFO Suppressed 260 entries from older reports for games superseded by newer snapshots on 2020-01-14
2026-08-17 19:40:37,319 INFO Direct NBA day 86/427: 2020-01-15, 3 discovered -> 1 selected
2026-08-17 19:40:38,475 INFO Suppressed 316 entries from older reports for games superseded by newer snapshots on 2020-01-15
2026-08-17 19:41:08,960 INFO Direct NBA day 87/427: 2020-01-16, 3 discovered -> 1 selected
2026-08-17 19:41:09,791 INFO Suppressed 184 entries from older reports for games superseded by newer snapshots on 2020-01-16
2026-08-17 19:41:40,262 INFO Direct NBA day 88/427: 2020-01-17, 3 discovered -> 1 selected
2026-08-17 19:41:40,966 INFO Suppressed 145 entries from older reports for games superseded by newer snapshots on 2020-01-17
2026-08-17 19:42:12,743 INFO Direct NBA day 89/427: 2020-01-18, 3 discovered -> 1 selected
2026-08-17 19:42:13,956 INFO Suppressed 326 entries from older reports for games superseded by newer snapshots on 2020-01-18
2026-08-17 19:42:44,251 INFO Direct NBA day 90/427: 2020-01-19, 3 discovered -> 1 selected
2026-08-17 19:42:45,094 INFO Suppressed 177 entries from older reports for games superseded by newer snapshots on 2020-01-19
2026-08-17 19:43:15,079 INFO Direct NBA day 91/427: 2020-01-20, 3 discovered -> 1 selected
2026-08-17 19:43:16,040 INFO Suppressed 260 entries from older reports for games superseded by newer snapshots on 2020-01-20
2026-08-17 19:43:46,384 INFO Direct NBA day 92/427: 2020-01-21, 3 discovered -> 1 selected
2026-08-17 19:43:47,169 INFO Suppressed 155 entries from older reports for games superseded by newer snapshots on 2020-01-21
2026-08-17 19:44:18,046 INFO Direct NBA day 93/427: 2020-01-22, 3 discovered -> 1 selected
2026-08-17 19:44:19,346 INFO Suppressed 394 entries from older reports for games superseded by newer snapshots on 2020-01-22
2026-08-17 19:44:49,342 INFO Direct NBA day 94/427: 2020-01-23, 3 discovered -> 1 selected
2026-08-17 19:44:50,156 INFO Suppressed 185 entries from older reports for games superseded by newer snapshots on 2020-01-23
2026-08-17 19:45:20,111 INFO Direct NBA day 95/427: 2020-01-24, 3 discovered -> 1 selected
2026-08-17 19:45:21,347 INFO Suppressed 352 entries from older reports for games superseded by newer snapshots on 2020-01-24
2026-08-17 19:45:50,913 INFO Direct NBA day 96/427: 2020-01-25, 3 discovered -> 1 selected
2026-08-17 19:45:51,832 INFO Suppressed 212 entries from older reports for games superseded by newer snapshots on 2020-01-25
2026-08-17 19:46:22,458 INFO Direct NBA day 97/427: 2020-01-26, 3 discovered -> 1 selected
2026-08-17 19:46:23,517 INFO Suppressed 268 entries from older reports for games superseded by newer snapshots on 2020-01-26
2026-08-17 19:46:53,719 INFO Direct NBA day 98/427: 2020-01-27, 3 discovered -> 1 selected
2026-08-17 19:46:54,639 INFO Suppressed 226 entries from older reports for games superseded by newer snapshots on 2020-01-27
2026-08-17 19:47:24,774 INFO Direct NBA day 99/427: 2020-01-28, 3 discovered -> 1 selected
2026-08-17 19:47:25,764 INFO Suppressed 255 entries from older reports for games superseded by newer snapshots on 2020-01-28
2026-08-17 19:47:56,151 INFO Direct NBA day 100/427: 2020-01-29, 3 discovered -> 1 selected
2026-08-17 19:47:57,062 INFO Suppressed 221 entries from older reports for games superseded by newer snapshots on 2020-01-29
2026-08-17 19:48:27,793 INFO Direct NBA day 101/427: 2020-01-30, 3 discovered -> 1 selected
2026-08-17 19:48:28,661 INFO Suppressed 217 entries from older reports for games superseded by newer snapshots on 2020-01-30
2026-08-17 19:48:59,033 INFO Direct NBA day 102/427: 2020-01-31, 3 discovered -> 1 selected
2026-08-17 19:48:59,826 INFO NBA backfill checkpoint processed=1/1 parsed=1 missing=0 http_failed=0 invalid_pdf=0 parse_failed=0
2026-08-17 19:49:00,963 INFO Suppressed 292 entries from older reports for games superseded by newer snapshots on 2020-01-31
2026-08-17 19:49:31,386 INFO Direct NBA day 103/427: 2020-02-01, 3 discovered -> 1 selected
2026-08-17 19:49:32,536 INFO Suppressed 307 entries from older reports for games superseded by newer snapshots on 2020-02-01
2026-08-17 19:50:02,225 INFO Direct NBA day 104/427: 2020-02-02, 3 discovered -> 1 selected
2026-08-17 19:50:03,273 INFO Suppressed 240 entries from older reports for games superseded by newer snapshots on 2020-02-02
2026-08-17 19:50:33,625 INFO Direct NBA day 105/427: 2020-02-03, 3 discovered -> 1 selected
2026-08-17 19:50:34,408 INFO NBA backfill checkpoint processed=1/1 parsed=1 missing=0 http_failed=0 invalid_pdf=0 parse_failed=0
2026-08-17 19:50:35,497 INFO Suppressed 299 entries from older reports for games superseded by newer snapshots on 2020-02-03
2026-08-17 19:51:05,359 INFO Direct NBA day 106/427: 2020-02-04, 3 discovered -> 1 selected
2026-08-17 19:51:06,196 INFO Suppressed 191 entries from older reports for games superseded by newer snapshots on 2020-02-04
2026-08-17 19:51:35,774 INFO Direct NBA day 107/427: 2020-02-05, 3 discovered -> 1 selected
2026-08-17 19:51:36,547 INFO Suppressed 187 entries from older reports for games superseded by newer snapshots on 2020-02-05
2026-08-17 19:52:07,202 INFO Direct NBA day 108/427: 2020-02-06, 3 discovered -> 1 selected
2026-08-17 19:52:08,092 INFO Suppressed 223 entries from older reports for games superseded by newer snapshots on 2020-02-06
2026-08-17 19:52:38,293 INFO Direct NBA day 109/427: 2020-02-07, 3 discovered -> 1 selected
2026-08-17 19:52:39,066 INFO Suppressed 185 entries from older reports for games superseded by newer snapshots on 2020-02-07
2026-08-17 19:53:09,352 INFO Direct NBA day 110/427: 2020-02-08, 3 discovered -> 1 selected
2026-08-17 19:53:10,529 INFO Suppressed 310 entries from older reports for games superseded by newer snapshots on 2020-02-08
2026-08-17 19:53:40,539 INFO Direct NBA day 111/427: 2020-02-09, 3 discovered -> 1 selected
2026-08-17 19:53:41,593 INFO Suppressed 275 entries from older reports for games superseded by newer snapshots on 2020-02-09
2026-08-17 19:54:11,411 INFO Direct NBA day 112/427: 2020-02-10, 3 discovered -> 1 selected
2026-08-17 19:54:12,425 INFO Suppressed 272 entries from older reports for games superseded by newer snapshots on 2020-02-10
2026-08-17 19:54:42,900 INFO Direct NBA day 113/427: 2020-02-11, 3 discovered -> 1 selected
2026-08-17 19:54:43,762 INFO Suppressed 216 entries from older reports for games superseded by newer snapshots on 2020-02-11
2026-08-17 19:55:13,921 INFO Direct NBA day 114/427: 2020-02-12, 3 discovered -> 1 selected
2026-08-17 19:55:14,869 INFO NBA backfill checkpoint processed=1/1 parsed=1 missing=0 http_failed=0 invalid_pdf=0 parse_failed=0
2026-08-17 19:55:15,625 INFO Suppressed 186 entries from older reports for games superseded by newer snapshots on 2020-02-12
2026-08-17 19:55:46,289 INFO Direct NBA day 115/427: 2020-02-13, 3 discovered -> 1 selected
2026-08-17 19:55:47,578 INFO NBA backfill checkpoint processed=1/1 parsed=1 missing=0 http_failed=0 invalid_pdf=0 parse_failed=0
2026-08-17 19:55:47,959 INFO Suppressed 24 entries from older reports for games superseded by newer snapshots on 2020-02-13
2026-08-17 19:56:19,152 INFO Skipped non-substantive snapshot (no date/matchup pairs): timestamp=2020-02-14T13:30:00 source_url=https://ak-static.cms.nba.com/referee/injury/Injury-Report_2020-02-14_01PM.pdf
2026-08-17 19:56:19,163 INFO Skipped non-substantive snapshot (no date/matchup pairs): timestamp=2020-02-14T17:30:00 source_url=https://ak-static.cms.nba.com/referee/injury/Injury-Report_2020-02-14_05PM.pdf
2026-08-17 19:56:19,172 INFO Skipped non-substantive snapshot (no date/matchup pairs): timestamp=2020-02-14T20:30:00 source_url=https://ak-static.cms.nba.com/referee/injury/Injury-Report_2020-02-14_08PM.pdf
2026-08-17 19:56:19,172 INFO Direct NBA day 116/427: 2020-02-14, 3 discovered -> 0 selected
2026-08-17 19:56:48,961 INFO Skipped non-substantive snapshot (no date/matchup pairs): timestamp=2020-02-15T13:30:00 source_url=https://ak-static.cms.nba.com/referee/injury/Injury-Report_2020-02-15_01PM.pdf
2026-08-17 19:56:48,970 INFO Skipped non-substantive snapshot (no date/matchup pairs): timestamp=2020-02-15T17:30:00 source_url=https://ak-static.cms.nba.com/referee/injury/Injury-Report_2020-02-15_05PM.pdf
2026-08-17 19:56:48,978 INFO Skipped non-substantive snapshot (no date/matchup pairs): timestamp=2020-02-15T20:30:00 source_url=https://ak-static.cms.nba.com/referee/injury/Injury-Report_2020-02-15_08PM.pdf
2026-08-17 19:56:48,978 INFO Direct NBA day 117/427: 2020-02-15, 3 discovered -> 0 selected
2026-08-17 19:57:19,384 INFO Skipped non-substantive snapshot (no date/matchup pairs): timestamp=2020-02-16T13:30:00 source_url=https://ak-static.cms.nba.com/referee/injury/Injury-Report_2020-02-16_01PM.pdf
2026-08-17 19:57:19,392 INFO Skipped non-substantive snapshot (no date/matchup pairs): timestamp=2020-02-16T17:30:00 source_url=https://ak-static.cms.nba.com/referee/injury/Injury-Report_2020-02-16_05PM.pdf
2026-08-17 19:57:19,400 INFO Skipped non-substantive snapshot (no date/matchup pairs): timestamp=2020-02-16T20:30:00 source_url=https://ak-static.cms.nba.com/referee/injury/Injury-Report_2020-02-16_08PM.pdf
2026-08-17 19:57:19,400 INFO Direct NBA day 118/427: 2020-02-16, 3 discovered -> 0 selected
2026-08-17 19:57:46,175 INFO Direct NBA day 119/427: 2020-02-17, 0 discovered -> 0 selected
2026-08-17 19:58:12,844 INFO Direct NBA day 120/427: 2020-02-18, 0 discovered -> 0 selected
2026-08-17 19:58:42,227 INFO Skipped non-substantive snapshot (no date/matchup pairs): timestamp=2020-02-19T13:30:00 source_url=https://ak-static.cms.nba.com/referee/injury/Injury-Report_2020-02-19_01PM.pdf
2026-08-17 19:58:42,323 INFO Direct NBA day 121/427: 2020-02-19, 3 discovered -> 1 selected
2026-08-17 19:58:43,371 INFO NBA backfill checkpoint processed=1/1 parsed=1 missing=0 http_failed=0 invalid_pdf=0 parse_failed=0
2026-08-17 19:58:43,986 INFO Suppressed 43 entries from older reports for games superseded by newer snapshots on 2020-02-19
2026-08-17 19:59:13,945 INFO Direct NBA day 122/427: 2020-02-20, 3 discovered -> 1 selected
2026-08-17 19:59:14,772 INFO NBA backfill checkpoint processed=1/1 parsed=1 missing=0 http_failed=0 invalid_pdf=0 parse_failed=0
2026-08-17 19:59:15,465 INFO Suppressed 159 entries from older reports for games superseded by newer snapshots on 2020-02-20
2026-08-17 19:59:44,720 INFO Direct NBA day 123/427: 2020-02-21, 3 discovered -> 1 selected
2026-08-17 19:59:45,831 INFO Suppressed 298 entries from older reports for games superseded by newer snapshots on 2020-02-21
2026-08-17 20:00:15,885 INFO Direct NBA day 124/427: 2020-02-22, 3 discovered -> 1 selected
2026-08-17 20:00:16,889 INFO Suppressed 214 entries from older reports for games superseded by newer snapshots on 2020-02-22
2026-08-17 20:00:46,363 INFO Direct NBA day 125/427: 2020-02-23, 3 discovered -> 1 selected
2026-08-17 20:00:47,432 INFO Suppressed 257 entries from older reports for games superseded by newer snapshots on 2020-02-23
2026-08-17 20:01:16,874 INFO Direct NBA day 126/427: 2020-02-24, 3 discovered -> 1 selected
2026-08-17 20:01:17,961 INFO Suppressed 252 entries from older reports for games superseded by newer snapshots on 2020-02-24
2026-08-17 20:01:48,206 INFO Direct NBA day 127/427: 2020-02-25, 3 discovered -> 1 selected
2026-08-17 20:01:49,056 INFO NBA backfill checkpoint processed=1/1 parsed=1 missing=0 http_failed=0 invalid_pdf=0 parse_failed=0
2026-08-17 20:01:50,072 INFO Suppressed 256 entries from older reports for games superseded by newer snapshots on 2020-02-25
2026-08-17 20:02:20,030 INFO Direct NBA day 128/427: 2020-02-26, 3 discovered -> 1 selected
2026-08-17 20:02:21,048 INFO Suppressed 253 entries from older reports for games superseded by newer snapshots on 2020-02-26
2026-08-17 20:02:50,742 INFO Direct NBA day 129/427: 2020-02-27, 3 discovered -> 1 selected
2026-08-17 20:02:51,588 INFO Suppressed 177 entries from older reports for games superseded by newer snapshots on 2020-02-27
2026-08-17 20:03:22,407 INFO Direct NBA day 130/427: 2020-02-28, 3 discovered -> 1 selected
2026-08-17 20:03:23,164 INFO NBA backfill checkpoint processed=1/1 parsed=1 missing=0 http_failed=0 invalid_pdf=0 parse_failed=0
2026-08-17 20:03:24,358 INFO Suppressed 334 entries from older reports for games superseded by newer snapshots on 2020-02-28
2026-08-17 20:03:55,661 INFO Direct NBA day 131/427: 2020-02-29, 3 discovered -> 1 selected
2026-08-17 20:03:56,737 INFO Suppressed 284 entries from older reports for games superseded by newer snapshots on 2020-02-29
2026-08-17 20:04:26,613 INFO Direct NBA day 132/427: 2020-03-01, 3 discovered -> 1 selected
2026-08-17 20:04:27,634 INFO Suppressed 266 entries from older reports for games superseded by newer snapshots on 2020-03-01
2026-08-17 20:04:57,296 INFO Direct NBA day 133/427: 2020-03-02, 3 discovered -> 1 selected
2026-08-17 20:04:58,321 INFO Suppressed 262 entries from older reports for games superseded by newer snapshots on 2020-03-02
2026-08-17 20:05:28,831 INFO Direct NBA day 134/427: 2020-03-03, 3 discovered -> 1 selected
2026-08-17 20:05:29,947 INFO Suppressed 295 entries from older reports for games superseded by newer snapshots on 2020-03-03
2026-08-17 20:05:59,876 INFO Direct NBA day 135/427: 2020-03-04, 3 discovered -> 1 selected
2026-08-17 20:06:00,909 INFO Suppressed 276 entries from older reports for games superseded by newer snapshots on 2020-03-04
2026-08-17 20:06:30,544 INFO Direct NBA day 136/427: 2020-03-05, 3 discovered -> 1 selected
2026-08-17 20:06:31,485 INFO Suppressed 225 entries from older reports for games superseded by newer snapshots on 2020-03-05
2026-08-17 20:07:01,866 INFO Direct NBA day 137/427: 2020-03-06, 3 discovered -> 1 selected
2026-08-17 20:07:02,655 INFO NBA backfill checkpoint processed=1/1 parsed=1 missing=0 http_failed=0 invalid_pdf=0 parse_failed=0
2026-08-17 20:07:03,833 INFO Suppressed 351 entries from older reports for games superseded by newer snapshots on 2020-03-06
2026-08-17 20:07:34,611 INFO Direct NBA day 138/427: 2020-03-07, 3 discovered -> 1 selected
2026-08-17 20:07:35,634 INFO Suppressed 258 entries from older reports for games superseded by newer snapshots on 2020-03-07
2026-08-17 20:08:05,965 INFO Direct NBA day 139/427: 2020-03-08, 3 discovered -> 1 selected
2026-08-17 20:08:06,830 INFO Suppressed 220 entries from older reports for games superseded by newer snapshots on 2020-03-08
2026-08-17 20:08:36,602 INFO Direct NBA day 140/427: 2020-03-09, 3 discovered -> 1 selected
2026-08-17 20:08:37,304 INFO Suppressed 145 entries from older reports for games superseded by newer snapshots on 2020-03-09
2026-08-17 20:09:07,364 INFO Direct NBA day 141/427: 2020-03-10, 3 discovered -> 1 selected
2026-08-17 20:09:08,566 INFO Suppressed 353 entries from older reports for games superseded by newer snapshots on 2020-03-10
2026-08-17 20:09:39,262 INFO Direct NBA day 142/427: 2020-03-11, 3 discovered -> 1 selected
2026-08-17 20:09:40,152 INFO Suppressed 197 entries from older reports for games superseded by newer snapshots on 2020-03-11
2026-08-17 20:10:07,950 INFO Direct NBA day 143/427: 2020-03-12, 0 discovered -> 0 selected
2026-08-17 20:10:34,437 INFO Direct NBA day 144/427: 2020-03-13, 0 discovered -> 0 selected
2026-08-17 20:11:01,440 INFO Direct NBA day 145/427: 2020-03-14, 0 discovered -> 0 selected
2026-08-17 20:11:28,121 INFO Direct NBA day 146/427: 2020-03-15, 0 discovered -> 0 selected
2026-08-17 20:11:54,816 INFO Direct NBA day 147/427: 2020-03-16, 0 discovered -> 0 selected
2026-08-17 20:12:22,614 INFO Direct NBA day 148/427: 2020-03-17, 0 discovered -> 0 selected
2026-08-17 20:12:49,543 INFO Direct NBA day 149/427: 2020-03-18, 0 discovered -> 0 selected
2026-08-17 20:13:16,055 INFO Direct NBA day 150/427: 2020-03-19, 0 discovered -> 0 selected
2026-08-17 20:13:42,744 INFO Direct NBA day 151/427: 2020-03-20, 0 discovered -> 0 selected
2026-08-17 20:14:09,396 INFO Direct NBA day 152/427: 2020-03-21, 0 discovered -> 0 selected
2026-08-17 20:14:35,825 INFO Direct NBA day 153/427: 2020-03-22, 0 discovered -> 0 selected
2026-08-17 20:15:02,449 INFO Direct NBA day 154/427: 2020-03-23, 0 discovered -> 0 selected
2026-08-17 20:15:28,832 INFO Direct NBA day 155/427: 2020-03-24, 0 discovered -> 0 selected
2026-08-17 20:15:56,081 INFO Direct NBA day 156/427: 2020-03-25, 0 discovered -> 0 selected
2026-08-17 20:16:22,373 INFO Direct NBA day 157/427: 2020-03-26, 0 discovered -> 0 selected
2026-08-17 20:16:48,783 INFO Direct NBA day 158/427: 2020-03-27, 0 discovered -> 0 selected
2026-08-17 20:17:15,433 INFO Direct NBA day 159/427: 2020-03-28, 0 discovered -> 0 selected
2026-08-17 20:17:42,162 INFO Direct NBA day 160/427: 2020-03-29, 0 discovered -> 0 selected
2026-08-17 20:18:08,667 INFO Direct NBA day 161/427: 2020-03-30, 0 discovered -> 0 selected
2026-08-17 20:18:35,658 INFO Direct NBA day 162/427: 2020-03-31, 0 discovered -> 0 selected
2026-08-17 20:19:02,473 INFO Direct NBA day 163/427: 2020-04-01, 0 discovered -> 0 selected
2026-08-17 20:19:28,840 INFO Direct NBA day 164/427: 2020-04-02, 0 discovered -> 0 selected
2026-08-17 20:19:56,188 INFO Direct NBA day 165/427: 2020-04-03, 0 discovered -> 0 selected
2026-08-17 20:20:22,616 INFO Direct NBA day 166/427: 2020-04-04, 0 discovered -> 0 selected
2026-08-17 20:20:49,263 INFO Direct NBA day 167/427: 2020-04-05, 0 discovered -> 0 selected
2026-08-17 20:21:16,275 INFO Direct NBA day 168/427: 2020-04-06, 0 discovered -> 0 selected
2026-08-17 20:21:42,582 INFO Direct NBA day 169/427: 2020-04-07, 0 discovered -> 0 selected
2026-08-17 20:22:08,883 INFO Direct NBA day 170/427: 2020-04-08, 0 discovered -> 0 selected
2026-08-17 20:22:35,266 INFO Direct NBA day 171/427: 2020-04-09, 0 discovered -> 0 selected
2026-08-17 20:23:02,074 INFO Direct NBA day 172/427: 2020-04-10, 0 discovered -> 0 selected
2026-08-17 20:23:28,902 INFO Direct NBA day 173/427: 2020-04-11, 0 discovered -> 0 selected
2026-08-17 20:23:55,892 INFO Direct NBA day 174/427: 2020-04-12, 0 discovered -> 0 selected
2026-08-17 20:24:22,240 INFO Direct NBA day 175/427: 2020-04-13, 0 discovered -> 0 selected
2026-08-17 20:24:49,004 INFO Direct NBA day 176/427: 2020-04-14, 0 discovered -> 0 selected
2026-08-17 20:25:15,423 INFO Direct NBA day 177/427: 2020-04-15, 0 discovered -> 0 selected
2026-08-17 20:25:41,670 INFO Direct NBA day 178/427: 2020-04-16, 0 discovered -> 0 selected
2026-08-17 20:26:07,803 INFO Direct NBA day 179/427: 2020-04-17, 0 discovered -> 0 selected
2026-08-17 20:26:34,808 INFO Direct NBA day 180/427: 2020-04-18, 0 discovered -> 0 selected
2026-08-17 20:27:01,219 INFO Direct NBA day 181/427: 2020-04-19, 0 discovered -> 0 selected
2026-08-17 20:27:27,773 INFO Direct NBA day 182/427: 2020-04-20, 0 discovered -> 0 selected
2026-08-17 20:27:54,814 INFO Direct NBA day 183/427: 2020-04-21, 0 discovered -> 0 selected
2026-08-17 20:28:21,358 INFO Direct NBA day 184/427: 2020-04-22, 0 discovered -> 0 selected
2026-08-17 20:28:47,639 INFO Direct NBA day 185/427: 2020-04-23, 0 discovered -> 0 selected
2026-08-17 20:29:14,563 INFO Direct NBA day 186/427: 2020-04-24, 0 discovered -> 0 selected
2026-08-17 20:29:41,274 INFO Direct NBA day 187/427: 2020-04-25, 0 discovered -> 0 selected
2026-08-17 20:30:08,415 INFO Direct NBA day 188/427: 2020-04-26, 0 discovered -> 0 selected
2026-08-17 20:30:35,440 INFO Direct NBA day 189/427: 2020-04-27, 0 discovered -> 0 selected
2026-08-17 20:31:02,473 INFO Direct NBA day 190/427: 2020-04-28, 0 discovered -> 0 selected
2026-08-17 20:31:29,539 INFO Direct NBA day 191/427: 2020-04-29, 0 discovered -> 0 selected
2026-08-17 20:31:55,897 INFO Direct NBA day 192/427: 2020-04-30, 0 discovered -> 0 selected
2026-08-17 20:32:21,890 INFO Direct NBA day 193/427: 2020-05-01, 0 discovered -> 0 selected
2026-08-17 20:32:48,182 INFO Direct NBA day 194/427: 2020-05-02, 0 discovered -> 0 selected
2026-08-17 20:33:14,326 INFO Direct NBA day 195/427: 2020-05-03, 0 discovered -> 0 selected
2026-08-17 20:33:40,053 INFO Direct NBA day 196/427: 2020-05-04, 0 discovered -> 0 selected
2026-08-17 20:34:06,072 INFO Direct NBA day 197/427: 2020-05-05, 0 discovered -> 0 selected
2026-08-17 20:34:31,811 INFO Direct NBA day 198/427: 2020-05-06, 0 discovered -> 0 selected
2026-08-17 20:34:57,845 INFO Direct NBA day 199/427: 2020-05-07, 0 discovered -> 0 selected
2026-08-17 20:35:23,652 INFO Direct NBA day 200/427: 2020-05-08, 0 discovered -> 0 selected
2026-08-17 20:35:50,036 INFO Direct NBA day 201/427: 2020-05-09, 0 discovered -> 0 selected
2026-08-17 20:36:16,476 INFO Direct NBA day 202/427: 2020-05-10, 0 discovered -> 0 selected
2026-08-17 20:36:42,349 INFO Direct NBA day 203/427: 2020-05-11, 0 discovered -> 0 selected
2026-08-17 20:37:08,698 INFO Direct NBA day 204/427: 2020-05-12, 0 discovered -> 0 selected
2026-08-17 20:37:35,724 INFO Direct NBA day 205/427: 2020-05-13, 0 discovered -> 0 selected
2026-08-17 20:38:01,920 INFO Direct NBA day 206/427: 2020-05-14, 0 discovered -> 0 selected
2026-08-17 20:38:27,817 INFO Direct NBA day 207/427: 2020-05-15, 0 discovered -> 0 selected
2026-08-17 20:38:53,863 INFO Direct NBA day 208/427: 2020-05-16, 0 discovered -> 0 selected
2026-08-17 20:39:20,479 INFO Direct NBA day 209/427: 2020-05-17, 0 discovered -> 0 selected
2026-08-17 20:39:46,172 INFO Direct NBA day 210/427: 2020-05-18, 0 discovered -> 0 selected
2026-08-17 20:40:12,213 INFO Direct NBA day 211/427: 2020-05-19, 0 discovered -> 0 selected
2026-08-17 20:40:38,323 INFO Direct NBA day 212/427: 2020-05-20, 0 discovered -> 0 selected
2026-08-17 20:41:04,341 INFO Direct NBA day 213/427: 2020-05-21, 0 discovered -> 0 selected
2026-08-17 20:41:29,977 INFO Direct NBA day 214/427: 2020-05-22, 0 discovered -> 0 selected
2026-08-17 20:41:56,530 INFO Direct NBA day 215/427: 2020-05-23, 0 discovered -> 0 selected
2026-08-17 20:42:22,682 INFO Direct NBA day 216/427: 2020-05-24, 0 discovered -> 0 selected
2026-08-17 20:42:49,070 INFO Direct NBA day 217/427: 2020-05-25, 0 discovered -> 0 selected
2026-08-17 20:43:14,777 INFO Direct NBA day 218/427: 2020-05-26, 0 discovered -> 0 selected
2026-08-17 20:43:40,839 INFO Direct NBA day 219/427: 2020-05-27, 0 discovered -> 0 selected
2026-08-17 20:44:06,802 INFO Direct NBA day 220/427: 2020-05-28, 0 discovered -> 0 selected
2026-08-17 20:44:33,803 INFO Direct NBA day 221/427: 2020-05-29, 0 discovered -> 0 selected
2026-08-17 20:45:00,308 INFO Direct NBA day 222/427: 2020-05-30, 0 discovered -> 0 selected
2026-08-17 20:45:27,262 INFO Direct NBA day 223/427: 2020-05-31, 0 discovered -> 0 selected
2026-08-17 20:45:53,393 INFO Direct NBA day 224/427: 2020-06-01, 0 discovered -> 0 selected
2026-08-17 20:46:19,469 INFO Direct NBA day 225/427: 2020-06-02, 0 discovered -> 0 selected
2026-08-17 20:46:45,528 INFO Direct NBA day 226/427: 2020-06-03, 0 discovered -> 0 selected
2026-08-17 20:47:11,371 INFO Direct NBA day 227/427: 2020-06-04, 0 discovered -> 0 selected
2026-08-17 20:47:37,588 INFO Direct NBA day 228/427: 2020-06-05, 0 discovered -> 0 selected
2026-08-17 20:48:03,441 INFO Direct NBA day 229/427: 2020-06-06, 0 discovered -> 0 selected
2026-08-17 20:48:29,770 INFO Direct NBA day 230/427: 2020-06-07, 0 discovered -> 0 selected
2026-08-17 20:48:56,106 INFO Direct NBA day 231/427: 2020-06-08, 0 discovered -> 0 selected
2026-08-17 20:49:22,026 INFO Direct NBA day 232/427: 2020-06-09, 0 discovered -> 0 selected
2026-08-17 20:49:47,904 INFO Direct NBA day 233/427: 2020-06-10, 0 discovered -> 0 selected
2026-08-17 20:50:13,800 INFO Direct NBA day 234/427: 2020-06-11, 0 discovered -> 0 selected
2026-08-17 20:50:39,581 INFO Direct NBA day 235/427: 2020-06-12, 0 discovered -> 0 selected
2026-08-17 20:51:06,916 INFO Direct NBA day 236/427: 2020-06-13, 0 discovered -> 0 selected
2026-08-17 20:51:33,764 INFO Direct NBA day 237/427: 2020-06-14, 0 discovered -> 0 selected
2026-08-17 20:51:59,670 INFO Direct NBA day 238/427: 2020-06-15, 0 discovered -> 0 selected
2026-08-17 20:52:26,302 INFO Direct NBA day 239/427: 2020-06-16, 0 discovered -> 0 selected
2026-08-17 20:52:53,355 INFO Direct NBA day 240/427: 2020-06-17, 0 discovered -> 0 selected
2026-08-17 20:53:19,373 INFO Direct NBA day 241/427: 2020-06-18, 0 discovered -> 0 selected
2026-08-17 20:53:45,395 INFO Direct NBA day 242/427: 2020-06-19, 0 discovered -> 0 selected
2026-08-17 20:54:11,886 INFO Direct NBA day 243/427: 2020-06-20, 0 discovered -> 0 selected
2026-08-17 20:54:38,702 INFO Direct NBA day 244/427: 2020-06-21, 0 discovered -> 0 selected
2026-08-17 20:55:04,489 INFO Direct NBA day 245/427: 2020-06-22, 0 discovered -> 0 selected
2026-08-17 20:55:30,973 INFO Direct NBA day 246/427: 2020-06-23, 0 discovered -> 0 selected
2026-08-17 20:55:56,789 INFO Direct NBA day 247/427: 2020-06-24, 0 discovered -> 0 selected
2026-08-17 20:56:22,483 INFO Direct NBA day 248/427: 2020-06-25, 0 discovered -> 0 selected
2026-08-17 20:56:48,613 INFO Direct NBA day 249/427: 2020-06-26, 0 discovered -> 0 selected
2026-08-17 20:57:14,390 INFO Direct NBA day 250/427: 2020-06-27, 0 discovered -> 0 selected
2026-08-17 20:57:40,785 INFO Direct NBA day 251/427: 2020-06-28, 0 discovered -> 0 selected
2026-08-17 20:58:06,753 INFO Direct NBA day 252/427: 2020-06-29, 0 discovered -> 0 selected
2026-08-17 20:58:32,464 INFO Direct NBA day 253/427: 2020-06-30, 0 discovered -> 0 selected
2026-08-17 20:58:58,398 INFO Direct NBA day 254/427: 2020-07-01, 0 discovered -> 0 selected
2026-08-17 20:59:24,471 INFO Direct NBA day 255/427: 2020-07-02, 0 discovered -> 0 selected
2026-08-17 20:59:50,589 INFO Direct NBA day 256/427: 2020-07-03, 0 discovered -> 0 selected
2026-08-17 21:00:16,605 INFO Direct NBA day 257/427: 2020-07-04, 0 discovered -> 0 selected
2026-08-17 21:00:42,807 INFO Direct NBA day 258/427: 2020-07-05, 0 discovered -> 0 selected
2026-08-17 21:01:08,989 INFO Direct NBA day 259/427: 2020-07-06, 0 discovered -> 0 selected
2026-08-17 21:01:34,844 INFO Direct NBA day 260/427: 2020-07-07, 0 discovered -> 0 selected
2026-08-17 21:02:00,719 INFO Direct NBA day 261/427: 2020-07-08, 0 discovered -> 0 selected
2026-08-17 21:02:27,515 INFO Direct NBA day 262/427: 2020-07-09, 0 discovered -> 0 selected
2026-08-17 21:02:53,377 INFO Direct NBA day 263/427: 2020-07-10, 0 discovered -> 0 selected
2026-08-17 21:03:19,057 INFO Direct NBA day 264/427: 2020-07-11, 0 discovered -> 0 selected
2026-08-17 21:03:44,784 INFO Direct NBA day 265/427: 2020-07-12, 0 discovered -> 0 selected
2026-08-17 21:04:10,997 INFO Direct NBA day 266/427: 2020-07-13, 0 discovered -> 0 selected
2026-08-17 21:04:36,774 INFO Direct NBA day 267/427: 2020-07-14, 0 discovered -> 0 selected
2026-08-17 21:05:02,843 INFO Direct NBA day 268/427: 2020-07-15, 0 discovered -> 0 selected
2026-08-17 21:05:28,720 INFO Direct NBA day 269/427: 2020-07-16, 0 discovered -> 0 selected
2026-08-17 21:05:54,869 INFO Direct NBA day 270/427: 2020-07-17, 0 discovered -> 0 selected
2026-08-17 21:06:21,454 INFO Direct NBA day 271/427: 2020-07-18, 0 discovered -> 0 selected
2026-08-17 21:06:47,361 INFO Direct NBA day 272/427: 2020-07-19, 0 discovered -> 0 selected
2026-08-17 21:07:13,515 INFO Direct NBA day 273/427: 2020-07-20, 0 discovered -> 0 selected
2026-08-17 21:07:39,452 INFO Direct NBA day 274/427: 2020-07-21, 0 discovered -> 0 selected
2026-08-17 21:08:06,260 INFO Direct NBA day 275/427: 2020-07-22, 0 discovered -> 0 selected
2026-08-17 21:08:32,417 INFO Direct NBA day 276/427: 2020-07-23, 0 discovered -> 0 selected
2026-08-17 21:08:58,323 INFO Direct NBA day 277/427: 2020-07-24, 0 discovered -> 0 selected
2026-08-17 21:09:24,518 INFO Direct NBA day 278/427: 2020-07-25, 0 discovered -> 0 selected
2026-08-17 21:09:50,986 INFO Direct NBA day 279/427: 2020-07-26, 0 discovered -> 0 selected
2026-08-17 21:10:17,821 INFO Direct NBA day 280/427: 2020-07-27, 0 discovered -> 0 selected
2026-08-17 21:10:45,643 INFO Skipped non-substantive snapshot (no date/matchup pairs): timestamp=2020-07-28T14:00:00 source_url=https://ak-static.cms.nba.com/referee/injury/Injury-Report_2020-07-28_02PM.pdf
2026-08-17 21:10:45,662 INFO Skipped non-substantive snapshot (no date/matchup pairs): timestamp=2020-07-28T17:30:00 source_url=https://ak-static.cms.nba.com/referee/injury/Injury-Report_2020-07-28_05PM.pdf
2026-08-17 21:10:45,662 INFO Direct NBA day 281/427: 2020-07-28, 2 discovered -> 0 selected
2026-08-17 21:11:14,252 INFO Skipped non-substantive snapshot (no date/matchup pairs): timestamp=2020-07-29T14:00:00 source_url=https://ak-static.cms.nba.com/referee/injury/Injury-Report_2020-07-29_02PM.pdf
2026-08-17 21:11:14,283 INFO Skipped non-substantive snapshot (no date/matchup pairs): timestamp=2020-07-29T11:00:00 source_url=https://ak-static.cms.nba.com/referee/injury/Injury-Report_2020-07-29_11AM.pdf
2026-08-17 21:11:14,283 INFO Direct NBA day 282/427: 2020-07-29, 3 discovered -> 1 selected
2026-08-17 21:11:43,342 INFO Direct NBA day 283/427: 2020-07-30, 3 discovered -> 1 selected
2026-08-17 21:11:43,740 INFO Suppressed 30 entries from older reports for games superseded by newer snapshots on 2020-07-30
2026-08-17 21:12:12,552 INFO Direct NBA day 284/427: 2020-07-31, 3 discovered -> 1 selected
2026-08-17 21:12:12,972 INFO Suppressed 45 entries from older reports for games superseded by newer snapshots on 2020-07-31
2026-08-17 21:12:41,932 INFO Direct NBA day 285/427: 2020-08-01, 3 discovered -> 1 selected
2026-08-17 21:12:42,464 INFO Suppressed 80 entries from older reports for games superseded by newer snapshots on 2020-08-01
2026-08-17 21:13:10,908 INFO Direct NBA day 286/427: 2020-08-02, 3 discovered -> 1 selected
2026-08-17 21:13:11,272 INFO Suppressed 18 entries from older reports for games superseded by newer snapshots on 2020-08-02
2026-08-17 21:13:39,987 INFO Direct NBA day 287/427: 2020-08-03, 3 discovered -> 1 selected
2026-08-17 21:13:40,478 INFO Suppressed 61 entries from older reports for games superseded by newer snapshots on 2020-08-03
2026-08-17 21:14:09,831 INFO Direct NBA day 288/427: 2020-08-04, 3 discovered -> 1 selected
2026-08-17 21:14:10,282 INFO Suppressed 53 entries from older reports for games superseded by newer snapshots on 2020-08-04
2026-08-17 21:14:38,429 INFO Direct NBA day 289/427: 2020-08-05, 3 discovered -> 1 selected
2026-08-17 21:14:39,051 INFO Suppressed 100 entries from older reports for games superseded by newer snapshots on 2020-08-05
2026-08-17 21:15:07,535 INFO Direct NBA day 290/427: 2020-08-06, 3 discovered -> 1 selected
2026-08-17 21:15:08,157 INFO Suppressed 99 entries from older reports for games superseded by newer snapshots on 2020-08-06
2026-08-17 21:15:36,558 INFO Direct NBA day 291/427: 2020-08-07, 3 discovered -> 1 selected
2026-08-17 21:15:37,067 INFO Suppressed 69 entries from older reports for games superseded by newer snapshots on 2020-08-07
2026-08-17 21:16:07,240 INFO Direct NBA day 292/427: 2020-08-08, 3 discovered -> 1 selected
2026-08-17 21:16:07,970 INFO Suppressed 135 entries from older reports for games superseded by newer snapshots on 2020-08-08
2026-08-17 21:16:36,482 INFO Direct NBA day 293/427: 2020-08-09, 3 discovered -> 1 selected
2026-08-17 21:16:36,964 INFO Suppressed 71 entries from older reports for games superseded by newer snapshots on 2020-08-09
2026-08-17 21:17:05,415 INFO Direct NBA day 294/427: 2020-08-10, 3 discovered -> 1 selected
2026-08-17 21:17:06,121 INFO Suppressed 146 entries from older reports for games superseded by newer snapshots on 2020-08-10
2026-08-17 21:17:35,357 INFO Direct NBA day 295/427: 2020-08-11, 3 discovered -> 1 selected
2026-08-17 21:17:36,094 INFO Suppressed 152 entries from older reports for games superseded by newer snapshots on 2020-08-11
2026-08-17 21:18:04,522 INFO Direct NBA day 296/427: 2020-08-12, 3 discovered -> 1 selected
2026-08-17 21:18:05,152 INFO Suppressed 109 entries from older reports for games superseded by newer snapshots on 2020-08-12
2026-08-17 21:18:33,569 INFO Direct NBA day 297/427: 2020-08-13, 3 discovered -> 1 selected
2026-08-17 21:18:34,311 INFO Suppressed 165 entries from older reports for games superseded by newer snapshots on 2020-08-13
2026-08-17 21:19:03,724 INFO Direct NBA day 298/427: 2020-08-14, 3 discovered -> 1 selected
2026-08-17 21:19:04,754 INFO NBA backfill checkpoint processed=1/1 parsed=1 missing=0 http_failed=0 invalid_pdf=0 parse_failed=0
2026-08-17 21:19:05,296 INFO Suppressed 100 entries from older reports for games superseded by newer snapshots on 2020-08-14
2026-08-17 21:19:33,998 INFO Direct NBA day 299/427: 2020-08-15, 3 discovered -> 1 selected
2026-08-17 21:19:35,044 INFO NBA backfill checkpoint processed=1/1 parsed=1 missing=0 http_failed=0 invalid_pdf=0 parse_failed=0
2026-08-17 21:19:35,341 INFO Suppressed 8 entries from older reports for games superseded by newer snapshots on 2020-08-15
2026-08-17 21:20:04,337 INFO Skipped non-substantive snapshot (no date/matchup pairs): timestamp=2020-08-16T14:00:00 source_url=https://ak-static.cms.nba.com/referee/injury/Injury-Report_2020-08-16_02PM.pdf
2026-08-17 21:20:04,378 INFO Skipped non-substantive snapshot (no date/matchup pairs): timestamp=2020-08-16T11:00:00 source_url=https://ak-static.cms.nba.com/referee/injury/Injury-Report_2020-08-16_11AM.pdf
2026-08-17 21:20:04,378 INFO Direct NBA day 300/427: 2020-08-16, 3 discovered -> 1 selected
2026-08-17 21:20:33,458 INFO Direct NBA day 301/427: 2020-08-17, 3 discovered -> 1 selected
2026-08-17 21:20:33,967 INFO Suppressed 79 entries from older reports for games superseded by newer snapshots on 2020-08-17
2026-08-17 21:21:03,729 INFO Direct NBA day 302/427: 2020-08-18, 3 discovered -> 1 selected
2026-08-17 21:21:04,055 INFO Suppressed 19 entries from older reports for games superseded by newer snapshots on 2020-08-18
2026-08-17 21:21:33,307 INFO Direct NBA day 303/427: 2020-08-19, 3 discovered -> 1 selected
2026-08-17 21:21:33,792 INFO Suppressed 74 entries from older reports for games superseded by newer snapshots on 2020-08-19
2026-08-17 21:22:03,281 INFO Direct NBA day 304/427: 2020-08-20, 3 discovered -> 1 selected
2026-08-17 21:22:03,721 INFO Suppressed 46 entries from older reports for games superseded by newer snapshots on 2020-08-20
2026-08-17 21:22:32,587 INFO Direct NBA day 305/427: 2020-08-21, 3 discovered -> 1 selected
2026-08-17 21:22:33,006 INFO Suppressed 50 entries from older reports for games superseded by newer snapshots on 2020-08-21
2026-08-17 21:23:01,671 INFO Direct NBA day 306/427: 2020-08-22, 3 discovered -> 1 selected
2026-08-17 21:23:02,006 INFO Suppressed 20 entries from older reports for games superseded by newer snapshots on 2020-08-22
2026-08-17 21:23:30,659 INFO Direct NBA day 307/427: 2020-08-23, 3 discovered -> 1 selected
2026-08-17 21:23:31,147 INFO Suppressed 78 entries from older reports for games superseded by newer snapshots on 2020-08-23
2026-08-17 21:24:00,347 INFO Direct NBA day 308/427: 2020-08-24, 3 discovered -> 1 selected
2026-08-17 21:24:00,779 INFO Suppressed 48 entries from older reports for games superseded by newer snapshots on 2020-08-24
2026-08-17 21:24:29,859 INFO Direct NBA day 309/427: 2020-08-25, 3 discovered -> 1 selected
2026-08-17 21:24:30,272 INFO Suppressed 51 entries from older reports for games superseded by newer snapshots on 2020-08-25
2026-08-17 21:24:59,945 INFO Direct NBA day 310/427: 2020-08-26, 3 discovered -> 1 selected
2026-08-17 21:25:00,320 INFO Suppressed 38 entries from older reports for games superseded by newer snapshots on 2020-08-26
2026-08-17 21:25:29,347 INFO Direct NBA day 311/427: 2020-08-27, 3 discovered -> 1 selected
2026-08-17 21:25:30,360 INFO NBA backfill checkpoint processed=1/1 parsed=1 missing=0 http_failed=0 invalid_pdf=0 parse_failed=0
2026-08-17 21:25:30,711 INFO Suppressed 18 entries from older reports for games superseded by newer snapshots on 2020-08-27
2026-08-17 21:26:00,433 INFO Skipped non-substantive snapshot (no date/matchup pairs): timestamp=2020-08-28T14:00:00 source_url=https://ak-static.cms.nba.com/referee/injury/Injury-Report_2020-08-28_02PM.pdf
2026-08-17 21:26:00,472 INFO Skipped non-substantive snapshot (no date/matchup pairs): timestamp=2020-08-28T11:00:00 source_url=https://ak-static.cms.nba.com/referee/injury/Injury-Report_2020-08-28_11AM.pdf
2026-08-17 21:26:00,472 INFO Direct NBA day 312/427: 2020-08-28, 3 discovered -> 1 selected
2026-08-17 21:26:30,117 INFO Direct NBA day 313/427: 2020-08-29, 3 discovered -> 1 selected
2026-08-17 21:26:31,104 INFO NBA backfill checkpoint processed=1/1 parsed=1 missing=0 http_failed=0 invalid_pdf=0 parse_failed=0
2026-08-17 21:26:31,589 INFO Suppressed 88 entries from older reports for games superseded by newer snapshots on 2020-08-29
2026-08-17 21:27:00,234 INFO Direct NBA day 314/427: 2020-08-30, 3 discovered -> 1 selected
2026-08-17 21:27:00,649 INFO Suppressed 42 entries from older reports for games superseded by newer snapshots on 2020-08-30
2026-08-17 21:27:29,655 INFO Direct NBA day 315/427: 2020-08-31, 3 discovered -> 1 selected
2026-08-17 21:27:30,738 INFO NBA backfill checkpoint processed=1/1 parsed=1 missing=0 http_failed=0 invalid_pdf=0 parse_failed=0
2026-08-17 21:27:31,042 INFO Suppressed 12 entries from older reports for games superseded by newer snapshots on 2020-08-31
2026-08-17 21:27:59,789 INFO Direct NBA day 316/427: 2020-09-01, 3 discovered -> 1 selected
2026-08-17 21:28:00,132 INFO Suppressed 20 entries from older reports for games superseded by newer snapshots on 2020-09-01
2026-08-17 21:28:29,230 INFO Direct NBA day 317/427: 2020-09-02, 3 discovered -> 1 selected
2026-08-17 21:28:30,415 INFO NBA backfill checkpoint processed=1/1 parsed=1 missing=0 http_failed=0 invalid_pdf=0 parse_failed=0
2026-08-17 21:28:30,721 INFO Suppressed 3 entries from older reports for games superseded by newer snapshots on 2020-09-02
2026-08-17 21:28:59,591 INFO Direct NBA day 318/427: 2020-09-03, 3 discovered -> 1 selected
2026-08-17 21:28:59,899 INFO Suppressed 8 entries from older reports for games superseded by newer snapshots on 2020-09-03
2026-08-17 21:29:28,741 INFO Direct NBA day 319/427: 2020-09-04, 3 discovered -> 1 selected
2026-08-17 21:29:29,105 INFO Suppressed 16 entries from older reports for games superseded by newer snapshots on 2020-09-04
2026-08-17 21:29:57,509 INFO Direct NBA day 320/427: 2020-09-05, 3 discovered -> 1 selected
2026-08-17 21:29:57,807 INFO Suppressed 8 entries from older reports for games superseded by newer snapshots on 2020-09-05
2026-08-17 21:30:27,222 INFO Direct NBA day 321/427: 2020-09-06, 3 discovered -> 1 selected
2026-08-17 21:30:28,270 INFO NBA backfill checkpoint processed=1/1 parsed=1 missing=0 http_failed=0 invalid_pdf=0 parse_failed=0
2026-08-17 21:30:28,567 INFO Suppressed 7 entries from older reports for games superseded by newer snapshots on 2020-09-06
2026-08-17 21:30:57,196 INFO Direct NBA day 322/427: 2020-09-07, 3 discovered -> 1 selected
2026-08-17 21:30:57,576 INFO Suppressed 32 entries from older reports for games superseded by newer snapshots on 2020-09-07
2026-08-17 21:31:27,144 INFO Direct NBA day 323/427: 2020-09-08, 3 discovered -> 1 selected
2026-08-17 21:31:28,204 INFO NBA backfill checkpoint processed=1/1 parsed=1 missing=0 http_failed=0 invalid_pdf=0 parse_failed=0
2026-08-17 21:31:28,539 INFO Suppressed 22 entries from older reports for games superseded by newer snapshots on 2020-09-08
2026-08-17 21:31:57,243 INFO Direct NBA day 324/427: 2020-09-09, 3 discovered -> 1 selected
2026-08-17 21:31:57,551 INFO Suppressed 8 entries from older reports for games superseded by newer snapshots on 2020-09-09
2026-08-17 21:32:27,461 INFO Direct NBA day 325/427: 2020-09-10, 3 discovered -> 1 selected
2026-08-17 21:32:28,488 INFO NBA backfill checkpoint processed=1/1 parsed=1 missing=0 http_failed=0 invalid_pdf=0 parse_failed=0
2026-08-17 21:32:28,798 INFO Suppressed 13 entries from older reports for games superseded by newer snapshots on 2020-09-10
2026-08-17 21:32:57,683 INFO Direct NBA day 326/427: 2020-09-11, 3 discovered -> 1 selected
2026-08-17 21:32:57,969 INFO Suppressed 7 entries from older reports for games superseded by newer snapshots on 2020-09-11
2026-08-17 21:33:27,019 INFO Direct NBA day 327/427: 2020-09-12, 3 discovered -> 1 selected
2026-08-17 21:33:27,293 INFO Suppressed 5 entries from older reports for games superseded by newer snapshots on 2020-09-12
2026-08-17 21:33:55,907 INFO Direct NBA day 328/427: 2020-09-13, 3 discovered -> 1 selected
2026-08-17 21:33:56,962 INFO NBA backfill checkpoint processed=1/1 parsed=1 missing=0 http_failed=0 invalid_pdf=0 parse_failed=0
2026-08-17 21:33:57,244 INFO Suppressed 2 entries from older reports for games superseded by newer snapshots on 2020-09-13
2026-08-17 21:34:25,970 INFO Skipped non-substantive snapshot (no date/matchup pairs): timestamp=2020-09-14T14:00:00 source_url=https://ak-static.cms.nba.com/referee/injury/Injury-Report_2020-09-14_02PM.pdf
2026-08-17 21:34:25,994 INFO Skipped non-substantive snapshot (no date/matchup pairs): timestamp=2020-09-14T11:00:00 source_url=https://ak-static.cms.nba.com/referee/injury/Injury-Report_2020-09-14_11AM.pdf
2026-08-17 21:34:25,994 INFO Direct NBA day 329/427: 2020-09-14, 3 discovered -> 1 selected
2026-08-17 21:34:54,970 INFO Direct NBA day 330/427: 2020-09-15, 3 discovered -> 1 selected
2026-08-17 21:34:55,309 INFO Suppressed 15 entries from older reports for games superseded by newer snapshots on 2020-09-15
2026-08-17 21:35:23,848 INFO Skipped non-substantive snapshot (no date/matchup pairs): timestamp=2020-09-16T14:00:00 source_url=https://ak-static.cms.nba.com/referee/injury/Injury-Report_2020-09-16_02PM.pdf
2026-08-17 21:35:23,868 INFO Skipped non-substantive snapshot (no date/matchup pairs): timestamp=2020-09-16T11:00:00 source_url=https://ak-static.cms.nba.com/referee/injury/Injury-Report_2020-09-16_11AM.pdf
2026-08-17 21:35:23,868 INFO Direct NBA day 331/427: 2020-09-16, 3 discovered -> 1 selected
2026-08-17 21:35:24,137 INFO Suppressed 2 entries from older reports for games superseded by newer snapshots on 2020-09-16
2026-08-17 21:35:52,598 INFO Direct NBA day 332/427: 2020-09-17, 3 discovered -> 1 selected
2026-08-17 21:35:52,874 INFO Suppressed 3 entries from older reports for games superseded by newer snapshots on 2020-09-17
2026-08-17 21:36:21,549 INFO Direct NBA day 333/427: 2020-09-18, 3 discovered -> 1 selected
2026-08-17 21:36:21,873 INFO Suppressed 12 entries from older reports for games superseded by newer snapshots on 2020-09-18
2026-08-17 21:36:50,298 INFO Direct NBA day 334/427: 2020-09-19, 3 discovered -> 1 selected
2026-08-17 21:36:50,605 INFO Suppressed 12 entries from older reports for games superseded by newer snapshots on 2020-09-19
2026-08-17 21:37:19,284 INFO Direct NBA day 335/427: 2020-09-20, 3 discovered -> 1 selected
2026-08-17 21:37:20,370 INFO NBA backfill checkpoint processed=1/1 parsed=1 missing=0 http_failed=0 invalid_pdf=0 parse_failed=0
2026-08-17 21:37:20,645 INFO Suppressed 5 entries from older reports for games superseded by newer snapshots on 2020-09-20
2026-08-17 21:37:49,187 INFO Skipped non-substantive snapshot (no date/matchup pairs): timestamp=2020-09-21T14:00:00 source_url=https://ak-static.cms.nba.com/referee/injury/Injury-Report_2020-09-21_02PM.pdf
2026-08-17 21:37:49,210 INFO Skipped non-substantive snapshot (no date/matchup pairs): timestamp=2020-09-21T11:00:00 source_url=https://ak-static.cms.nba.com/referee/injury/Injury-Report_2020-09-21_11AM.pdf
2026-08-17 21:37:49,210 INFO Direct NBA day 336/427: 2020-09-21, 3 discovered -> 1 selected
2026-08-17 21:38:18,108 INFO Direct NBA day 337/427: 2020-09-22, 3 discovered -> 1 selected
2026-08-17 21:38:18,404 INFO Suppressed 10 entries from older reports for games superseded by newer snapshots on 2020-09-22
2026-08-17 21:38:46,892 INFO Direct NBA day 338/427: 2020-09-23, 3 discovered -> 1 selected
2026-08-17 21:38:47,164 INFO Suppressed 3 entries from older reports for games superseded by newer snapshots on 2020-09-23
2026-08-17 21:39:16,253 INFO Direct NBA day 339/427: 2020-09-24, 3 discovered -> 1 selected
2026-08-17 21:39:17,299 INFO NBA backfill checkpoint processed=1/1 parsed=1 missing=0 http_failed=0 invalid_pdf=0 parse_failed=0
2026-08-17 21:39:17,626 INFO Suppressed 14 entries from older reports for games superseded by newer snapshots on 2020-09-24
2026-08-17 21:39:46,056 INFO Direct NBA day 340/427: 2020-09-25, 3 discovered -> 1 selected
2026-08-17 21:39:46,327 INFO Suppressed 3 entries from older reports for games superseded by newer snapshots on 2020-09-25
2026-08-17 21:40:14,767 INFO Direct NBA day 341/427: 2020-09-26, 3 discovered -> 1 selected
2026-08-17 21:40:15,073 INFO Suppressed 16 entries from older reports for games superseded by newer snapshots on 2020-09-26
2026-08-17 21:40:43,432 INFO Direct NBA day 342/427: 2020-09-27, 3 discovered -> 1 selected
2026-08-17 21:40:44,484 INFO NBA backfill checkpoint processed=1/1 parsed=1 missing=0 http_failed=0 invalid_pdf=0 parse_failed=0
2026-08-17 21:40:44,791 INFO Suppressed 6 entries from older reports for games superseded by newer snapshots on 2020-09-27
2026-08-17 21:41:11,260 INFO Direct NBA day 343/427: 2020-09-28, 0 discovered -> 0 selected
2026-08-17 21:41:39,567 INFO Skipped non-substantive snapshot (no date/matchup pairs): timestamp=2020-09-29T14:00:00 source_url=https://ak-static.cms.nba.com/referee/injury/Injury-Report_2020-09-29_02PM.pdf
2026-08-17 21:41:39,592 INFO Skipped non-substantive snapshot (no date/matchup pairs): timestamp=2020-09-29T11:00:00 source_url=https://ak-static.cms.nba.com/referee/injury/Injury-Report_2020-09-29_11AM.pdf
2026-08-17 21:41:39,592 INFO Direct NBA day 344/427: 2020-09-29, 3 discovered -> 1 selected
2026-08-17 21:42:09,321 INFO Direct NBA day 345/427: 2020-09-30, 3 discovered -> 1 selected
2026-08-17 21:42:10,390 INFO NBA backfill checkpoint processed=1/1 parsed=1 missing=0 http_failed=0 invalid_pdf=0 parse_failed=0
2026-08-17 21:42:10,674 INFO Suppressed 6 entries from older reports for games superseded by newer snapshots on 2020-09-30
2026-08-17 21:42:40,308 INFO Skipped non-substantive snapshot (no date/matchup pairs): timestamp=2020-10-01T14:00:00 source_url=https://ak-static.cms.nba.com/referee/injury/Injury-Report_2020-10-01_02PM.pdf
2026-08-17 21:42:40,331 INFO Skipped non-substantive snapshot (no date/matchup pairs): timestamp=2020-10-01T11:00:00 source_url=https://ak-static.cms.nba.com/referee/injury/Injury-Report_2020-10-01_11AM.pdf
2026-08-17 21:42:40,331 INFO Direct NBA day 346/427: 2020-10-01, 3 discovered -> 1 selected
2026-08-17 21:42:41,389 INFO NBA backfill checkpoint processed=1/1 parsed=1 missing=0 http_failed=0 invalid_pdf=0 parse_failed=0
2026-08-17 21:43:10,513 INFO Direct NBA day 347/427: 2020-10-02, 3 discovered -> 1 selected
2026-08-17 21:43:10,792 INFO Suppressed 7 entries from older reports for games superseded by newer snapshots on 2020-10-02
2026-08-17 21:43:40,361 INFO Skipped non-substantive snapshot (no date/matchup pairs): timestamp=2020-10-03T14:00:00 source_url=https://ak-static.cms.nba.com/referee/injury/Injury-Report_2020-10-03_02PM.pdf
2026-08-17 21:43:40,378 INFO Skipped non-substantive snapshot (no date/matchup pairs): timestamp=2020-10-03T11:00:00 source_url=https://ak-static.cms.nba.com/referee/injury/Injury-Report_2020-10-03_11AM.pdf
2026-08-17 21:43:40,378 INFO Direct NBA day 348/427: 2020-10-03, 3 discovered -> 1 selected
2026-08-17 21:44:09,299 INFO Direct NBA day 349/427: 2020-10-04, 3 discovered -> 1 selected
2026-08-17 21:44:10,334 INFO NBA backfill checkpoint processed=1/1 parsed=1 missing=0 http_failed=0 invalid_pdf=0 parse_failed=0
2026-08-17 21:44:10,613 INFO Suppressed 4 entries from older reports for games superseded by newer snapshots on 2020-10-04
2026-08-17 21:44:39,104 INFO Skipped non-substantive snapshot (no date/matchup pairs): timestamp=2020-10-05T14:00:00 source_url=https://ak-static.cms.nba.com/referee/injury/Injury-Report_2020-10-05_02PM.pdf
2026-08-17 21:44:39,129 INFO Skipped non-substantive snapshot (no date/matchup pairs): timestamp=2020-10-05T11:00:00 source_url=https://ak-static.cms.nba.com/referee/injury/Injury-Report_2020-10-05_11AM.pdf
2026-08-17 21:44:39,129 INFO Direct NBA day 350/427: 2020-10-05, 3 discovered -> 1 selected
2026-08-17 21:45:08,295 INFO Direct NBA day 351/427: 2020-10-06, 3 discovered -> 1 selected
2026-08-17 21:45:08,561 INFO Suppressed 6 entries from older reports for games superseded by newer snapshots on 2020-10-06
2026-08-17 21:45:35,123 INFO Direct NBA day 352/427: 2020-10-07, 0 discovered -> 0 selected
2026-08-17 21:46:05,024 INFO Skipped non-substantive snapshot (no date/matchup pairs): timestamp=2020-10-08T14:00:00 source_url=https://ak-static.cms.nba.com/referee/injury/Injury-Report_2020-10-08_02PM.pdf
2026-08-17 21:46:05,050 INFO Skipped non-substantive snapshot (no date/matchup pairs): timestamp=2020-10-08T11:00:00 source_url=https://ak-static.cms.nba.com/referee/injury/Injury-Report_2020-10-08_11AM.pdf
2026-08-17 21:46:05,050 INFO Direct NBA day 353/427: 2020-10-08, 3 discovered -> 1 selected
2026-08-17 21:46:06,124 INFO NBA backfill checkpoint processed=1/1 parsed=1 missing=0 http_failed=0 invalid_pdf=0 parse_failed=0
2026-08-17 21:46:34,987 INFO Direct NBA day 354/427: 2020-10-09, 3 discovered -> 1 selected
2026-08-17 21:46:36,026 INFO NBA backfill checkpoint processed=1/1 parsed=1 missing=0 http_failed=0 invalid_pdf=0 parse_failed=0
2026-08-17 21:46:36,348 INFO Suppressed 10 entries from older reports for games superseded by newer snapshots on 2020-10-09
2026-08-17 21:47:05,085 INFO Skipped non-substantive snapshot (no date/matchup pairs): timestamp=2020-10-10T14:00:00 source_url=https://ak-static.cms.nba.com/referee/injury/Injury-Report_2020-10-10_02PM.pdf
2026-08-17 21:47:05,108 INFO Skipped non-substantive snapshot (no date/matchup pairs): timestamp=2020-10-10T11:00:00 source_url=https://ak-static.cms.nba.com/referee/injury/Injury-Report_2020-10-10_11AM.pdf
2026-08-17 21:47:05,109 INFO Direct NBA day 355/427: 2020-10-10, 3 discovered -> 1 selected
2026-08-17 21:47:34,045 INFO Direct NBA day 356/427: 2020-10-11, 3 discovered -> 1 selected
2026-08-17 21:47:35,089 INFO NBA backfill checkpoint processed=1/1 parsed=1 missing=0 http_failed=0 invalid_pdf=0 parse_failed=0
2026-08-17 21:47:35,385 INFO Suppressed 10 entries from older reports for games superseded by newer snapshots on 2020-10-11
2026-08-17 21:48:01,087 INFO Direct NBA day 357/427: 2020-10-12, 0 discovered -> 0 selected
2026-08-17 21:48:26,990 INFO Direct NBA day 358/427: 2020-10-13, 0 discovered -> 0 selected
2026-08-17 21:48:52,936 INFO Direct NBA day 359/427: 2020-10-14, 0 discovered -> 0 selected
2026-08-17 21:49:19,326 INFO Direct NBA day 360/427: 2020-10-15, 0 discovered -> 0 selected
2026-08-17 21:49:45,717 INFO Direct NBA day 361/427: 2020-10-16, 0 discovered -> 0 selected
2026-08-17 21:50:11,763 INFO Direct NBA day 362/427: 2020-10-17, 0 discovered -> 0 selected
2026-08-17 21:50:37,438 INFO Direct NBA day 363/427: 2020-10-18, 0 discovered -> 0 selected
2026-08-17 21:51:03,622 INFO Direct NBA day 364/427: 2020-10-19, 0 discovered -> 0 selected
2026-08-17 21:51:30,149 INFO Direct NBA day 365/427: 2020-10-20, 0 discovered -> 0 selected
2026-08-17 21:51:55,995 INFO Direct NBA day 366/427: 2020-10-21, 0 discovered -> 0 selected
2026-08-17 21:52:22,299 INFO Direct NBA day 367/427: 2020-10-22, 0 discovered -> 0 selected
2026-08-17 21:52:48,464 INFO Direct NBA day 368/427: 2020-10-23, 0 discovered -> 0 selected
2026-08-17 21:53:14,629 INFO Direct NBA day 369/427: 2020-10-24, 0 discovered -> 0 selected
2026-08-17 21:53:40,613 INFO Direct NBA day 370/427: 2020-10-25, 0 discovered -> 0 selected
2026-08-17 21:54:07,343 INFO Direct NBA day 371/427: 2020-10-26, 0 discovered -> 0 selected
2026-08-17 21:54:33,307 INFO Direct NBA day 372/427: 2020-10-27, 0 discovered -> 0 selected
2026-08-17 21:54:59,165 INFO Direct NBA day 373/427: 2020-10-28, 0 discovered -> 0 selected
2026-08-17 21:55:24,972 INFO Direct NBA day 374/427: 2020-10-29, 0 discovered -> 0 selected
2026-08-17 21:55:51,268 INFO Direct NBA day 375/427: 2020-10-30, 0 discovered -> 0 selected
2026-08-17 21:56:17,347 INFO Direct NBA day 376/427: 2020-10-31, 0 discovered -> 0 selected
2026-08-17 21:56:42,877 INFO Direct NBA day 377/427: 2020-11-01, 0 discovered -> 0 selected
2026-08-17 21:57:09,256 INFO Direct NBA day 378/427: 2020-11-02, 0 discovered -> 0 selected
2026-08-17 21:57:35,192 INFO Direct NBA day 379/427: 2020-11-03, 0 discovered -> 0 selected
2026-08-17 21:58:01,172 INFO Direct NBA day 380/427: 2020-11-04, 0 discovered -> 0 selected
2026-08-17 21:58:27,020 INFO Direct NBA day 381/427: 2020-11-05, 0 discovered -> 0 selected
2026-08-17 21:58:52,760 INFO Direct NBA day 382/427: 2020-11-06, 0 discovered -> 0 selected
2026-08-17 21:59:18,785 INFO Direct NBA day 383/427: 2020-11-07, 0 discovered -> 0 selected
2026-08-17 21:59:44,967 INFO Direct NBA day 384/427: 2020-11-08, 0 discovered -> 0 selected
2026-08-17 22:00:12,033 INFO Direct NBA day 385/427: 2020-11-09, 0 discovered -> 0 selected
2026-08-17 22:00:38,284 INFO Direct NBA day 386/427: 2020-11-10, 0 discovered -> 0 selected
2026-08-17 22:01:04,010 INFO Direct NBA day 387/427: 2020-11-11, 0 discovered -> 0 selected
2026-08-17 22:01:30,364 INFO Direct NBA day 388/427: 2020-11-12, 0 discovered -> 0 selected
2026-08-17 22:01:55,971 INFO Direct NBA day 389/427: 2020-11-13, 0 discovered -> 0 selected
2026-08-17 22:02:21,858 INFO Direct NBA day 390/427: 2020-11-14, 0 discovered -> 0 selected
2026-08-17 22:02:47,898 INFO Direct NBA day 391/427: 2020-11-15, 0 discovered -> 0 selected
2026-08-17 22:03:13,760 INFO Direct NBA day 392/427: 2020-11-16, 0 discovered -> 0 selected
2026-08-17 22:03:39,605 INFO Direct NBA day 393/427: 2020-11-17, 0 discovered -> 0 selected
2026-08-17 22:04:05,875 INFO Direct NBA day 394/427: 2020-11-18, 0 discovered -> 0 selected
2026-08-17 22:04:31,797 INFO Direct NBA day 395/427: 2020-11-19, 0 discovered -> 0 selected
2026-08-17 22:04:57,807 INFO Direct NBA day 396/427: 2020-11-20, 0 discovered -> 0 selected
2026-08-17 22:05:23,618 INFO Direct NBA day 397/427: 2020-11-21, 0 discovered -> 0 selected
2026-08-17 22:05:49,750 INFO Direct NBA day 398/427: 2020-11-22, 0 discovered -> 0 selected
2026-08-17 22:06:15,481 INFO Direct NBA day 399/427: 2020-11-23, 0 discovered -> 0 selected
2026-08-17 22:06:41,236 INFO Direct NBA day 400/427: 2020-11-24, 0 discovered -> 0 selected
2026-08-17 22:07:07,250 INFO Direct NBA day 401/427: 2020-11-25, 0 discovered -> 0 selected
2026-08-17 22:07:33,005 INFO Direct NBA day 402/427: 2020-11-26, 0 discovered -> 0 selected
2026-08-17 22:07:59,295 INFO Direct NBA day 403/427: 2020-11-27, 0 discovered -> 0 selected
2026-08-17 22:08:25,445 INFO Direct NBA day 404/427: 2020-11-28, 0 discovered -> 0 selected
2026-08-17 22:08:51,390 INFO Direct NBA day 405/427: 2020-11-29, 0 discovered -> 0 selected
2026-08-17 22:09:17,185 INFO Direct NBA day 406/427: 2020-11-30, 0 discovered -> 0 selected
2026-08-17 22:09:42,917 INFO Direct NBA day 407/427: 2020-12-01, 0 discovered -> 0 selected
2026-08-17 22:10:09,202 INFO Direct NBA day 408/427: 2020-12-02, 0 discovered -> 0 selected
2026-08-17 22:10:34,913 INFO Direct NBA day 409/427: 2020-12-03, 0 discovered -> 0 selected
2026-08-17 22:11:00,840 INFO Direct NBA day 410/427: 2020-12-04, 0 discovered -> 0 selected
2026-08-17 22:11:26,833 INFO Direct NBA day 411/427: 2020-12-05, 0 discovered -> 0 selected
2026-08-17 22:11:52,966 INFO Direct NBA day 412/427: 2020-12-06, 0 discovered -> 0 selected
2026-08-17 22:12:19,189 INFO Direct NBA day 413/427: 2020-12-07, 0 discovered -> 0 selected
2026-08-17 22:12:45,303 INFO Direct NBA day 414/427: 2020-12-08, 0 discovered -> 0 selected
2026-08-17 22:13:11,411 INFO Direct NBA day 415/427: 2020-12-09, 0 discovered -> 0 selected
2026-08-17 22:13:40,156 INFO Direct NBA day 416/427: 2020-12-10, 3 discovered -> 1 selected
2026-08-17 22:14:09,495 INFO Direct NBA day 417/427: 2020-12-11, 3 discovered -> 1 selected
2026-08-17 22:14:09,950 INFO Suppressed 54 entries from older reports for games superseded by newer snapshots on 2020-12-11
2026-08-17 22:14:39,113 INFO Direct NBA day 418/427: 2020-12-12, 3 discovered -> 1 selected
2026-08-17 22:14:40,140 INFO NBA backfill checkpoint processed=1/1 parsed=1 missing=0 http_failed=0 invalid_pdf=0 parse_failed=0
2026-08-17 22:14:40,820 INFO Suppressed 120 entries from older reports for games superseded by newer snapshots on 2020-12-12
2026-08-17 22:15:09,807 INFO Direct NBA day 419/427: 2020-12-13, 3 discovered -> 1 selected
2026-08-17 22:15:10,336 INFO Suppressed 96 entries from older reports for games superseded by newer snapshots on 2020-12-13
2026-08-17 22:15:38,680 INFO Direct NBA day 420/427: 2020-12-14, 3 discovered -> 1 selected
2026-08-17 22:15:39,216 INFO Suppressed 69 entries from older reports for games superseded by newer snapshots on 2020-12-14
2026-08-17 22:16:07,659 INFO Direct NBA day 421/427: 2020-12-15, 3 discovered -> 1 selected
2026-08-17 22:16:08,047 INFO Suppressed 32 entries from older reports for games superseded by newer snapshots on 2020-12-15
2026-08-17 22:16:36,788 INFO Direct NBA day 422/427: 2020-12-16, 3 discovered -> 1 selected
2026-08-17 22:16:37,255 INFO Suppressed 66 entries from older reports for games superseded by newer snapshots on 2020-12-16
2026-08-17 22:17:06,253 INFO Direct NBA day 423/427: 2020-12-17, 3 discovered -> 1 selected
2026-08-17 22:17:06,693 INFO Suppressed 42 entries from older reports for games superseded by newer snapshots on 2020-12-17
2026-08-17 22:17:35,550 INFO Direct NBA day 424/427: 2020-12-18, 3 discovered -> 1 selected
2026-08-17 22:17:35,913 INFO Suppressed 26 entries from older reports for games superseded by newer snapshots on 2020-12-18
2026-08-17 22:18:04,654 INFO Direct NBA day 425/427: 2020-12-19, 3 discovered -> 1 selected
2026-08-17 22:18:05,047 INFO Suppressed 47 entries from older reports for games superseded by newer snapshots on 2020-12-19
2026-08-17 22:18:30,776 INFO Direct NBA day 426/427: 2020-12-20, 0 discovered -> 0 selected
2026-08-17 22:19:00,511 INFO Skipped non-substantive snapshot (no date/matchup pairs): timestamp=2020-12-21T14:00:00 source_url=https://ak-static.cms.nba.com/referee/injury/Injury-Report_2020-12-21_02PM.pdf
2026-08-17 22:19:00,545 INFO Skipped non-substantive snapshot (no date/matchup pairs): timestamp=2020-12-21T11:00:00 source_url=https://ak-static.cms.nba.com/referee/injury/Injury-Report_2020-12-21_11AM.pdf
2026-08-17 22:19:00,545 INFO Direct NBA day 427/427: 2020-12-21, 4 discovered -> 1 selected
{"already_known": 0, "archive_urls_discovered": 221, "candidates_already_known": 159, "candidates_inserted": 62, "discovered": 0, "downloaded": 62, "entries_inserted": 5577, "http_failures": 0, "invalid_pdfs": 0, "missing": 0, "parse_failures": 0, "parsed": 62}
