2026-08-18 07:43:24,186 INFO Direct NBA day 1/306: 2018-12-20, 3 discovered -> 1 selected
2026-08-18 07:43:25,039 INFO NBA backfill checkpoint processed=1/1 parsed=1 missing=0 http_failed=0 invalid_pdf=0 parse_failed=0
2026-08-18 07:43:25,823 INFO Suppressed 97 entries from older reports for games superseded by newer snapshots on 2018-12-20
2026-08-18 07:43:55,908 INFO Direct NBA day 2/306: 2018-12-21, 3 discovered -> 1 selected
2026-08-18 07:43:56,621 INFO NBA backfill checkpoint processed=1/1 parsed=1 missing=0 http_failed=0 invalid_pdf=0 parse_failed=0
2026-08-18 07:43:57,386 INFO Suppressed 203 entries from older reports for games superseded by newer snapshots on 2018-12-21
2026-08-18 07:44:27,132 INFO Direct NBA day 3/306: 2018-12-22, 3 discovered -> 1 selected
2026-08-18 07:44:27,826 INFO NBA backfill checkpoint processed=1/1 parsed=1 missing=0 http_failed=0 invalid_pdf=0 parse_failed=0
2026-08-18 07:44:28,494 INFO Suppressed 163 entries from older reports for games superseded by newer snapshots on 2018-12-22
2026-08-18 07:44:58,373 INFO Direct NBA day 4/306: 2018-12-23, 3 discovered -> 1 selected
2026-08-18 07:44:59,117 INFO NBA backfill checkpoint processed=1/1 parsed=1 missing=0 http_failed=0 invalid_pdf=0 parse_failed=0
2026-08-18 07:44:59,737 INFO Suppressed 148 entries from older reports for games superseded by newer snapshots on 2018-12-23
2026-08-18 07:45:28,495 INFO Skipped non-substantive snapshot (no date/matchup pairs): timestamp=2018-12-24T13:30:00 source_url=https://ak-static.cms.nba.com/referee/injury/Injury-Report_2018-12-24_01PM.pdf
2026-08-18 07:45:28,579 INFO Direct NBA day 5/306: 2018-12-24, 3 discovered -> 1 selected
2026-08-18 07:45:29,571 INFO NBA backfill checkpoint processed=1/1 parsed=1 missing=0 http_failed=0 invalid_pdf=0 parse_failed=0
2026-08-18 07:45:29,905 INFO Suppressed 29 entries from older reports for games superseded by newer snapshots on 2018-12-24
2026-08-18 07:45:59,680 INFO Direct NBA day 6/306: 2018-12-25, 3 discovered -> 1 selected
2026-08-18 07:46:00,017 INFO Suppressed 29 entries from older reports for games superseded by newer snapshots on 2018-12-25
2026-08-18 07:46:29,970 INFO Direct NBA day 7/306: 2018-12-26, 3 discovered -> 1 selected
2026-08-18 07:46:30,676 INFO NBA backfill checkpoint processed=1/1 parsed=1 missing=0 http_failed=0 invalid_pdf=0 parse_failed=0
2026-08-18 07:46:31,397 INFO Suppressed 181 entries from older reports for games superseded by newer snapshots on 2018-12-26
2026-08-18 07:47:00,668 INFO Direct NBA day 8/306: 2018-12-27, 3 discovered -> 1 selected
2026-08-18 07:47:01,477 INFO NBA backfill checkpoint processed=1/1 parsed=1 missing=0 http_failed=0 invalid_pdf=0 parse_failed=0
2026-08-18 07:47:01,997 INFO Suppressed 86 entries from older reports for games superseded by newer snapshots on 2018-12-27
2026-08-18 07:47:31,461 INFO Direct NBA day 9/306: 2018-12-28, 3 discovered -> 1 selected
2026-08-18 07:47:32,076 INFO NBA backfill checkpoint processed=1/1 parsed=1 missing=0 http_failed=0 invalid_pdf=0 parse_failed=0
2026-08-18 07:47:32,772 INFO Suppressed 174 entries from older reports for games superseded by newer snapshots on 2018-12-28
2026-08-18 07:48:02,235 INFO Direct NBA day 10/306: 2018-12-29, 3 discovered -> 1 selected
2026-08-18 07:48:02,974 INFO NBA backfill checkpoint processed=1/1 parsed=1 missing=0 http_failed=0 invalid_pdf=0 parse_failed=0
2026-08-18 07:48:03,345 INFO Suppressed 51 entries from older reports for games superseded by newer snapshots on 2018-12-29
2026-08-18 07:48:32,270 INFO Direct NBA day 11/306: 2018-12-30, 3 discovered -> 1 selected
2026-08-18 07:48:33,122 INFO NBA backfill checkpoint processed=1/1 parsed=1 missing=0 http_failed=0 invalid_pdf=0 parse_failed=0
2026-08-18 07:48:33,460 INFO Suppressed 41 entries from older reports for games superseded by newer snapshots on 2018-12-30
2026-08-18 07:49:02,605 INFO Direct NBA day 12/306: 2018-12-31, 3 discovered -> 1 selected
2026-08-18 07:49:03,440 INFO NBA backfill checkpoint processed=1/1 parsed=1 missing=0 http_failed=0 invalid_pdf=0 parse_failed=0
2026-08-18 07:49:03,772 INFO Suppressed 45 entries from older reports for games superseded by newer snapshots on 2018-12-31
2026-08-18 07:49:32,482 INFO Direct NBA day 13/306: 2019-01-01, 3 discovered -> 1 selected
2026-08-18 07:49:33,328 INFO NBA backfill checkpoint processed=1/1 parsed=1 missing=0 http_failed=0 invalid_pdf=0 parse_failed=0
2026-08-18 07:49:33,857 INFO Suppressed 120 entries from older reports for games superseded by newer snapshots on 2019-01-01
2026-08-18 07:50:03,385 INFO Direct NBA day 14/306: 2019-01-02, 3 discovered -> 1 selected
2026-08-18 07:50:04,172 INFO NBA backfill checkpoint processed=1/1 parsed=1 missing=0 http_failed=0 invalid_pdf=0 parse_failed=0
2026-08-18 07:50:04,973 INFO Suppressed 234 entries from older reports for games superseded by newer snapshots on 2019-01-02
2026-08-18 07:50:34,768 INFO Direct NBA day 15/306: 2019-01-03, 3 discovered -> 1 selected
2026-08-18 07:50:35,638 INFO NBA backfill checkpoint processed=1/1 parsed=1 missing=0 http_failed=0 invalid_pdf=0 parse_failed=0
2026-08-18 07:50:36,042 INFO Suppressed 69 entries from older reports for games superseded by newer snapshots on 2019-01-03
2026-08-18 07:51:05,483 INFO Direct NBA day 16/306: 2019-01-04, 3 discovered -> 1 selected
2026-08-18 07:51:06,152 INFO NBA backfill checkpoint processed=1/1 parsed=1 missing=0 http_failed=0 invalid_pdf=0 parse_failed=0
2026-08-18 07:51:07,118 INFO Suppressed 277 entries from older reports for games superseded by newer snapshots on 2019-01-04
2026-08-18 07:51:36,742 INFO Direct NBA day 17/306: 2019-01-05, 3 discovered -> 1 selected
2026-08-18 07:51:37,508 INFO NBA backfill checkpoint processed=1/1 parsed=1 missing=0 http_failed=0 invalid_pdf=0 parse_failed=0
2026-08-18 07:51:38,276 INFO Suppressed 224 entries from older reports for games superseded by newer snapshots on 2019-01-05
2026-08-18 07:52:07,616 INFO Direct NBA day 18/306: 2019-01-06, 3 discovered -> 1 selected
2026-08-18 07:52:08,219 INFO Suppressed 136 entries from older reports for games superseded by newer snapshots on 2019-01-06
2026-08-18 07:52:37,654 INFO Direct NBA day 19/306: 2019-01-07, 3 discovered -> 1 selected
2026-08-18 07:52:38,436 INFO NBA backfill checkpoint processed=1/1 parsed=1 missing=0 http_failed=0 invalid_pdf=0 parse_failed=0
2026-08-18 07:52:39,063 INFO Suppressed 169 entries from older reports for games superseded by newer snapshots on 2019-01-07
2026-08-18 07:53:08,218 INFO Direct NBA day 20/306: 2019-01-08, 3 discovered -> 1 selected
2026-08-18 07:53:08,881 INFO NBA backfill checkpoint processed=1/1 parsed=1 missing=0 http_failed=0 invalid_pdf=0 parse_failed=0
2026-08-18 07:53:09,531 INFO Suppressed 141 entries from older reports for games superseded by newer snapshots on 2019-01-08
2026-08-18 07:53:38,502 INFO Direct NBA day 21/306: 2019-01-09, 3 discovered -> 1 selected
2026-08-18 07:53:39,344 INFO Suppressed 257 entries from older reports for games superseded by newer snapshots on 2019-01-09
2026-08-18 07:54:08,317 INFO Direct NBA day 22/306: 2019-01-10, 3 discovered -> 1 selected
2026-08-18 07:54:09,093 INFO NBA backfill checkpoint processed=1/1 parsed=1 missing=0 http_failed=0 invalid_pdf=0 parse_failed=0
2026-08-18 07:54:09,427 INFO Suppressed 19 entries from older reports for games superseded by newer snapshots on 2019-01-10
2026-08-18 07:54:38,664 INFO Direct NBA day 23/306: 2019-01-11, 3 discovered -> 1 selected
2026-08-18 07:54:39,337 INFO Suppressed 174 entries from older reports for games superseded by newer snapshots on 2019-01-11
2026-08-18 07:55:08,535 INFO Direct NBA day 24/306: 2019-01-12, 3 discovered -> 1 selected
2026-08-18 07:55:09,242 INFO NBA backfill checkpoint processed=1/1 parsed=1 missing=0 http_failed=0 invalid_pdf=0 parse_failed=0
2026-08-18 07:55:10,104 INFO Suppressed 236 entries from older reports for games superseded by newer snapshots on 2019-01-12
2026-08-18 07:55:39,571 INFO Direct NBA day 25/306: 2019-01-13, 3 discovered -> 1 selected
2026-08-18 07:55:40,323 INFO NBA backfill checkpoint processed=1/1 parsed=1 missing=0 http_failed=0 invalid_pdf=0 parse_failed=0
2026-08-18 07:55:40,698 INFO Suppressed 58 entries from older reports for games superseded by newer snapshots on 2019-01-13
2026-08-18 07:56:09,949 INFO Direct NBA day 26/306: 2019-01-14, 3 discovered -> 1 selected
2026-08-18 07:56:10,728 INFO NBA backfill checkpoint processed=1/1 parsed=1 missing=0 http_failed=0 invalid_pdf=0 parse_failed=0
2026-08-18 07:56:11,198 INFO Suppressed 94 entries from older reports for games superseded by newer snapshots on 2019-01-14
2026-08-18 07:56:40,773 INFO Direct NBA day 27/306: 2019-01-15, 3 discovered -> 1 selected
2026-08-18 07:56:41,515 INFO NBA backfill checkpoint processed=1/1 parsed=1 missing=0 http_failed=0 invalid_pdf=0 parse_failed=0
2026-08-18 07:56:42,110 INFO Suppressed 143 entries from older reports for games superseded by newer snapshots on 2019-01-15
2026-08-18 07:57:11,690 INFO Direct NBA day 28/306: 2019-01-16, 3 discovered -> 1 selected
2026-08-18 07:57:12,445 INFO NBA backfill checkpoint processed=1/1 parsed=1 missing=0 http_failed=0 invalid_pdf=0 parse_failed=0
2026-08-18 07:57:13,062 INFO Suppressed 164 entries from older reports for games superseded by newer snapshots on 2019-01-16
2026-08-18 07:57:42,189 INFO Direct NBA day 29/306: 2019-01-17, 3 discovered -> 1 selected
2026-08-18 07:57:43,022 INFO NBA backfill checkpoint processed=1/1 parsed=1 missing=0 http_failed=0 invalid_pdf=0 parse_failed=0
2026-08-18 07:57:43,503 INFO Suppressed 100 entries from older reports for games superseded by newer snapshots on 2019-01-17
2026-08-18 07:58:12,646 INFO Direct NBA day 30/306: 2019-01-18, 3 discovered -> 1 selected
2026-08-18 07:58:13,309 INFO NBA backfill checkpoint processed=1/1 parsed=1 missing=0 http_failed=0 invalid_pdf=0 parse_failed=0
2026-08-18 07:58:13,696 INFO Suppressed 53 entries from older reports for games superseded by newer snapshots on 2019-01-18
2026-08-18 07:58:43,056 INFO Direct NBA day 31/306: 2019-01-19, 3 discovered -> 1 selected
2026-08-18 07:58:43,825 INFO NBA backfill checkpoint processed=1/1 parsed=1 missing=0 http_failed=0 invalid_pdf=0 parse_failed=0
2026-08-18 07:58:44,614 INFO Suppressed 229 entries from older reports for games superseded by newer snapshots on 2019-01-19
2026-08-18 07:59:13,530 INFO Direct NBA day 32/306: 2019-01-20, 3 discovered -> 1 selected
2026-08-18 07:59:14,286 INFO NBA backfill checkpoint processed=1/1 parsed=1 missing=0 http_failed=0 invalid_pdf=0 parse_failed=0
2026-08-18 07:59:14,969 INFO Suppressed 171 entries from older reports for games superseded by newer snapshots on 2019-01-20
2026-08-18 07:59:44,569 INFO Direct NBA day 33/306: 2019-01-21, 3 discovered -> 1 selected
2026-08-18 07:59:45,283 INFO NBA backfill checkpoint processed=1/1 parsed=1 missing=0 http_failed=0 invalid_pdf=0 parse_failed=0
2026-08-18 07:59:45,925 INFO Suppressed 164 entries from older reports for games superseded by newer snapshots on 2019-01-21
2026-08-18 08:00:15,200 INFO Direct NBA day 34/306: 2019-01-22, 3 discovered -> 1 selected
2026-08-18 08:00:16,034 INFO NBA backfill checkpoint processed=1/1 parsed=1 missing=0 http_failed=0 invalid_pdf=0 parse_failed=0
2026-08-18 08:00:16,685 INFO Suppressed 151 entries from older reports for games superseded by newer snapshots on 2019-01-22
2026-08-18 08:00:46,494 INFO Direct NBA day 35/306: 2019-01-23, 3 discovered -> 1 selected
2026-08-18 08:00:47,194 INFO NBA backfill checkpoint processed=1/1 parsed=1 missing=0 http_failed=0 invalid_pdf=0 parse_failed=0
2026-08-18 08:00:47,883 INFO Suppressed 168 entries from older reports for games superseded by newer snapshots on 2019-01-23
2026-08-18 08:01:17,819 INFO Direct NBA day 36/306: 2019-01-24, 3 discovered -> 1 selected
2026-08-18 08:01:18,607 INFO NBA backfill checkpoint processed=1/1 parsed=1 missing=0 http_failed=0 invalid_pdf=0 parse_failed=0
2026-08-18 08:01:19,153 INFO Suppressed 111 entries from older reports for games superseded by newer snapshots on 2019-01-24
2026-08-18 08:01:48,696 INFO Direct NBA day 37/306: 2019-01-25, 3 discovered -> 1 selected
2026-08-18 08:01:49,449 INFO NBA backfill checkpoint processed=1/1 parsed=1 missing=0 http_failed=0 invalid_pdf=0 parse_failed=0
2026-08-18 08:01:50,072 INFO Suppressed 160 entries from older reports for games superseded by newer snapshots on 2019-01-25
2026-08-18 08:02:20,199 INFO Direct NBA day 38/306: 2019-01-26, 3 discovered -> 1 selected
2026-08-18 08:02:20,534 INFO Suppressed 38 entries from older reports for games superseded by newer snapshots on 2019-01-26
2026-08-18 08:02:50,794 INFO Direct NBA day 39/306: 2019-01-27, 3 discovered -> 1 selected
2026-08-18 08:02:51,488 INFO NBA backfill checkpoint processed=1/1 parsed=1 missing=0 http_failed=0 invalid_pdf=0 parse_failed=0
2026-08-18 08:02:52,143 INFO Suppressed 173 entries from older reports for games superseded by newer snapshots on 2019-01-27
2026-08-18 08:03:21,902 INFO Direct NBA day 40/306: 2019-01-28, 3 discovered -> 1 selected
2026-08-18 08:03:22,602 INFO NBA backfill checkpoint processed=1/1 parsed=1 missing=0 http_failed=0 invalid_pdf=0 parse_failed=0
2026-08-18 08:03:23,385 INFO Suppressed 185 entries from older reports for games superseded by newer snapshots on 2019-01-28
2026-08-18 08:03:53,090 INFO Direct NBA day 41/306: 2019-01-29, 3 discovered -> 1 selected
2026-08-18 08:03:53,785 INFO NBA backfill checkpoint processed=1/1 parsed=1 missing=0 http_failed=0 invalid_pdf=0 parse_failed=0
2026-08-18 08:03:54,690 INFO Suppressed 255 entries from older reports for games superseded by newer snapshots on 2019-01-29
2026-08-18 08:04:24,551 INFO Direct NBA day 42/306: 2019-01-30, 3 discovered -> 1 selected
2026-08-18 08:04:25,322 INFO NBA backfill checkpoint processed=1/1 parsed=1 missing=0 http_failed=0 invalid_pdf=0 parse_failed=0
2026-08-18 08:04:26,142 INFO Suppressed 238 entries from older reports for games superseded by newer snapshots on 2019-01-30
2026-08-18 08:04:55,499 INFO Direct NBA day 43/306: 2019-01-31, 3 discovered -> 1 selected
2026-08-18 08:04:56,388 INFO NBA backfill checkpoint processed=1/1 parsed=1 missing=0 http_failed=0 invalid_pdf=0 parse_failed=0
2026-08-18 08:04:56,849 INFO Suppressed 96 entries from older reports for games superseded by newer snapshots on 2019-01-31
2026-08-18 08:05:26,160 INFO Direct NBA day 44/306: 2019-02-01, 3 discovered -> 1 selected
2026-08-18 08:05:26,906 INFO NBA backfill checkpoint processed=1/1 parsed=1 missing=0 http_failed=0 invalid_pdf=0 parse_failed=0
2026-08-18 08:05:27,260 INFO Suppressed 45 entries from older reports for games superseded by newer snapshots on 2019-02-01
2026-08-18 08:05:56,782 INFO Direct NBA day 45/306: 2019-02-02, 3 discovered -> 1 selected
2026-08-18 08:05:57,370 INFO NBA backfill checkpoint processed=1/1 parsed=1 missing=0 http_failed=0 invalid_pdf=0 parse_failed=0
2026-08-18 08:05:57,802 INFO Suppressed 89 entries from older reports for games superseded by newer snapshots on 2019-02-02
2026-08-18 08:06:26,989 INFO Direct NBA day 46/306: 2019-02-03, 3 discovered -> 1 selected
2026-08-18 08:06:27,929 INFO NBA backfill checkpoint processed=1/1 parsed=1 missing=0 http_failed=0 invalid_pdf=0 parse_failed=0
2026-08-18 08:06:28,314 INFO Suppressed 65 entries from older reports for games superseded by newer snapshots on 2019-02-03
2026-08-18 08:06:57,507 INFO Direct NBA day 47/306: 2019-02-04, 3 discovered -> 1 selected
2026-08-18 08:06:58,162 INFO Suppressed 147 entries from older reports for games superseded by newer snapshots on 2019-02-04
2026-08-18 08:07:27,132 INFO Direct NBA day 48/306: 2019-02-05, 3 discovered -> 1 selected
2026-08-18 08:07:27,883 INFO NBA backfill checkpoint processed=1/1 parsed=1 missing=0 http_failed=0 invalid_pdf=0 parse_failed=0
2026-08-18 08:07:28,770 INFO Suppressed 262 entries from older reports for games superseded by newer snapshots on 2019-02-05
2026-08-18 08:07:57,930 INFO Direct NBA day 49/306: 2019-02-06, 3 discovered -> 1 selected
2026-08-18 08:07:58,708 INFO Suppressed 220 entries from older reports for games superseded by newer snapshots on 2019-02-06
2026-08-18 08:08:27,657 INFO Direct NBA day 50/306: 2019-02-07, 3 discovered -> 1 selected
2026-08-18 08:08:28,384 INFO NBA backfill checkpoint processed=1/1 parsed=1 missing=0 http_failed=0 invalid_pdf=0 parse_failed=0
2026-08-18 08:08:28,995 INFO Suppressed 151 entries from older reports for games superseded by newer snapshots on 2019-02-07
2026-08-18 08:08:58,018 INFO Direct NBA day 51/306: 2019-02-08, 3 discovered -> 1 selected
2026-08-18 08:08:58,633 INFO Suppressed 145 entries from older reports for games superseded by newer snapshots on 2019-02-08
2026-08-18 08:09:27,906 INFO Direct NBA day 52/306: 2019-02-09, 3 discovered -> 1 selected
2026-08-18 08:09:28,674 INFO NBA backfill checkpoint processed=1/1 parsed=1 missing=0 http_failed=0 invalid_pdf=0 parse_failed=0
2026-08-18 08:09:29,051 INFO Suppressed 51 entries from older reports for games superseded by newer snapshots on 2019-02-09
2026-08-18 08:09:58,204 INFO Direct NBA day 53/306: 2019-02-10, 3 discovered -> 1 selected
2026-08-18 08:09:58,986 INFO NBA backfill checkpoint processed=1/1 parsed=1 missing=0 http_failed=0 invalid_pdf=0 parse_failed=0
2026-08-18 08:09:59,299 INFO Suppressed 27 entries from older reports for games superseded by newer snapshots on 2019-02-10
2026-08-18 08:10:28,596 INFO Direct NBA day 54/306: 2019-02-11, 3 discovered -> 1 selected
2026-08-18 08:10:29,343 INFO NBA backfill checkpoint processed=1/1 parsed=1 missing=0 http_failed=0 invalid_pdf=0 parse_failed=0
2026-08-18 08:10:29,955 INFO Suppressed 155 entries from older reports for games superseded by newer snapshots on 2019-02-11
2026-08-18 08:10:59,284 INFO Direct NBA day 55/306: 2019-02-12, 3 discovered -> 1 selected
2026-08-18 08:11:00,036 INFO NBA backfill checkpoint processed=1/1 parsed=1 missing=0 http_failed=0 invalid_pdf=0 parse_failed=0
2026-08-18 08:11:00,529 INFO Suppressed 99 entries from older reports for games superseded by newer snapshots on 2019-02-12
2026-08-18 08:11:29,622 INFO Direct NBA day 56/306: 2019-02-13, 3 discovered -> 1 selected
2026-08-18 08:11:30,358 INFO NBA backfill checkpoint processed=1/1 parsed=1 missing=0 http_failed=0 invalid_pdf=0 parse_failed=0
2026-08-18 08:11:30,755 INFO Suppressed 61 entries from older reports for games superseded by newer snapshots on 2019-02-13
2026-08-18 08:11:59,416 INFO Direct NBA day 57/306: 2019-02-14, 3 discovered -> 1 selected
2026-08-18 08:12:00,413 INFO NBA backfill checkpoint processed=1/1 parsed=1 missing=0 http_failed=0 invalid_pdf=0 parse_failed=0
2026-08-18 08:12:00,711 INFO Suppressed 16 entries from older reports for games superseded by newer snapshots on 2019-02-14
2026-08-18 08:12:29,519 INFO Skipped non-substantive snapshot (no date/matchup pairs): timestamp=2019-02-15T13:30:00 source_url=https://ak-static.cms.nba.com/referee/injury/Injury-Report_2019-02-15_01PM.pdf
2026-08-18 08:12:29,531 INFO Skipped non-substantive snapshot (no date/matchup pairs): timestamp=2019-02-15T17:30:00 source_url=https://ak-static.cms.nba.com/referee/injury/Injury-Report_2019-02-15_05PM.pdf
2026-08-18 08:12:29,540 INFO Skipped non-substantive snapshot (no date/matchup pairs): timestamp=2019-02-15T20:30:00 source_url=https://ak-static.cms.nba.com/referee/injury/Injury-Report_2019-02-15_08PM.pdf
2026-08-18 08:12:29,540 INFO Direct NBA day 58/306: 2019-02-15, 3 discovered -> 0 selected
2026-08-18 08:12:58,262 INFO Skipped non-substantive snapshot (no date/matchup pairs): timestamp=2019-02-16T13:30:00 source_url=https://ak-static.cms.nba.com/referee/injury/Injury-Report_2019-02-16_01PM.pdf
2026-08-18 08:12:58,272 INFO Skipped non-substantive snapshot (no date/matchup pairs): timestamp=2019-02-16T17:30:00 source_url=https://ak-static.cms.nba.com/referee/injury/Injury-Report_2019-02-16_05PM.pdf
2026-08-18 08:12:58,281 INFO Skipped non-substantive snapshot (no date/matchup pairs): timestamp=2019-02-16T20:30:00 source_url=https://ak-static.cms.nba.com/referee/injury/Injury-Report_2019-02-16_08PM.pdf
2026-08-18 08:12:58,281 INFO Direct NBA day 59/306: 2019-02-16, 3 discovered -> 0 selected
2026-08-18 08:13:27,236 INFO Skipped non-substantive snapshot (no date/matchup pairs): timestamp=2019-02-17T13:30:00 source_url=https://ak-static.cms.nba.com/referee/injury/Injury-Report_2019-02-17_01PM.pdf
2026-08-18 08:13:27,245 INFO Skipped non-substantive snapshot (no date/matchup pairs): timestamp=2019-02-17T17:30:00 source_url=https://ak-static.cms.nba.com/referee/injury/Injury-Report_2019-02-17_05PM.pdf
2026-08-18 08:13:27,254 INFO Skipped non-substantive snapshot (no date/matchup pairs): timestamp=2019-02-17T20:30:00 source_url=https://ak-static.cms.nba.com/referee/injury/Injury-Report_2019-02-17_08PM.pdf
2026-08-18 08:13:27,254 INFO Direct NBA day 60/306: 2019-02-17, 3 discovered -> 0 selected
2026-08-18 08:13:53,106 INFO Direct NBA day 61/306: 2019-02-18, 0 discovered -> 0 selected
2026-08-18 08:14:19,125 INFO Direct NBA day 62/306: 2019-02-19, 0 discovered -> 0 selected
2026-08-18 08:14:48,097 INFO Skipped non-substantive snapshot (no date/matchup pairs): timestamp=2019-02-20T13:30:00 source_url=https://ak-static.cms.nba.com/referee/injury/Injury-Report_2019-02-20_01PM.pdf
2026-08-18 08:14:48,213 INFO Direct NBA day 63/306: 2019-02-20, 3 discovered -> 1 selected
2026-08-18 08:14:49,188 INFO NBA backfill checkpoint processed=1/1 parsed=1 missing=0 http_failed=0 invalid_pdf=0 parse_failed=0
2026-08-18 08:14:49,513 INFO Suppressed 29 entries from older reports for games superseded by newer snapshots on 2019-02-20
2026-08-18 08:15:18,767 INFO Direct NBA day 64/306: 2019-02-21, 3 discovered -> 1 selected
2026-08-18 08:15:19,479 INFO NBA backfill checkpoint processed=1/1 parsed=1 missing=0 http_failed=0 invalid_pdf=0 parse_failed=0
2026-08-18 08:15:20,130 INFO Suppressed 107 entries from older reports for games superseded by newer snapshots on 2019-02-21
2026-08-18 08:15:49,083 INFO Direct NBA day 65/306: 2019-02-22, 3 discovered -> 1 selected
2026-08-18 08:15:49,805 INFO NBA backfill checkpoint processed=1/1 parsed=1 missing=0 http_failed=0 invalid_pdf=0 parse_failed=0
2026-08-18 08:15:50,534 INFO Suppressed 136 entries from older reports for games superseded by newer snapshots on 2019-02-22
2026-08-18 08:16:19,538 INFO Direct NBA day 66/306: 2019-02-23, 3 discovered -> 1 selected
2026-08-18 08:16:20,262 INFO NBA backfill checkpoint processed=1/1 parsed=1 missing=0 http_failed=0 invalid_pdf=0 parse_failed=0
2026-08-18 08:16:20,843 INFO Suppressed 144 entries from older reports for games superseded by newer snapshots on 2019-02-23
2026-08-18 08:16:50,875 INFO Direct NBA day 67/306: 2019-02-24, 3 discovered -> 1 selected
2026-08-18 08:16:51,700 INFO NBA backfill checkpoint processed=1/1 parsed=1 missing=0 http_failed=0 invalid_pdf=0 parse_failed=0
2026-08-18 08:16:52,388 INFO Suppressed 174 entries from older reports for games superseded by newer snapshots on 2019-02-24
2026-08-18 08:17:21,915 INFO Direct NBA day 68/306: 2019-02-25, 3 discovered -> 1 selected
2026-08-18 08:17:22,565 INFO NBA backfill checkpoint processed=1/1 parsed=1 missing=0 http_failed=0 invalid_pdf=0 parse_failed=0
2026-08-18 08:17:23,227 INFO Suppressed 162 entries from older reports for games superseded by newer snapshots on 2019-02-25
2026-08-18 08:17:52,982 INFO Direct NBA day 69/306: 2019-02-26, 3 discovered -> 1 selected
2026-08-18 08:17:53,841 INFO NBA backfill checkpoint processed=1/1 parsed=1 missing=0 http_failed=0 invalid_pdf=0 parse_failed=0
2026-08-18 08:17:54,320 INFO Suppressed 100 entries from older reports for games superseded by newer snapshots on 2019-02-26
2026-08-18 08:18:23,825 INFO Direct NBA day 70/306: 2019-02-27, 3 discovered -> 1 selected
2026-08-18 08:18:24,481 INFO NBA backfill checkpoint processed=1/1 parsed=1 missing=0 http_failed=0 invalid_pdf=0 parse_failed=0
2026-08-18 08:18:25,148 INFO Suppressed 173 entries from older reports for games superseded by newer snapshots on 2019-02-27
2026-08-18 08:18:54,442 INFO Direct NBA day 71/306: 2019-02-28, 3 discovered -> 1 selected
2026-08-18 08:18:54,782 INFO Suppressed 36 entries from older reports for games superseded by newer snapshots on 2019-02-28
2026-08-18 08:19:24,291 INFO Direct NBA day 72/306: 2019-03-01, 3 discovered -> 1 selected
2026-08-18 08:19:25,108 INFO NBA backfill checkpoint processed=1/1 parsed=1 missing=0 http_failed=0 invalid_pdf=0 parse_failed=0
2026-08-18 08:19:25,688 INFO Suppressed 133 entries from older reports for games superseded by newer snapshots on 2019-03-01
2026-08-18 08:19:55,020 INFO Direct NBA day 73/306: 2019-03-02, 3 discovered -> 1 selected
2026-08-18 08:19:55,681 INFO NBA backfill checkpoint processed=1/1 parsed=1 missing=0 http_failed=0 invalid_pdf=0 parse_failed=0
2026-08-18 08:19:56,116 INFO Suppressed 66 entries from older reports for games superseded by newer snapshots on 2019-03-02
2026-08-18 08:20:26,076 INFO Direct NBA day 74/306: 2019-03-03, 3 discovered -> 1 selected
2026-08-18 08:20:26,658 INFO Suppressed 122 entries from older reports for games superseded by newer snapshots on 2019-03-03
2026-08-18 08:20:55,766 INFO Direct NBA day 75/306: 2019-03-04, 3 discovered -> 1 selected
2026-08-18 08:20:56,283 INFO Suppressed 104 entries from older reports for games superseded by newer snapshots on 2019-03-04
2026-08-18 08:21:25,507 INFO Direct NBA day 76/306: 2019-03-05, 3 discovered -> 1 selected
2026-08-18 08:21:26,243 INFO NBA backfill checkpoint processed=1/1 parsed=1 missing=0 http_failed=0 invalid_pdf=0 parse_failed=0
2026-08-18 08:21:26,606 INFO Suppressed 43 entries from older reports for games superseded by newer snapshots on 2019-03-05
2026-08-18 08:21:55,539 INFO Direct NBA day 77/306: 2019-03-06, 3 discovered -> 1 selected
2026-08-18 08:21:56,407 INFO NBA backfill checkpoint processed=1/1 parsed=1 missing=0 http_failed=0 invalid_pdf=0 parse_failed=0
2026-08-18 08:21:56,774 INFO Suppressed 59 entries from older reports for games superseded by newer snapshots on 2019-03-06
2026-08-18 08:22:26,547 INFO Direct NBA day 78/306: 2019-03-07, 3 discovered -> 1 selected
2026-08-18 08:22:27,109 INFO Suppressed 112 entries from older reports for games superseded by newer snapshots on 2019-03-07
2026-08-18 08:22:57,869 INFO Direct NBA day 79/306: 2019-03-08, 3 discovered -> 1 selected
2026-08-18 08:22:58,568 INFO NBA backfill checkpoint processed=1/1 parsed=1 missing=0 http_failed=0 invalid_pdf=0 parse_failed=0
2026-08-18 08:22:59,543 INFO Suppressed 271 entries from older reports for games superseded by newer snapshots on 2019-03-08
2026-08-18 08:23:29,600 INFO Direct NBA day 80/306: 2019-03-09, 3 discovered -> 1 selected
2026-08-18 08:23:30,355 INFO NBA backfill checkpoint processed=1/1 parsed=1 missing=0 http_failed=0 invalid_pdf=0 parse_failed=0
2026-08-18 08:23:30,727 INFO Suppressed 33 entries from older reports for games superseded by newer snapshots on 2019-03-09
2026-08-18 08:24:00,277 INFO Direct NBA day 81/306: 2019-03-10, 3 discovered -> 1 selected
2026-08-18 08:24:01,031 INFO NBA backfill checkpoint processed=1/1 parsed=1 missing=0 http_failed=0 invalid_pdf=0 parse_failed=0
2026-08-18 08:24:01,606 INFO Suppressed 139 entries from older reports for games superseded by newer snapshots on 2019-03-10
2026-08-18 08:24:30,804 INFO Direct NBA day 82/306: 2019-03-11, 3 discovered -> 1 selected
2026-08-18 08:24:31,614 INFO NBA backfill checkpoint processed=1/1 parsed=1 missing=0 http_failed=0 invalid_pdf=0 parse_failed=0
2026-08-18 08:24:31,970 INFO Suppressed 29 entries from older reports for games superseded by newer snapshots on 2019-03-11
2026-08-18 08:25:01,575 INFO Direct NBA day 83/306: 2019-03-12, 3 discovered -> 1 selected
2026-08-18 08:25:02,344 INFO NBA backfill checkpoint processed=1/1 parsed=1 missing=0 http_failed=0 invalid_pdf=0 parse_failed=0
2026-08-18 08:25:02,969 INFO Suppressed 138 entries from older reports for games superseded by newer snapshots on 2019-03-12
2026-08-18 08:25:32,026 INFO Direct NBA day 84/306: 2019-03-13, 3 discovered -> 1 selected
2026-08-18 08:25:32,394 INFO Suppressed 41 entries from older reports for games superseded by newer snapshots on 2019-03-13
2026-08-18 08:26:01,525 INFO Direct NBA day 85/306: 2019-03-14, 3 discovered -> 1 selected
2026-08-18 08:26:02,254 INFO NBA backfill checkpoint processed=1/1 parsed=1 missing=0 http_failed=0 invalid_pdf=0 parse_failed=0
2026-08-18 08:26:02,842 INFO Suppressed 143 entries from older reports for games superseded by newer snapshots on 2019-03-14
2026-08-18 08:26:32,090 INFO Direct NBA day 86/306: 2019-03-15, 3 discovered -> 1 selected
2026-08-18 08:26:32,815 INFO NBA backfill checkpoint processed=1/1 parsed=1 missing=0 http_failed=0 invalid_pdf=0 parse_failed=0
2026-08-18 08:26:33,206 INFO Suppressed 59 entries from older reports for games superseded by newer snapshots on 2019-03-15
2026-08-18 08:27:02,312 INFO Direct NBA day 87/306: 2019-03-16, 3 discovered -> 1 selected
2026-08-18 08:27:02,962 INFO Suppressed 148 entries from older reports for games superseded by newer snapshots on 2019-03-16
2026-08-18 08:27:31,934 INFO Direct NBA day 88/306: 2019-03-17, 3 discovered -> 1 selected
2026-08-18 08:27:32,662 INFO NBA backfill checkpoint processed=1/1 parsed=1 missing=0 http_failed=0 invalid_pdf=0 parse_failed=0
2026-08-18 08:27:33,070 INFO Suppressed 53 entries from older reports for games superseded by newer snapshots on 2019-03-17
2026-08-18 08:28:02,337 INFO Direct NBA day 89/306: 2019-03-18, 3 discovered -> 1 selected
2026-08-18 08:28:02,733 INFO Suppressed 54 entries from older reports for games superseded by newer snapshots on 2019-03-18
2026-08-18 08:28:32,030 INFO Direct NBA day 90/306: 2019-03-19, 3 discovered -> 1 selected
2026-08-18 08:28:32,802 INFO NBA backfill checkpoint processed=1/1 parsed=1 missing=0 http_failed=0 invalid_pdf=0 parse_failed=0
2026-08-18 08:28:33,139 INFO Suppressed 40 entries from older reports for games superseded by newer snapshots on 2019-03-19
2026-08-18 08:29:02,630 INFO Direct NBA day 91/306: 2019-03-20, 3 discovered -> 1 selected
2026-08-18 08:29:03,279 INFO NBA backfill checkpoint processed=1/1 parsed=1 missing=0 http_failed=0 invalid_pdf=0 parse_failed=0
2026-08-18 08:29:03,913 INFO Suppressed 163 entries from older reports for games superseded by newer snapshots on 2019-03-20
2026-08-18 08:29:32,961 INFO Direct NBA day 92/306: 2019-03-21, 3 discovered -> 1 selected
2026-08-18 08:29:33,714 INFO NBA backfill checkpoint processed=1/1 parsed=1 missing=0 http_failed=0 invalid_pdf=0 parse_failed=0
2026-08-18 08:29:34,438 INFO Suppressed 188 entries from older reports for games superseded by newer snapshots on 2019-03-21
2026-08-18 08:30:03,655 INFO Direct NBA day 93/306: 2019-03-22, 3 discovered -> 1 selected
2026-08-18 08:30:04,409 INFO NBA backfill checkpoint processed=1/1 parsed=1 missing=0 http_failed=0 invalid_pdf=0 parse_failed=0
2026-08-18 08:30:04,773 INFO Suppressed 60 entries from older reports for games superseded by newer snapshots on 2019-03-22
2026-08-18 08:30:34,404 INFO Direct NBA day 94/306: 2019-03-23, 3 discovered -> 1 selected
2026-08-18 08:30:35,178 INFO NBA backfill checkpoint processed=1/1 parsed=1 missing=0 http_failed=0 invalid_pdf=0 parse_failed=0
2026-08-18 08:30:35,566 INFO Suppressed 55 entries from older reports for games superseded by newer snapshots on 2019-03-23
2026-08-18 08:31:04,692 INFO Direct NBA day 95/306: 2019-03-24, 3 discovered -> 1 selected
2026-08-18 08:31:05,521 INFO NBA backfill checkpoint processed=1/1 parsed=1 missing=0 http_failed=0 invalid_pdf=0 parse_failed=0
2026-08-18 08:31:05,874 INFO Suppressed 44 entries from older reports for games superseded by newer snapshots on 2019-03-24
2026-08-18 08:31:35,828 INFO Direct NBA day 96/306: 2019-03-25, 3 discovered -> 1 selected
2026-08-18 08:31:36,405 INFO Suppressed 115 entries from older reports for games superseded by newer snapshots on 2019-03-25
2026-08-18 08:32:05,999 INFO Direct NBA day 97/306: 2019-03-26, 3 discovered -> 1 selected
2026-08-18 08:32:06,756 INFO NBA backfill checkpoint processed=1/1 parsed=1 missing=0 http_failed=0 invalid_pdf=0 parse_failed=0
2026-08-18 08:32:07,151 INFO Suppressed 67 entries from older reports for games superseded by newer snapshots on 2019-03-26
2026-08-18 08:32:36,693 INFO Direct NBA day 98/306: 2019-03-27, 3 discovered -> 1 selected
2026-08-18 08:32:37,252 INFO Suppressed 119 entries from older reports for games superseded by newer snapshots on 2019-03-27
2026-08-18 08:33:06,477 INFO Direct NBA day 99/306: 2019-03-28, 3 discovered -> 1 selected
2026-08-18 08:33:07,296 INFO Suppressed 196 entries from older reports for games superseded by newer snapshots on 2019-03-28
2026-08-18 08:33:36,850 INFO Direct NBA day 100/306: 2019-03-29, 3 discovered -> 1 selected
2026-08-18 08:33:37,446 INFO Suppressed 110 entries from older reports for games superseded by newer snapshots on 2019-03-29
2026-08-18 08:34:06,804 INFO Direct NBA day 101/306: 2019-03-30, 3 discovered -> 1 selected
2026-08-18 08:34:07,568 INFO NBA backfill checkpoint processed=1/1 parsed=1 missing=0 http_failed=0 invalid_pdf=0 parse_failed=0
2026-08-18 08:34:07,969 INFO Suppressed 60 entries from older reports for games superseded by newer snapshots on 2019-03-30
2026-08-18 08:34:37,936 INFO Direct NBA day 102/306: 2019-03-31, 3 discovered -> 1 selected
2026-08-18 08:34:38,662 INFO NBA backfill checkpoint processed=1/1 parsed=1 missing=0 http_failed=0 invalid_pdf=0 parse_failed=0
2026-08-18 08:34:39,263 INFO Suppressed 134 entries from older reports for games superseded by newer snapshots on 2019-03-31
2026-08-18 08:35:08,994 INFO Direct NBA day 103/306: 2019-04-01, 3 discovered -> 1 selected
2026-08-18 08:35:09,564 INFO Suppressed 125 entries from older reports for games superseded by newer snapshots on 2019-04-01
2026-08-18 08:35:39,699 INFO Direct NBA day 104/306: 2019-04-02, 3 discovered -> 1 selected
2026-08-18 08:35:40,485 INFO Suppressed 172 entries from older reports for games superseded by newer snapshots on 2019-04-02
2026-08-18 08:36:10,137 INFO Direct NBA day 105/306: 2019-04-03, 3 discovered -> 1 selected
2026-08-18 08:36:10,597 INFO Suppressed 91 entries from older reports for games superseded by newer snapshots on 2019-04-03
2026-08-18 08:36:40,280 INFO Direct NBA day 106/306: 2019-04-04, 3 discovered -> 1 selected
2026-08-18 08:36:40,981 INFO Suppressed 166 entries from older reports for games superseded by newer snapshots on 2019-04-04
2026-08-18 08:37:10,590 INFO Direct NBA day 107/306: 2019-04-05, 3 discovered -> 1 selected
2026-08-18 08:37:11,663 INFO Suppressed 326 entries from older reports for games superseded by newer snapshots on 2019-04-05
2026-08-18 08:37:40,971 INFO Direct NBA day 108/306: 2019-04-06, 3 discovered -> 1 selected
2026-08-18 08:37:41,723 INFO NBA backfill checkpoint processed=1/1 parsed=1 missing=0 http_failed=0 invalid_pdf=0 parse_failed=0
2026-08-18 08:37:42,475 INFO Suppressed 169 entries from older reports for games superseded by newer snapshots on 2019-04-06
2026-08-18 08:38:12,250 INFO Direct NBA day 109/306: 2019-04-07, 3 discovered -> 1 selected
2026-08-18 08:38:12,798 INFO NBA backfill checkpoint processed=1/1 parsed=1 missing=0 http_failed=0 invalid_pdf=0 parse_failed=0
2026-08-18 08:38:13,572 INFO Suppressed 229 entries from older reports for games superseded by newer snapshots on 2019-04-07
2026-08-18 08:38:43,365 INFO Direct NBA day 110/306: 2019-04-08, 3 discovered -> 1 selected
2026-08-18 08:38:44,190 INFO NBA backfill checkpoint processed=1/1 parsed=1 missing=0 http_failed=0 invalid_pdf=0 parse_failed=0
2026-08-18 08:38:44,619 INFO Suppressed 87 entries from older reports for games superseded by newer snapshots on 2019-04-08
2026-08-18 08:39:15,139 INFO Direct NBA day 111/306: 2019-04-09, 3 discovered -> 1 selected
2026-08-18 08:39:15,632 INFO NBA backfill checkpoint processed=1/1 parsed=1 missing=0 http_failed=0 invalid_pdf=0 parse_failed=0
2026-08-18 08:39:16,100 INFO Suppressed 103 entries from older reports for games superseded by newer snapshots on 2019-04-09
2026-08-18 08:39:47,279 INFO Direct NBA day 112/306: 2019-04-10, 3 discovered -> 1 selected
2026-08-18 08:39:48,001 INFO NBA backfill checkpoint processed=1/1 parsed=1 missing=0 http_failed=0 invalid_pdf=0 parse_failed=0
2026-08-18 08:39:48,515 INFO Suppressed 131 entries from older reports for games superseded by newer snapshots on 2019-04-10
2026-08-18 08:40:14,978 INFO Direct NBA day 113/306: 2019-04-11, 0 discovered -> 0 selected
2026-08-18 08:40:44,111 INFO Direct NBA day 114/306: 2019-04-12, 3 discovered -> 1 selected
2026-08-18 08:40:45,133 INFO NBA backfill checkpoint processed=1/1 parsed=1 missing=0 http_failed=0 invalid_pdf=0 parse_failed=0
2026-08-18 08:40:45,427 INFO Suppressed 14 entries from older reports for games superseded by newer snapshots on 2019-04-12
2026-08-18 08:41:15,013 INFO Direct NBA day 115/306: 2019-04-13, 3 discovered -> 1 selected
2026-08-18 08:41:15,309 INFO Suppressed 14 entries from older reports for games superseded by newer snapshots on 2019-04-13
2026-08-18 08:41:44,121 INFO Direct NBA day 116/306: 2019-04-14, 3 discovered -> 1 selected
2026-08-18 08:41:45,118 INFO NBA backfill checkpoint processed=1/1 parsed=1 missing=0 http_failed=0 invalid_pdf=0 parse_failed=0
2026-08-18 08:41:45,508 INFO Suppressed 41 entries from older reports for games superseded by newer snapshots on 2019-04-14
2026-08-18 08:42:14,470 INFO Direct NBA day 117/306: 2019-04-15, 3 discovered -> 1 selected
2026-08-18 08:42:15,472 INFO NBA backfill checkpoint processed=1/1 parsed=1 missing=0 http_failed=0 invalid_pdf=0 parse_failed=0
2026-08-18 08:42:15,802 INFO Suppressed 24 entries from older reports for games superseded by newer snapshots on 2019-04-15
2026-08-18 08:42:44,916 INFO Direct NBA day 118/306: 2019-04-16, 3 discovered -> 1 selected
2026-08-18 08:42:45,890 INFO NBA backfill checkpoint processed=1/1 parsed=1 missing=0 http_failed=0 invalid_pdf=0 parse_failed=0
2026-08-18 08:42:46,166 INFO Suppressed 12 entries from older reports for games superseded by newer snapshots on 2019-04-16
2026-08-18 08:43:14,752 INFO Direct NBA day 119/306: 2019-04-17, 3 discovered -> 1 selected
2026-08-18 08:43:15,101 INFO Suppressed 30 entries from older reports for games superseded by newer snapshots on 2019-04-17
2026-08-18 08:43:43,811 INFO Direct NBA day 120/306: 2019-04-18, 3 discovered -> 1 selected
2026-08-18 08:43:44,811 INFO NBA backfill checkpoint processed=1/1 parsed=1 missing=0 http_failed=0 invalid_pdf=0 parse_failed=0
2026-08-18 08:43:45,138 INFO Suppressed 27 entries from older reports for games superseded by newer snapshots on 2019-04-18
2026-08-18 08:44:15,519 INFO Direct NBA day 121/306: 2019-04-19, 4 discovered -> 1 selected
2026-08-18 08:44:16,495 INFO NBA backfill checkpoint processed=1/1 parsed=1 missing=0 http_failed=0 invalid_pdf=0 parse_failed=0
2026-08-18 08:44:16,875 INFO Suppressed 38 entries from older reports for games superseded by newer snapshots on 2019-04-19
2026-08-18 08:44:46,624 INFO Direct NBA day 122/306: 2019-04-20, 3 discovered -> 1 selected
2026-08-18 08:44:47,608 INFO NBA backfill checkpoint processed=1/1 parsed=1 missing=0 http_failed=0 invalid_pdf=0 parse_failed=0
2026-08-18 08:44:47,900 INFO Suppressed 11 entries from older reports for games superseded by newer snapshots on 2019-04-20
2026-08-18 08:45:16,782 INFO Direct NBA day 123/306: 2019-04-21, 3 discovered -> 1 selected
2026-08-18 08:45:17,785 INFO NBA backfill checkpoint processed=1/1 parsed=1 missing=0 http_failed=0 invalid_pdf=0 parse_failed=0
2026-08-18 08:45:18,083 INFO Suppressed 15 entries from older reports for games superseded by newer snapshots on 2019-04-21
2026-08-18 08:45:47,529 INFO Direct NBA day 124/306: 2019-04-22, 3 discovered -> 1 selected
2026-08-18 08:45:47,826 INFO Suppressed 6 entries from older reports for games superseded by newer snapshots on 2019-04-22
2026-08-18 08:46:17,043 INFO Direct NBA day 125/306: 2019-04-23, 3 discovered -> 1 selected
2026-08-18 08:46:18,058 INFO NBA backfill checkpoint processed=1/1 parsed=1 missing=0 http_failed=0 invalid_pdf=0 parse_failed=0
2026-08-18 08:46:18,363 INFO Suppressed 16 entries from older reports for games superseded by newer snapshots on 2019-04-23
2026-08-18 08:46:47,584 INFO Direct NBA day 126/306: 2019-04-24, 3 discovered -> 1 selected
2026-08-18 08:46:48,630 INFO NBA backfill checkpoint processed=1/1 parsed=1 missing=0 http_failed=0 invalid_pdf=0 parse_failed=0
2026-08-18 08:46:48,896 INFO Suppressed 3 entries from older reports for games superseded by newer snapshots on 2019-04-24
2026-08-18 08:47:18,175 INFO Direct NBA day 127/306: 2019-04-25, 3 discovered -> 1 selected
2026-08-18 08:47:19,246 INFO NBA backfill checkpoint processed=1/1 parsed=1 missing=0 http_failed=0 invalid_pdf=0 parse_failed=0
2026-08-18 08:47:19,522 INFO Suppressed 2 entries from older reports for games superseded by newer snapshots on 2019-04-25
2026-08-18 08:47:48,183 INFO Direct NBA day 128/306: 2019-04-26, 3 discovered -> 1 selected
2026-08-18 08:47:49,224 INFO NBA backfill checkpoint processed=1/1 parsed=1 missing=0 http_failed=0 invalid_pdf=0 parse_failed=0
2026-08-18 08:47:49,515 INFO Suppressed 10 entries from older reports for games superseded by newer snapshots on 2019-04-26
2026-08-18 08:48:18,238 INFO Direct NBA day 129/306: 2019-04-27, 3 discovered -> 1 selected
2026-08-18 08:48:19,262 INFO NBA backfill checkpoint processed=1/1 parsed=1 missing=0 http_failed=0 invalid_pdf=0 parse_failed=0
2026-08-18 08:48:19,532 INFO Suppressed 6 entries from older reports for games superseded by newer snapshots on 2019-04-27
2026-08-18 08:48:48,286 INFO Direct NBA day 130/306: 2019-04-28, 3 discovered -> 1 selected
2026-08-18 08:48:49,279 INFO NBA backfill checkpoint processed=1/1 parsed=1 missing=0 http_failed=0 invalid_pdf=0 parse_failed=0
2026-08-18 08:48:49,593 INFO Suppressed 22 entries from older reports for games superseded by newer snapshots on 2019-04-28
2026-08-18 08:49:19,056 INFO Direct NBA day 131/306: 2019-04-29, 3 discovered -> 1 selected
2026-08-18 08:49:20,073 INFO NBA backfill checkpoint processed=1/1 parsed=1 missing=0 http_failed=0 invalid_pdf=0 parse_failed=0
2026-08-18 08:49:20,345 INFO Suppressed 6 entries from older reports for games superseded by newer snapshots on 2019-04-29
2026-08-18 08:49:49,089 INFO Direct NBA day 132/306: 2019-04-30, 3 discovered -> 1 selected
2026-08-18 08:49:50,148 INFO NBA backfill checkpoint processed=1/1 parsed=1 missing=0 http_failed=0 invalid_pdf=0 parse_failed=0
2026-08-18 08:49:50,427 INFO Suppressed 9 entries from older reports for games superseded by newer snapshots on 2019-04-30
2026-08-18 08:50:19,464 INFO Direct NBA day 133/306: 2019-05-01, 3 discovered -> 1 selected
2026-08-18 08:50:20,500 INFO NBA backfill checkpoint processed=1/1 parsed=1 missing=0 http_failed=0 invalid_pdf=0 parse_failed=0
2026-08-18 08:50:20,786 INFO Suppressed 9 entries from older reports for games superseded by newer snapshots on 2019-05-01
2026-08-18 08:50:50,170 INFO Direct NBA day 134/306: 2019-05-02, 3 discovered -> 1 selected
2026-08-18 08:50:51,194 INFO NBA backfill checkpoint processed=1/1 parsed=1 missing=0 http_failed=0 invalid_pdf=0 parse_failed=0
2026-08-18 08:50:51,492 INFO Suppressed 16 entries from older reports for games superseded by newer snapshots on 2019-05-02
2026-08-18 08:51:20,677 INFO Direct NBA day 135/306: 2019-05-03, 3 discovered -> 1 selected
2026-08-18 08:51:21,739 INFO NBA backfill checkpoint processed=1/1 parsed=1 missing=0 http_failed=0 invalid_pdf=0 parse_failed=0
2026-08-18 08:51:22,014 INFO Suppressed 7 entries from older reports for games superseded by newer snapshots on 2019-05-03
2026-08-18 08:51:51,580 INFO Direct NBA day 136/306: 2019-05-04, 3 discovered -> 1 selected
2026-08-18 08:51:52,601 INFO NBA backfill checkpoint processed=1/1 parsed=1 missing=0 http_failed=0 invalid_pdf=0 parse_failed=0
2026-08-18 08:51:52,862 INFO Suppressed 2 entries from older reports for games superseded by newer snapshots on 2019-05-04
2026-08-18 08:52:21,946 INFO Direct NBA day 137/306: 2019-05-05, 3 discovered -> 1 selected
2026-08-18 08:52:23,052 INFO NBA backfill checkpoint processed=1/1 parsed=1 missing=0 http_failed=0 invalid_pdf=0 parse_failed=0
2026-08-18 08:52:23,358 INFO Suppressed 7 entries from older reports for games superseded by newer snapshots on 2019-05-05
2026-08-18 08:52:52,562 INFO Direct NBA day 138/306: 2019-05-06, 3 discovered -> 1 selected
2026-08-18 08:52:53,680 INFO NBA backfill checkpoint processed=1/1 parsed=1 missing=0 http_failed=0 invalid_pdf=0 parse_failed=0
2026-08-18 08:52:53,955 INFO Suppressed 7 entries from older reports for games superseded by newer snapshots on 2019-05-06
2026-08-18 08:53:23,263 INFO Direct NBA day 139/306: 2019-05-07, 3 discovered -> 1 selected
2026-08-18 08:53:23,531 INFO Suppressed 5 entries from older reports for games superseded by newer snapshots on 2019-05-07
2026-08-18 08:53:52,369 INFO Direct NBA day 140/306: 2019-05-08, 3 discovered -> 1 selected
2026-08-18 08:53:53,389 INFO NBA backfill checkpoint processed=1/1 parsed=1 missing=0 http_failed=0 invalid_pdf=0 parse_failed=0
2026-08-18 08:53:53,696 INFO Suppressed 8 entries from older reports for games superseded by newer snapshots on 2019-05-08
2026-08-18 08:54:22,205 INFO Direct NBA day 141/306: 2019-05-09, 3 discovered -> 1 selected
2026-08-18 08:54:23,234 INFO NBA backfill checkpoint processed=1/1 parsed=1 missing=0 http_failed=0 invalid_pdf=0 parse_failed=0
2026-08-18 08:54:23,506 INFO Suppressed 5 entries from older reports for games superseded by newer snapshots on 2019-05-09
2026-08-18 08:54:52,327 INFO Direct NBA day 142/306: 2019-05-10, 3 discovered -> 1 selected
2026-08-18 08:54:53,365 INFO NBA backfill checkpoint processed=1/1 parsed=1 missing=0 http_failed=0 invalid_pdf=0 parse_failed=0
2026-08-18 08:54:53,639 INFO Suppressed 3 entries from older reports for games superseded by newer snapshots on 2019-05-10
2026-08-18 08:55:22,459 INFO Skipped non-substantive snapshot (no date/matchup pairs): timestamp=2019-05-11T13:30:00 source_url=https://ak-static.cms.nba.com/referee/injury/Injury-Report_2019-05-11_01PM.pdf
2026-08-18 08:55:22,486 INFO Direct NBA day 143/306: 2019-05-11, 3 discovered -> 1 selected
2026-08-18 08:55:23,565 INFO NBA backfill checkpoint processed=1/1 parsed=1 missing=0 http_failed=0 invalid_pdf=0 parse_failed=0
2026-08-18 08:55:52,676 INFO Direct NBA day 144/306: 2019-05-12, 3 discovered -> 1 selected
2026-08-18 08:55:53,723 INFO NBA backfill checkpoint processed=1/1 parsed=1 missing=0 http_failed=0 invalid_pdf=0 parse_failed=0
2026-08-18 08:55:54,014 INFO Suppressed 5 entries from older reports for games superseded by newer snapshots on 2019-05-12
2026-08-18 08:56:22,963 INFO Skipped non-substantive snapshot (no date/matchup pairs): timestamp=2019-05-13T13:30:00 source_url=https://ak-static.cms.nba.com/referee/injury/Injury-Report_2019-05-13_01PM.pdf
2026-08-18 08:56:22,971 INFO Skipped non-substantive snapshot (no date/matchup pairs): timestamp=2019-05-13T17:30:00 source_url=https://ak-static.cms.nba.com/referee/injury/Injury-Report_2019-05-13_05PM.pdf
2026-08-18 08:56:22,983 INFO Direct NBA day 145/306: 2019-05-13, 3 discovered -> 1 selected
2026-08-18 08:56:52,436 INFO Direct NBA day 146/306: 2019-05-14, 3 discovered -> 1 selected
2026-08-18 08:56:52,732 INFO Suppressed 16 entries from older reports for games superseded by newer snapshots on 2019-05-14
2026-08-18 08:57:21,770 INFO Direct NBA day 147/306: 2019-05-15, 3 discovered -> 1 selected
2026-08-18 08:57:22,801 INFO NBA backfill checkpoint processed=1/1 parsed=1 missing=0 http_failed=0 invalid_pdf=0 parse_failed=0
2026-08-18 08:57:23,124 INFO Suppressed 15 entries from older reports for games superseded by newer snapshots on 2019-05-15
2026-08-18 08:57:52,197 INFO Direct NBA day 148/306: 2019-05-16, 3 discovered -> 1 selected
2026-08-18 08:57:53,228 INFO NBA backfill checkpoint processed=1/1 parsed=1 missing=0 http_failed=0 invalid_pdf=0 parse_failed=0
2026-08-18 08:57:53,491 INFO Suppressed 4 entries from older reports for games superseded by newer snapshots on 2019-05-16
2026-08-18 08:58:22,221 INFO Direct NBA day 149/306: 2019-05-17, 3 discovered -> 1 selected
2026-08-18 08:58:23,267 INFO NBA backfill checkpoint processed=1/1 parsed=1 missing=0 http_failed=0 invalid_pdf=0 parse_failed=0
2026-08-18 08:58:23,538 INFO Suppressed 5 entries from older reports for games superseded by newer snapshots on 2019-05-17
2026-08-18 08:58:52,478 INFO Direct NBA day 150/306: 2019-05-18, 3 discovered -> 1 selected
2026-08-18 08:58:53,512 INFO NBA backfill checkpoint processed=1/1 parsed=1 missing=0 http_failed=0 invalid_pdf=0 parse_failed=0
2026-08-18 08:58:53,774 INFO Suppressed 3 entries from older reports for games superseded by newer snapshots on 2019-05-18
2026-08-18 08:59:22,775 INFO Direct NBA day 151/306: 2019-05-19, 3 discovered -> 1 selected
2026-08-18 08:59:23,796 INFO NBA backfill checkpoint processed=1/1 parsed=1 missing=0 http_failed=0 invalid_pdf=0 parse_failed=0
2026-08-18 08:59:24,061 INFO Suppressed 5 entries from older reports for games superseded by newer snapshots on 2019-05-19
2026-08-18 08:59:53,239 INFO Direct NBA day 152/306: 2019-05-20, 3 discovered -> 1 selected
2026-08-18 08:59:54,272 INFO NBA backfill checkpoint processed=1/1 parsed=1 missing=0 http_failed=0 invalid_pdf=0 parse_failed=0
2026-08-18 08:59:54,555 INFO Suppressed 14 entries from older reports for games superseded by newer snapshots on 2019-05-20
2026-08-18 09:00:23,670 INFO Direct NBA day 153/306: 2019-05-21, 3 discovered -> 1 selected
2026-08-18 09:00:24,710 INFO NBA backfill checkpoint processed=1/1 parsed=1 missing=0 http_failed=0 invalid_pdf=0 parse_failed=0
2026-08-18 09:00:24,976 INFO Suppressed 6 entries from older reports for games superseded by newer snapshots on 2019-05-21
2026-08-18 09:00:53,450 INFO Skipped non-substantive snapshot (no date/matchup pairs): timestamp=2019-05-22T13:30:00 source_url=https://ak-static.cms.nba.com/referee/injury/Injury-Report_2019-05-22_01PM.pdf
2026-08-18 09:00:53,476 INFO Direct NBA day 154/306: 2019-05-22, 3 discovered -> 1 selected
2026-08-18 09:00:54,557 INFO NBA backfill checkpoint processed=1/1 parsed=1 missing=0 http_failed=0 invalid_pdf=0 parse_failed=0
2026-08-18 09:01:24,144 INFO Direct NBA day 155/306: 2019-05-23, 3 discovered -> 1 selected
2026-08-18 09:01:25,187 INFO NBA backfill checkpoint processed=1/1 parsed=1 missing=0 http_failed=0 invalid_pdf=0 parse_failed=0
2026-08-18 09:01:25,469 INFO Suppressed 10 entries from older reports for games superseded by newer snapshots on 2019-05-23
2026-08-18 09:01:55,114 INFO Direct NBA day 156/306: 2019-05-24, 3 discovered -> 1 selected
2026-08-18 09:01:56,165 INFO NBA backfill checkpoint processed=1/1 parsed=1 missing=0 http_failed=0 invalid_pdf=0 parse_failed=0
2026-08-18 09:02:25,540 INFO Direct NBA day 157/306: 2019-05-25, 3 discovered -> 1 selected
2026-08-18 09:02:26,572 INFO NBA backfill checkpoint processed=1/1 parsed=1 missing=0 http_failed=0 invalid_pdf=0 parse_failed=0
2026-08-18 09:02:26,857 INFO Suppressed 5 entries from older reports for games superseded by newer snapshots on 2019-05-25
2026-08-18 09:02:53,202 INFO Direct NBA day 158/306: 2019-05-26, 0 discovered -> 0 selected
2026-08-18 09:03:19,996 INFO Direct NBA day 159/306: 2019-05-27, 0 discovered -> 0 selected
2026-08-18 09:03:46,379 INFO Direct NBA day 160/306: 2019-05-28, 0 discovered -> 0 selected
2026-08-18 09:04:14,950 INFO Skipped non-substantive snapshot (no date/matchup pairs): timestamp=2019-05-29T13:30:00 source_url=https://ak-static.cms.nba.com/referee/injury/Injury-Report_2019-05-29_01PM.pdf
2026-08-18 09:04:14,976 INFO Direct NBA day 161/306: 2019-05-29, 3 discovered -> 1 selected
2026-08-18 09:04:16,020 INFO NBA backfill checkpoint processed=1/1 parsed=1 missing=0 http_failed=0 invalid_pdf=0 parse_failed=0
2026-08-18 09:04:45,791 INFO Direct NBA day 162/306: 2019-05-30, 3 discovered -> 1 selected
2026-08-18 09:04:46,835 INFO NBA backfill checkpoint processed=1/1 parsed=1 missing=0 http_failed=0 invalid_pdf=0 parse_failed=0
2026-08-18 09:04:47,108 INFO Suppressed 8 entries from older reports for games superseded by newer snapshots on 2019-05-30
2026-08-18 09:05:13,430 INFO Direct NBA day 163/306: 2019-05-31, 0 discovered -> 0 selected
2026-08-18 09:05:42,015 INFO Skipped non-substantive snapshot (no date/matchup pairs): timestamp=2019-06-01T13:30:00 source_url=https://ak-static.cms.nba.com/referee/injury/Injury-Report_2019-06-01_01PM.pdf
2026-08-18 09:05:42,037 INFO Direct NBA day 164/306: 2019-06-01, 3 discovered -> 1 selected
2026-08-18 09:05:42,299 INFO Suppressed 3 entries from older reports for games superseded by newer snapshots on 2019-06-01
2026-08-18 09:06:11,211 INFO Direct NBA day 165/306: 2019-06-02, 3 discovered -> 1 selected
2026-08-18 09:06:12,259 INFO NBA backfill checkpoint processed=1/1 parsed=1 missing=0 http_failed=0 invalid_pdf=0 parse_failed=0
2026-08-18 09:06:12,523 INFO Suppressed 3 entries from older reports for games superseded by newer snapshots on 2019-06-02
2026-08-18 09:06:39,904 INFO Direct NBA day 166/306: 2019-06-03, 0 discovered -> 0 selected
2026-08-18 09:07:09,475 INFO Skipped non-substantive snapshot (no date/matchup pairs): timestamp=2019-06-04T13:30:00 source_url=https://ak-static.cms.nba.com/referee/injury/Injury-Report_2019-06-04_01PM.pdf
2026-08-18 09:07:09,485 INFO Skipped non-substantive snapshot (no date/matchup pairs): timestamp=2019-06-04T17:30:00 source_url=https://ak-static.cms.nba.com/referee/injury/Injury-Report_2019-06-04_05PM.pdf
2026-08-18 09:07:09,496 INFO Direct NBA day 167/306: 2019-06-04, 3 discovered -> 1 selected
2026-08-18 09:07:10,550 INFO NBA backfill checkpoint processed=1/1 parsed=1 missing=0 http_failed=0 invalid_pdf=0 parse_failed=0
2026-08-18 09:07:39,706 INFO Direct NBA day 168/306: 2019-06-05, 3 discovered -> 1 selected
2026-08-18 09:07:40,751 INFO NBA backfill checkpoint processed=1/1 parsed=1 missing=0 http_failed=0 invalid_pdf=0 parse_failed=0
2026-08-18 09:07:41,037 INFO Suppressed 8 entries from older reports for games superseded by newer snapshots on 2019-06-05
2026-08-18 09:08:09,622 INFO Skipped non-substantive snapshot (no date/matchup pairs): timestamp=2019-06-06T13:30:00 source_url=https://ak-static.cms.nba.com/referee/injury/Injury-Report_2019-06-06_01PM.pdf
2026-08-18 09:08:09,633 INFO Skipped non-substantive snapshot (no date/matchup pairs): timestamp=2019-06-06T17:30:00 source_url=https://ak-static.cms.nba.com/referee/injury/Injury-Report_2019-06-06_05PM.pdf
2026-08-18 09:08:09,646 INFO Direct NBA day 169/306: 2019-06-06, 3 discovered -> 1 selected
2026-08-18 09:08:38,803 INFO Direct NBA day 170/306: 2019-06-07, 3 discovered -> 1 selected
2026-08-18 09:08:39,879 INFO NBA backfill checkpoint processed=1/1 parsed=1 missing=0 http_failed=0 invalid_pdf=0 parse_failed=0
2026-08-18 09:08:40,150 INFO Suppressed 4 entries from older reports for games superseded by newer snapshots on 2019-06-07
2026-08-18 09:09:06,469 INFO Direct NBA day 171/306: 2019-06-08, 0 discovered -> 0 selected
2026-08-18 09:09:35,349 INFO Direct NBA day 172/306: 2019-06-09, 3 discovered -> 1 selected
2026-08-18 09:09:36,416 INFO NBA backfill checkpoint processed=1/1 parsed=1 missing=0 http_failed=0 invalid_pdf=0 parse_failed=0
2026-08-18 09:10:06,263 INFO Direct NBA day 173/306: 2019-06-10, 3 discovered -> 1 selected
2026-08-18 09:10:07,305 INFO NBA backfill checkpoint processed=1/1 parsed=1 missing=0 http_failed=0 invalid_pdf=0 parse_failed=0
2026-08-18 09:10:07,583 INFO Suppressed 4 entries from older reports for games superseded by newer snapshots on 2019-06-10
2026-08-18 09:10:33,702 INFO Direct NBA day 174/306: 2019-06-11, 0 discovered -> 0 selected
2026-08-18 09:11:02,826 INFO Skipped non-substantive snapshot (no date/matchup pairs): timestamp=2019-06-12T13:30:00 source_url=https://ak-static.cms.nba.com/referee/injury/Injury-Report_2019-06-12_01PM.pdf
2026-08-18 09:11:02,836 INFO Skipped non-substantive snapshot (no date/matchup pairs): timestamp=2019-06-12T17:30:00 source_url=https://ak-static.cms.nba.com/referee/injury/Injury-Report_2019-06-12_05PM.pdf
2026-08-18 09:11:02,847 INFO Direct NBA day 175/306: 2019-06-12, 3 discovered -> 1 selected
2026-08-18 09:11:03,899 INFO NBA backfill checkpoint processed=1/1 parsed=1 missing=0 http_failed=0 invalid_pdf=0 parse_failed=0
2026-08-18 09:11:33,240 INFO Direct NBA day 176/306: 2019-06-13, 3 discovered -> 1 selected
2026-08-18 09:11:34,293 INFO NBA backfill checkpoint processed=1/1 parsed=1 missing=0 http_failed=0 invalid_pdf=0 parse_failed=0
2026-08-18 09:11:34,558 INFO Suppressed 3 entries from older reports for games superseded by newer snapshots on 2019-06-13
2026-08-18 09:12:00,791 INFO Direct NBA day 177/306: 2019-06-14, 0 discovered -> 0 selected
2026-08-18 09:12:27,294 INFO Direct NBA day 178/306: 2019-06-15, 0 discovered -> 0 selected
2026-08-18 09:12:53,738 INFO Direct NBA day 179/306: 2019-06-16, 0 discovered -> 0 selected
2026-08-18 09:13:19,577 INFO Direct NBA day 180/306: 2019-06-17, 0 discovered -> 0 selected
2026-08-18 09:13:45,802 INFO Direct NBA day 181/306: 2019-06-18, 0 discovered -> 0 selected
2026-08-18 09:14:11,997 INFO Direct NBA day 182/306: 2019-06-19, 0 discovered -> 0 selected
2026-08-18 09:14:37,750 INFO Direct NBA day 183/306: 2019-06-20, 0 discovered -> 0 selected
2026-08-18 09:15:03,686 INFO Direct NBA day 184/306: 2019-06-21, 0 discovered -> 0 selected
2026-08-18 09:15:29,819 INFO Direct NBA day 185/306: 2019-06-22, 0 discovered -> 0 selected
2026-08-18 09:15:55,504 INFO Direct NBA day 186/306: 2019-06-23, 0 discovered -> 0 selected
2026-08-18 09:16:21,803 INFO Direct NBA day 187/306: 2019-06-24, 0 discovered -> 0 selected
2026-08-18 09:16:47,646 INFO Direct NBA day 188/306: 2019-06-25, 0 discovered -> 0 selected
2026-08-18 09:17:13,823 INFO Direct NBA day 189/306: 2019-06-26, 0 discovered -> 0 selected
2026-08-18 09:17:39,887 INFO Direct NBA day 190/306: 2019-06-27, 0 discovered -> 0 selected
2026-08-18 09:18:06,387 INFO Direct NBA day 191/306: 2019-06-28, 0 discovered -> 0 selected
2026-08-18 09:18:32,474 INFO Direct NBA day 192/306: 2019-06-29, 0 discovered -> 0 selected
2026-08-18 09:19:01,166 INFO Skipped non-substantive snapshot (no date/matchup pairs): timestamp=2019-06-30T13:30:00 source_url=https://ak-static.cms.nba.com/referee/injury/Injury-Report_2019-06-30_01PM.pdf
2026-08-18 09:19:01,181 INFO Skipped non-substantive snapshot (no date/matchup pairs): timestamp=2019-06-30T17:30:00 source_url=https://ak-static.cms.nba.com/referee/injury/Injury-Report_2019-06-30_05PM.pdf
2026-08-18 09:19:01,191 INFO Skipped non-substantive snapshot (no date/matchup pairs): timestamp=2019-06-30T20:30:00 source_url=https://ak-static.cms.nba.com/referee/injury/Injury-Report_2019-06-30_08PM.pdf
2026-08-18 09:19:01,191 INFO Direct NBA day 193/306: 2019-06-30, 3 discovered -> 0 selected
2026-08-18 09:19:30,003 INFO Skipped non-substantive snapshot (no date/matchup pairs): timestamp=2019-07-01T13:30:00 source_url=https://ak-static.cms.nba.com/referee/injury/Injury-Report_2019-07-01_01PM.pdf
2026-08-18 09:19:30,018 INFO Skipped non-substantive snapshot (no date/matchup pairs): timestamp=2019-07-01T17:30:00 source_url=https://ak-static.cms.nba.com/referee/injury/Injury-Report_2019-07-01_05PM.pdf
2026-08-18 09:19:30,033 INFO Skipped non-substantive snapshot (no date/matchup pairs): timestamp=2019-07-01T20:30:00 source_url=https://ak-static.cms.nba.com/referee/injury/Injury-Report_2019-07-01_08PM.pdf
2026-08-18 09:19:30,033 INFO Direct NBA day 194/306: 2019-07-01, 3 discovered -> 0 selected
2026-08-18 09:19:58,595 INFO Skipped non-substantive snapshot (no date/matchup pairs): timestamp=2019-07-02T13:30:00 source_url=https://ak-static.cms.nba.com/referee/injury/Injury-Report_2019-07-02_01PM.pdf
2026-08-18 09:19:58,609 INFO Skipped non-substantive snapshot (no date/matchup pairs): timestamp=2019-07-02T17:30:00 source_url=https://ak-static.cms.nba.com/referee/injury/Injury-Report_2019-07-02_05PM.pdf
2026-08-18 09:19:58,624 INFO Skipped non-substantive snapshot (no date/matchup pairs): timestamp=2019-07-02T20:30:00 source_url=https://ak-static.cms.nba.com/referee/injury/Injury-Report_2019-07-02_08PM.pdf
2026-08-18 09:19:58,624 INFO Direct NBA day 195/306: 2019-07-02, 3 discovered -> 0 selected
2026-08-18 09:20:27,338 INFO Skipped non-substantive snapshot (no date/matchup pairs): timestamp=2019-07-03T13:30:00 source_url=https://ak-static.cms.nba.com/referee/injury/Injury-Report_2019-07-03_01PM.pdf
2026-08-18 09:20:27,350 INFO Skipped non-substantive snapshot (no date/matchup pairs): timestamp=2019-07-03T17:30:00 source_url=https://ak-static.cms.nba.com/referee/injury/Injury-Report_2019-07-03_05PM.pdf
2026-08-18 09:20:27,361 INFO Skipped non-substantive snapshot (no date/matchup pairs): timestamp=2019-07-03T20:30:00 source_url=https://ak-static.cms.nba.com/referee/injury/Injury-Report_2019-07-03_08PM.pdf
2026-08-18 09:20:27,361 INFO Direct NBA day 196/306: 2019-07-03, 3 discovered -> 0 selected
2026-08-18 09:20:56,253 INFO Skipped non-substantive snapshot (no date/matchup pairs): timestamp=2019-07-04T13:30:00 source_url=https://ak-static.cms.nba.com/referee/injury/Injury-Report_2019-07-04_01PM.pdf
2026-08-18 09:20:56,277 INFO Skipped non-substantive snapshot (no date/matchup pairs): timestamp=2019-07-04T17:30:00 source_url=https://ak-static.cms.nba.com/referee/injury/Injury-Report_2019-07-04_05PM.pdf
2026-08-18 09:20:56,298 INFO Skipped non-substantive snapshot (no date/matchup pairs): timestamp=2019-07-04T20:30:00 source_url=https://ak-static.cms.nba.com/referee/injury/Injury-Report_2019-07-04_08PM.pdf
2026-08-18 09:20:56,298 INFO Direct NBA day 197/306: 2019-07-04, 3 discovered -> 0 selected
2026-08-18 09:21:25,122 INFO Skipped non-substantive snapshot (no date/matchup pairs): timestamp=2019-07-05T13:30:00 source_url=https://ak-static.cms.nba.com/referee/injury/Injury-Report_2019-07-05_01PM.pdf
2026-08-18 09:21:25,163 INFO Skipped non-substantive snapshot (no date/matchup pairs): timestamp=2019-07-05T17:30:00 source_url=https://ak-static.cms.nba.com/referee/injury/Injury-Report_2019-07-05_05PM.pdf
2026-08-18 09:21:25,205 INFO Skipped non-substantive snapshot (no date/matchup pairs): timestamp=2019-07-05T20:30:00 source_url=https://ak-static.cms.nba.com/referee/injury/Injury-Report_2019-07-05_08PM.pdf
2026-08-18 09:21:25,205 INFO Direct NBA day 198/306: 2019-07-05, 3 discovered -> 0 selected
2026-08-18 09:21:53,954 INFO Skipped non-substantive snapshot (no date/matchup pairs): timestamp=2019-07-06T13:30:00 source_url=https://ak-static.cms.nba.com/referee/injury/Injury-Report_2019-07-06_01PM.pdf
2026-08-18 09:21:53,998 INFO Skipped non-substantive snapshot (no date/matchup pairs): timestamp=2019-07-06T17:30:00 source_url=https://ak-static.cms.nba.com/referee/injury/Injury-Report_2019-07-06_05PM.pdf
2026-08-18 09:21:54,041 INFO Skipped non-substantive snapshot (no date/matchup pairs): timestamp=2019-07-06T20:30:00 source_url=https://ak-static.cms.nba.com/referee/injury/Injury-Report_2019-07-06_08PM.pdf
2026-08-18 09:21:54,042 INFO Direct NBA day 199/306: 2019-07-06, 3 discovered -> 0 selected
2026-08-18 09:22:23,093 INFO Skipped non-substantive snapshot (no date/matchup pairs): timestamp=2019-07-07T13:30:00 source_url=https://ak-static.cms.nba.com/referee/injury/Injury-Report_2019-07-07_01PM.pdf
2026-08-18 09:22:23,140 INFO Skipped non-substantive snapshot (no date/matchup pairs): timestamp=2019-07-07T17:30:00 source_url=https://ak-static.cms.nba.com/referee/injury/Injury-Report_2019-07-07_05PM.pdf
2026-08-18 09:22:23,186 INFO Skipped non-substantive snapshot (no date/matchup pairs): timestamp=2019-07-07T20:30:00 source_url=https://ak-static.cms.nba.com/referee/injury/Injury-Report_2019-07-07_08PM.pdf
2026-08-18 09:22:23,186 INFO Direct NBA day 200/306: 2019-07-07, 3 discovered -> 0 selected
2026-08-18 09:22:52,523 INFO Skipped non-substantive snapshot (no date/matchup pairs): timestamp=2019-07-08T13:30:00 source_url=https://ak-static.cms.nba.com/referee/injury/Injury-Report_2019-07-08_01PM.pdf
2026-08-18 09:22:52,567 INFO Skipped non-substantive snapshot (no date/matchup pairs): timestamp=2019-07-08T17:30:00 source_url=https://ak-static.cms.nba.com/referee/injury/Injury-Report_2019-07-08_05PM.pdf
2026-08-18 09:22:52,611 INFO Skipped non-substantive snapshot (no date/matchup pairs): timestamp=2019-07-08T20:30:00 source_url=https://ak-static.cms.nba.com/referee/injury/Injury-Report_2019-07-08_08PM.pdf
2026-08-18 09:22:52,611 INFO Direct NBA day 201/306: 2019-07-08, 3 discovered -> 0 selected
2026-08-18 09:23:21,653 INFO Skipped non-substantive snapshot (no date/matchup pairs): timestamp=2019-07-09T13:30:00 source_url=https://ak-static.cms.nba.com/referee/injury/Injury-Report_2019-07-09_01PM.pdf
2026-08-18 09:23:21,694 INFO Skipped non-substantive snapshot (no date/matchup pairs): timestamp=2019-07-09T17:30:00 source_url=https://ak-static.cms.nba.com/referee/injury/Injury-Report_2019-07-09_05PM.pdf
2026-08-18 09:23:21,736 INFO Skipped non-substantive snapshot (no date/matchup pairs): timestamp=2019-07-09T20:30:00 source_url=https://ak-static.cms.nba.com/referee/injury/Injury-Report_2019-07-09_08PM.pdf
2026-08-18 09:23:21,736 INFO Direct NBA day 202/306: 2019-07-09, 3 discovered -> 0 selected
2026-08-18 09:23:50,501 INFO Skipped non-substantive snapshot (no date/matchup pairs): timestamp=2019-07-10T13:30:00 source_url=https://ak-static.cms.nba.com/referee/injury/Injury-Report_2019-07-10_01PM.pdf
2026-08-18 09:23:50,539 INFO Skipped non-substantive snapshot (no date/matchup pairs): timestamp=2019-07-10T17:30:00 source_url=https://ak-static.cms.nba.com/referee/injury/Injury-Report_2019-07-10_05PM.pdf
2026-08-18 09:23:50,623 INFO Skipped non-substantive snapshot (no date/matchup pairs): timestamp=2019-07-10T20:30:00 source_url=https://ak-static.cms.nba.com/referee/injury/Injury-Report_2019-07-10_08PM.pdf
2026-08-18 09:23:50,623 INFO Direct NBA day 203/306: 2019-07-10, 3 discovered -> 0 selected
2026-08-18 09:24:19,391 INFO Skipped non-substantive snapshot (no date/matchup pairs): timestamp=2019-07-11T13:30:00 source_url=https://ak-static.cms.nba.com/referee/injury/Injury-Report_2019-07-11_01PM.pdf
2026-08-18 09:24:19,411 INFO Skipped non-substantive snapshot (no date/matchup pairs): timestamp=2019-07-11T17:30:00 source_url=https://ak-static.cms.nba.com/referee/injury/Injury-Report_2019-07-11_05PM.pdf
2026-08-18 09:24:19,428 INFO Skipped non-substantive snapshot (no date/matchup pairs): timestamp=2019-07-11T20:30:00 source_url=https://ak-static.cms.nba.com/referee/injury/Injury-Report_2019-07-11_08PM.pdf
2026-08-18 09:24:19,428 INFO Direct NBA day 204/306: 2019-07-11, 3 discovered -> 0 selected
2026-08-18 09:24:48,140 INFO Skipped non-substantive snapshot (no date/matchup pairs): timestamp=2019-07-12T13:30:00 source_url=https://ak-static.cms.nba.com/referee/injury/Injury-Report_2019-07-12_01PM.pdf
2026-08-18 09:24:48,177 INFO Skipped non-substantive snapshot (no date/matchup pairs): timestamp=2019-07-12T17:30:00 source_url=https://ak-static.cms.nba.com/referee/injury/Injury-Report_2019-07-12_05PM.pdf
2026-08-18 09:24:48,215 INFO Skipped non-substantive snapshot (no date/matchup pairs): timestamp=2019-07-12T20:30:00 source_url=https://ak-static.cms.nba.com/referee/injury/Injury-Report_2019-07-12_08PM.pdf
2026-08-18 09:24:48,215 INFO Direct NBA day 205/306: 2019-07-12, 3 discovered -> 0 selected
2026-08-18 09:25:17,238 INFO Skipped non-substantive snapshot (no date/matchup pairs): timestamp=2019-07-13T13:30:00 source_url=https://ak-static.cms.nba.com/referee/injury/Injury-Report_2019-07-13_01PM.pdf
2026-08-18 09:25:17,260 INFO Skipped non-substantive snapshot (no date/matchup pairs): timestamp=2019-07-13T17:30:00 source_url=https://ak-static.cms.nba.com/referee/injury/Injury-Report_2019-07-13_05PM.pdf
2026-08-18 09:25:17,282 INFO Skipped non-substantive snapshot (no date/matchup pairs): timestamp=2019-07-13T20:30:00 source_url=https://ak-static.cms.nba.com/referee/injury/Injury-Report_2019-07-13_08PM.pdf
2026-08-18 09:25:17,282 INFO Direct NBA day 206/306: 2019-07-13, 3 discovered -> 0 selected
2026-08-18 09:25:46,293 INFO Skipped non-substantive snapshot (no date/matchup pairs): timestamp=2019-07-14T13:30:00 source_url=https://ak-static.cms.nba.com/referee/injury/Injury-Report_2019-07-14_01PM.pdf
2026-08-18 09:25:46,305 INFO Skipped non-substantive snapshot (no date/matchup pairs): timestamp=2019-07-14T17:30:00 source_url=https://ak-static.cms.nba.com/referee/injury/Injury-Report_2019-07-14_05PM.pdf
2026-08-18 09:25:46,317 INFO Skipped non-substantive snapshot (no date/matchup pairs): timestamp=2019-07-14T20:30:00 source_url=https://ak-static.cms.nba.com/referee/injury/Injury-Report_2019-07-14_08PM.pdf
2026-08-18 09:25:46,317 INFO Direct NBA day 207/306: 2019-07-14, 3 discovered -> 0 selected
2026-08-18 09:26:15,038 INFO Skipped non-substantive snapshot (no date/matchup pairs): timestamp=2019-07-15T13:30:00 source_url=https://ak-static.cms.nba.com/referee/injury/Injury-Report_2019-07-15_01PM.pdf
2026-08-18 09:26:15,048 INFO Skipped non-substantive snapshot (no date/matchup pairs): timestamp=2019-07-15T17:30:00 source_url=https://ak-static.cms.nba.com/referee/injury/Injury-Report_2019-07-15_05PM.pdf
2026-08-18 09:26:15,057 INFO Skipped non-substantive snapshot (no date/matchup pairs): timestamp=2019-07-15T20:30:00 source_url=https://ak-static.cms.nba.com/referee/injury/Injury-Report_2019-07-15_08PM.pdf
2026-08-18 09:26:15,057 INFO Direct NBA day 208/306: 2019-07-15, 3 discovered -> 0 selected
2026-08-18 09:26:41,372 INFO Direct NBA day 209/306: 2019-07-16, 0 discovered -> 0 selected
2026-08-18 09:27:07,091 INFO Direct NBA day 210/306: 2019-07-17, 0 discovered -> 0 selected
2026-08-18 09:27:33,123 INFO Direct NBA day 211/306: 2019-07-18, 0 discovered -> 0 selected
2026-08-18 09:27:59,604 INFO Direct NBA day 212/306: 2019-07-19, 0 discovered -> 0 selected
2026-08-18 09:28:25,837 INFO Direct NBA day 213/306: 2019-07-20, 0 discovered -> 0 selected
2026-08-18 09:28:51,932 INFO Direct NBA day 214/306: 2019-07-21, 0 discovered -> 0 selected
2026-08-18 09:29:18,892 INFO Direct NBA day 215/306: 2019-07-22, 0 discovered -> 0 selected
2026-08-18 09:29:44,592 INFO Direct NBA day 216/306: 2019-07-23, 0 discovered -> 0 selected
2026-08-18 09:30:10,844 INFO Direct NBA day 217/306: 2019-07-24, 0 discovered -> 0 selected
2026-08-18 09:30:37,262 INFO Direct NBA day 218/306: 2019-07-25, 0 discovered -> 0 selected
2026-08-18 09:31:03,816 INFO Direct NBA day 219/306: 2019-07-26, 0 discovered -> 0 selected
2026-08-18 09:31:29,920 INFO Direct NBA day 220/306: 2019-07-27, 0 discovered -> 0 selected
2026-08-18 09:31:55,606 INFO Direct NBA day 221/306: 2019-07-28, 0 discovered -> 0 selected
2026-08-18 09:32:21,670 INFO Direct NBA day 222/306: 2019-07-29, 0 discovered -> 0 selected
2026-08-18 09:32:47,427 INFO Direct NBA day 223/306: 2019-07-30, 0 discovered -> 0 selected
2026-08-18 09:33:13,686 INFO Direct NBA day 224/306: 2019-07-31, 0 discovered -> 0 selected
2026-08-18 09:33:39,986 INFO Direct NBA day 225/306: 2019-08-01, 0 discovered -> 0 selected
2026-08-18 09:34:06,074 INFO Direct NBA day 226/306: 2019-08-02, 0 discovered -> 0 selected
2026-08-18 09:34:32,227 INFO Direct NBA day 227/306: 2019-08-03, 0 discovered -> 0 selected
2026-08-18 09:34:57,882 INFO Direct NBA day 228/306: 2019-08-04, 0 discovered -> 0 selected
2026-08-18 09:35:24,240 INFO Direct NBA day 229/306: 2019-08-05, 0 discovered -> 0 selected
2026-08-18 09:35:50,167 INFO Direct NBA day 230/306: 2019-08-06, 0 discovered -> 0 selected
2026-08-18 09:36:16,153 INFO Direct NBA day 231/306: 2019-08-07, 0 discovered -> 0 selected
2026-08-18 09:36:42,997 INFO Direct NBA day 232/306: 2019-08-08, 0 discovered -> 0 selected
2026-08-18 09:37:09,221 INFO Direct NBA day 233/306: 2019-08-09, 0 discovered -> 0 selected
2026-08-18 09:37:34,861 INFO Direct NBA day 234/306: 2019-08-10, 0 discovered -> 0 selected
2026-08-18 09:38:00,706 INFO Direct NBA day 235/306: 2019-08-11, 0 discovered -> 0 selected
2026-08-18 09:38:27,013 INFO Direct NBA day 236/306: 2019-08-12, 0 discovered -> 0 selected
2026-08-18 09:38:53,273 INFO Direct NBA day 237/306: 2019-08-13, 0 discovered -> 0 selected
2026-08-18 09:39:19,370 INFO Direct NBA day 238/306: 2019-08-14, 0 discovered -> 0 selected
2026-08-18 09:39:45,554 INFO Direct NBA day 239/306: 2019-08-15, 0 discovered -> 0 selected
2026-08-18 09:40:11,625 INFO Direct NBA day 240/306: 2019-08-16, 0 discovered -> 0 selected
2026-08-18 09:40:38,095 INFO Direct NBA day 241/306: 2019-08-17, 0 discovered -> 0 selected
2026-08-18 09:41:04,554 INFO Direct NBA day 242/306: 2019-08-18, 0 discovered -> 0 selected
2026-08-18 09:41:30,379 INFO Direct NBA day 243/306: 2019-08-19, 0 discovered -> 0 selected
2026-08-18 09:41:56,593 INFO Direct NBA day 244/306: 2019-08-20, 0 discovered -> 0 selected
2026-08-18 09:42:22,566 INFO Direct NBA day 245/306: 2019-08-21, 0 discovered -> 0 selected
2026-08-18 09:42:48,484 INFO Direct NBA day 246/306: 2019-08-22, 0 discovered -> 0 selected
2026-08-18 09:43:14,600 INFO Direct NBA day 247/306: 2019-08-23, 0 discovered -> 0 selected
2026-08-18 09:43:40,426 INFO Direct NBA day 248/306: 2019-08-24, 0 discovered -> 0 selected
2026-08-18 09:44:06,230 INFO Direct NBA day 249/306: 2019-08-25, 0 discovered -> 0 selected
2026-08-18 09:44:32,606 INFO Direct NBA day 250/306: 2019-08-26, 0 discovered -> 0 selected
2026-08-18 09:44:58,719 INFO Direct NBA day 251/306: 2019-08-27, 0 discovered -> 0 selected
2026-08-18 09:45:24,597 INFO Direct NBA day 252/306: 2019-08-28, 0 discovered -> 0 selected
2026-08-18 09:45:50,529 INFO Direct NBA day 253/306: 2019-08-29, 0 discovered -> 0 selected
2026-08-18 09:46:16,500 INFO Direct NBA day 254/306: 2019-08-30, 0 discovered -> 0 selected
2026-08-18 09:46:43,046 INFO Direct NBA day 255/306: 2019-08-31, 0 discovered -> 0 selected
2026-08-18 09:47:09,360 INFO Direct NBA day 256/306: 2019-09-01, 0 discovered -> 0 selected
2026-08-18 09:47:35,655 INFO Direct NBA day 257/306: 2019-09-02, 0 discovered -> 0 selected
2026-08-18 09:48:01,819 INFO Direct NBA day 258/306: 2019-09-03, 0 discovered -> 0 selected
2026-08-18 09:48:27,985 INFO Direct NBA day 259/306: 2019-09-04, 0 discovered -> 0 selected
2026-08-18 09:48:53,970 INFO Direct NBA day 260/306: 2019-09-05, 0 discovered -> 0 selected
2026-08-18 09:49:19,742 INFO Direct NBA day 261/306: 2019-09-06, 0 discovered -> 0 selected
2026-08-18 09:49:45,824 INFO Direct NBA day 262/306: 2019-09-07, 0 discovered -> 0 selected
2026-08-18 09:50:11,715 INFO Direct NBA day 263/306: 2019-09-08, 0 discovered -> 0 selected
2026-08-18 09:50:38,058 INFO Direct NBA day 264/306: 2019-09-09, 0 discovered -> 0 selected
2026-08-18 09:51:03,950 INFO Direct NBA day 265/306: 2019-09-10, 0 discovered -> 0 selected
2026-08-18 09:51:29,771 INFO Direct NBA day 266/306: 2019-09-11, 0 discovered -> 0 selected
2026-08-18 09:51:56,033 INFO Direct NBA day 267/306: 2019-09-12, 0 discovered -> 0 selected
2026-08-18 09:52:22,497 INFO Direct NBA day 268/306: 2019-09-13, 0 discovered -> 0 selected
2026-08-18 09:52:48,796 INFO Direct NBA day 269/306: 2019-09-14, 0 discovered -> 0 selected
2026-08-18 09:53:14,652 INFO Direct NBA day 270/306: 2019-09-15, 0 discovered -> 0 selected
2026-08-18 09:53:41,000 INFO Direct NBA day 271/306: 2019-09-16, 0 discovered -> 0 selected
2026-08-18 09:54:06,948 INFO Direct NBA day 272/306: 2019-09-17, 0 discovered -> 0 selected
2026-08-18 09:54:33,062 INFO Direct NBA day 273/306: 2019-09-18, 0 discovered -> 0 selected
2026-08-18 09:54:59,198 INFO Direct NBA day 274/306: 2019-09-19, 0 discovered -> 0 selected
2026-08-18 09:55:25,291 INFO Direct NBA day 275/306: 2019-09-20, 0 discovered -> 0 selected
2026-08-18 09:55:51,538 INFO Direct NBA day 276/306: 2019-09-21, 0 discovered -> 0 selected
2026-08-18 09:56:17,415 INFO Direct NBA day 277/306: 2019-09-22, 0 discovered -> 0 selected
2026-08-18 09:56:43,304 INFO Direct NBA day 278/306: 2019-09-23, 0 discovered -> 0 selected
2026-08-18 09:57:09,292 INFO Direct NBA day 279/306: 2019-09-24, 0 discovered -> 0 selected
2026-08-18 09:57:35,430 INFO Direct NBA day 280/306: 2019-09-25, 0 discovered -> 0 selected
2026-08-18 09:58:01,364 INFO Direct NBA day 281/306: 2019-09-26, 0 discovered -> 0 selected
2026-08-18 09:58:27,418 INFO Direct NBA day 282/306: 2019-09-27, 0 discovered -> 0 selected
2026-08-18 09:58:53,129 INFO Direct NBA day 283/306: 2019-09-28, 0 discovered -> 0 selected
2026-08-18 09:59:22,051 INFO Skipped non-substantive snapshot (no date/matchup pairs): timestamp=2019-09-29T13:30:00 source_url=https://ak-static.cms.nba.com/referee/injury/Injury-Report_2019-09-29_01PM.pdf
2026-08-18 09:59:22,073 INFO Direct NBA day 284/306: 2019-09-29, 3 discovered -> 1 selected
2026-08-18 09:59:23,109 INFO NBA backfill checkpoint processed=1/1 parsed=1 missing=0 http_failed=0 invalid_pdf=0 parse_failed=0
2026-08-18 09:59:52,903 INFO Direct NBA day 285/306: 2019-09-30, 3 discovered -> 1 selected
2026-08-18 09:59:53,915 INFO NBA backfill checkpoint processed=1/1 parsed=1 missing=0 http_failed=0 invalid_pdf=0 parse_failed=0
2026-08-18 09:59:54,192 INFO Suppressed 2 entries from older reports for games superseded by newer snapshots on 2019-09-30
2026-08-18 10:00:20,335 INFO Direct NBA day 286/306: 2019-10-01, 0 discovered -> 0 selected
2026-08-18 10:00:45,996 INFO Direct NBA day 287/306: 2019-10-02, 0 discovered -> 0 selected
2026-08-18 10:01:14,921 INFO Direct NBA day 288/306: 2019-10-03, 3 discovered -> 1 selected
2026-08-18 10:01:15,963 INFO NBA backfill checkpoint processed=1/1 parsed=1 missing=0 http_failed=0 invalid_pdf=0 parse_failed=0
2026-08-18 10:01:45,319 INFO Direct NBA day 289/306: 2019-10-04, 3 discovered -> 1 selected
2026-08-18 10:01:46,343 INFO NBA backfill checkpoint processed=1/1 parsed=1 missing=0 http_failed=0 invalid_pdf=0 parse_failed=0
2026-08-18 10:01:46,646 INFO Suppressed 12 entries from older reports for games superseded by newer snapshots on 2019-10-04
2026-08-18 10:02:15,735 INFO Direct NBA day 290/306: 2019-10-05, 3 discovered -> 1 selected
2026-08-18 10:02:16,673 INFO NBA backfill checkpoint processed=1/1 parsed=1 missing=0 http_failed=0 invalid_pdf=0 parse_failed=0
2026-08-18 10:02:16,946 INFO Suppressed 5 entries from older reports for games superseded by newer snapshots on 2019-10-05
2026-08-18 10:02:46,338 INFO Direct NBA day 291/306: 2019-10-06, 3 discovered -> 1 selected
2026-08-18 10:02:47,262 INFO NBA backfill checkpoint processed=1/1 parsed=1 missing=0 http_failed=0 invalid_pdf=0 parse_failed=0
2026-08-18 10:02:47,558 INFO Suppressed 12 entries from older reports for games superseded by newer snapshots on 2019-10-06
2026-08-18 10:03:16,633 INFO Direct NBA day 292/306: 2019-10-07, 3 discovered -> 1 selected
2026-08-18 10:03:17,543 INFO NBA backfill checkpoint processed=1/1 parsed=1 missing=0 http_failed=0 invalid_pdf=0 parse_failed=0
2026-08-18 10:03:17,962 INFO Suppressed 62 entries from older reports for games superseded by newer snapshots on 2019-10-07
2026-08-18 10:03:47,047 INFO Direct NBA day 293/306: 2019-10-08, 3 discovered -> 1 selected
2026-08-18 10:03:47,933 INFO NBA backfill checkpoint processed=1/1 parsed=1 missing=0 http_failed=0 invalid_pdf=0 parse_failed=0
2026-08-18 10:03:48,541 INFO Suppressed 108 entries from older reports for games superseded by newer snapshots on 2019-10-08
2026-08-18 10:04:17,799 INFO Direct NBA day 294/306: 2019-10-09, 3 discovered -> 1 selected
2026-08-18 10:04:18,660 INFO NBA backfill checkpoint processed=1/1 parsed=1 missing=0 http_failed=0 invalid_pdf=0 parse_failed=0
2026-08-18 10:04:19,185 INFO Suppressed 106 entries from older reports for games superseded by newer snapshots on 2019-10-09
2026-08-18 10:04:48,602 INFO Direct NBA day 295/306: 2019-10-10, 3 discovered -> 1 selected
2026-08-18 10:04:49,102 INFO Suppressed 90 entries from older reports for games superseded by newer snapshots on 2019-10-10
2026-08-18 10:05:18,378 INFO Direct NBA day 296/306: 2019-10-11, 3 discovered -> 1 selected
2026-08-18 10:05:19,330 INFO NBA backfill checkpoint processed=1/1 parsed=1 missing=0 http_failed=0 invalid_pdf=0 parse_failed=0
2026-08-18 10:05:19,939 INFO Suppressed 149 entries from older reports for games superseded by newer snapshots on 2019-10-11
2026-08-18 10:05:49,107 INFO Direct NBA day 297/306: 2019-10-12, 3 discovered -> 1 selected
2026-08-18 10:05:49,510 INFO Suppressed 68 entries from older reports for games superseded by newer snapshots on 2019-10-12
2026-08-18 10:06:18,343 INFO Direct NBA day 298/306: 2019-10-13, 3 discovered -> 1 selected
2026-08-18 10:06:18,730 INFO Suppressed 50 entries from older reports for games superseded by newer snapshots on 2019-10-13
2026-08-18 10:06:48,170 INFO Direct NBA day 299/306: 2019-10-14, 3 discovered -> 1 selected
2026-08-18 10:06:49,024 INFO NBA backfill checkpoint processed=1/1 parsed=1 missing=0 http_failed=0 invalid_pdf=0 parse_failed=0
2026-08-18 10:06:49,472 INFO Suppressed 86 entries from older reports for games superseded by newer snapshots on 2019-10-14
2026-08-18 10:07:18,892 INFO Direct NBA day 300/306: 2019-10-15, 3 discovered -> 1 selected
2026-08-18 10:07:19,377 INFO Suppressed 93 entries from older reports for games superseded by newer snapshots on 2019-10-15
2026-08-18 10:07:48,680 INFO Direct NBA day 301/306: 2019-10-16, 3 discovered -> 1 selected
2026-08-18 10:07:49,229 INFO Suppressed 92 entries from older reports for games superseded by newer snapshots on 2019-10-16
2026-08-18 10:08:18,195 INFO Direct NBA day 302/306: 2019-10-17, 3 discovered -> 1 selected
2026-08-18 10:08:18,616 INFO Suppressed 53 entries from older reports for games superseded by newer snapshots on 2019-10-17
2026-08-18 10:08:47,706 INFO Direct NBA day 303/306: 2019-10-18, 3 discovered -> 1 selected
2026-08-18 10:08:48,088 INFO Suppressed 47 entries from older reports for games superseded by newer snapshots on 2019-10-18
2026-08-18 10:09:13,861 INFO Direct NBA day 304/306: 2019-10-19, 0 discovered -> 0 selected
2026-08-18 10:09:39,852 INFO Direct NBA day 305/306: 2019-10-20, 0 discovered -> 0 selected
2026-08-18 10:10:09,084 INFO Direct NBA day 306/306: 2019-10-21, 3 discovered -> 1 selected
{"already_known": 0, "archive_urls_discovered": 182, "candidates_already_known": 40, "candidates_inserted": 142, "discovered": 0, "downloaded": 142, "entries_inserted": 9706, "http_failures": 0, "invalid_pdfs": 0, "missing": 0, "parse_failures": 0, "parsed": 142}
